Archive member included to satisfy reference by file (symbol)

/Applications/STM32CubeIDE.app/Contents/Eclipse/plugins/com.st.stm32cube.ide.mcu.externaltools.gnu-tools-for-stm32.13.3.rel1.macos64_1.0.0.202411102158/tools/bin/../lib/gcc/arm-none-eabi/13.3.1/../../../../arm-none-eabi/lib/thumb/v7e-m+fp/hard/libc_nano.a(libc_a-exit.o)
                              /Applications/STM32CubeIDE.app/Contents/Eclipse/plugins/com.st.stm32cube.ide.mcu.externaltools.gnu-tools-for-stm32.13.3.rel1.macos64_1.0.0.202411102158/tools/bin/../lib/gcc/arm-none-eabi/13.3.1/../../../../arm-none-eabi/lib/thumb/v7e-m+fp/hard/crt0.o (exit)
/Applications/STM32CubeIDE.app/Contents/Eclipse/plugins/com.st.stm32cube.ide.mcu.externaltools.gnu-tools-for-stm32.13.3.rel1.macos64_1.0.0.202411102158/tools/bin/../lib/gcc/arm-none-eabi/13.3.1/../../../../arm-none-eabi/lib/thumb/v7e-m+fp/hard/libc_nano.a(libc_a-sprintf.o)
                              ./Core/Src/uart.o (sprintf)
/Applications/STM32CubeIDE.app/Contents/Eclipse/plugins/com.st.stm32cube.ide.mcu.externaltools.gnu-tools-for-stm32.13.3.rel1.macos64_1.0.0.202411102158/tools/bin/../lib/gcc/arm-none-eabi/13.3.1/../../../../arm-none-eabi/lib/thumb/v7e-m+fp/hard/libc_nano.a(libc_a-findfp.o)
                              /Applications/STM32CubeIDE.app/Contents/Eclipse/plugins/com.st.stm32cube.ide.mcu.externaltools.gnu-tools-for-stm32.13.3.rel1.macos64_1.0.0.202411102158/tools/bin/../lib/gcc/arm-none-eabi/13.3.1/../../../../arm-none-eabi/lib/thumb/v7e-m+fp/hard/libc_nano.a(libc_a-exit.o) (__stdio_exit_handler)
/Applications/STM32CubeIDE.app/Contents/Eclipse/plugins/com.st.stm32cube.ide.mcu.externaltools.gnu-tools-for-stm32.13.3.rel1.macos64_1.0.0.202411102158/tools/bin/../lib/gcc/arm-none-eabi/13.3.1/../../../../arm-none-eabi/lib/thumb/v7e-m+fp/hard/libc_nano.a(libc_a-fwalk.o)
                              /Applications/STM32CubeIDE.app/Contents/Eclipse/plugins/com.st.stm32cube.ide.mcu.externaltools.gnu-tools-for-stm32.13.3.rel1.macos64_1.0.0.202411102158/tools/bin/../lib/gcc/arm-none-eabi/13.3.1/../../../../arm-none-eabi/lib/thumb/v7e-m+fp/hard/libc_nano.a(libc_a-findfp.o) (_fwalk_sglue)
/Applications/STM32CubeIDE.app/Contents/Eclipse/plugins/com.st.stm32cube.ide.mcu.externaltools.gnu-tools-for-stm32.13.3.rel1.macos64_1.0.0.202411102158/tools/bin/../lib/gcc/arm-none-eabi/13.3.1/../../../../arm-none-eabi/lib/thumb/v7e-m+fp/hard/libc_nano.a(libc_a-memset.o)
                              /Applications/STM32CubeIDE.app/Contents/Eclipse/plugins/com.st.stm32cube.ide.mcu.externaltools.gnu-tools-for-stm32.13.3.rel1.macos64_1.0.0.202411102158/tools/bin/../lib/gcc/arm-none-eabi/13.3.1/../../../../arm-none-eabi/lib/thumb/v7e-m+fp/hard/crt0.o (memset)
/Applications/STM32CubeIDE.app/Contents/Eclipse/plugins/com.st.stm32cube.ide.mcu.externaltools.gnu-tools-for-stm32.13.3.rel1.macos64_1.0.0.202411102158/tools/bin/../lib/gcc/arm-none-eabi/13.3.1/../../../../arm-none-eabi/lib/thumb/v7e-m+fp/hard/libc_nano.a(libc_a-strncmp.o)
                              ./Core/Src/shotclock.o (strncmp)
/Applications/STM32CubeIDE.app/Contents/Eclipse/plugins/com.st.stm32cube.ide.mcu.externaltools.gnu-tools-for-stm32.13.3.rel1.macos64_1.0.0.202411102158/tools/bin/../lib/gcc/arm-none-eabi/13.3.1/../../../../arm-none-eabi/lib/thumb/v7e-m+fp/hard/libc_nano.a(libc_a-errno.o)
                              ./Core/Src/syscalls.o (__errno)
/Applications/STM32CubeIDE.app/Contents/Eclipse/plugins/com.st.stm32cube.ide.mcu.externaltools.gnu-tools-for-stm32.13.3.rel1.macos64_1.0.0.202411102158/tools/bin/../lib/gcc/arm-none-eabi/13.3.1/../../../../arm-none-eabi/lib/thumb/v7e-m+fp/hard/libc_nano.a(libc_a-init.o)
                              /Applications/STM32CubeIDE.app/Contents/Eclipse/plugins/com.st.stm32cube.ide.mcu.externaltools.gnu-tools-for-stm32.13.3.rel1.macos64_1.0.0.202411102158/tools/bin/../lib/gcc/arm-none-eabi/13.3.1/../../../../arm-none-eabi/lib/thumb/v7e-m+fp/hard/crt0.o (__libc_init_array)
/Applications/STM32CubeIDE.app/Contents/Eclipse/plugins/com.st.stm32cube.ide.mcu.externaltools.gnu-tools-for-stm32.13.3.rel1.macos64_1.0.0.202411102158/tools/bin/../lib/gcc/arm-none-eabi/13.3.1/../../../../arm-none-eabi/lib/thumb/v7e-m+fp/hard/libc_nano.a(libc_a-lock.o)
                              /Applications/STM32CubeIDE.app/Contents/Eclipse/plugins/com.st.stm32cube.ide.mcu.externaltools.gnu-tools-for-stm32.13.3.rel1.macos64_1.0.0.202411102158/tools/bin/../lib/gcc/arm-none-eabi/13.3.1/../../../../arm-none-eabi/lib/thumb/v7e-m+fp/hard/libc_nano.a(libc_a-findfp.o) (__retarget_lock_init_recursive)
/Applications/STM32CubeIDE.app/Contents/Eclipse/plugins/com.st.stm32cube.ide.mcu.externaltools.gnu-tools-for-stm32.13.3.rel1.macos64_1.0.0.202411102158/tools/bin/../lib/gcc/arm-none-eabi/13.3.1/../../../../arm-none-eabi/lib/thumb/v7e-m+fp/hard/libc_nano.a(libc_a-impure.o)
[...]
Memory Configuration

Name             Origin             Length             Attributes
RAM              0x20000000         0x00018000         xrw
RAM2             0x10000000         0x00008000         xrw
FLASH            0x08000000         0x00100000         xr
*default*        0x00000000         0xffffffff

Linker script and memory map

LOAD /Applications/STM32CubeIDE.app/Contents/Eclipse/plugins/com.st.stm32cube.ide.mcu.externaltools.gnu-tools-for-stm32.13.3.rel1.macos64_1.0.0.202411102158/tools/bin/../lib/gcc/arm-none-eabi/13.3.1/thumb/v7e-m+fp/hard/crti.o
LOAD /Applications/STM32CubeIDE.app/Contents/Eclipse/plugins/com.st.stm32cube.ide.mcu.externaltools.gnu-tools-for-stm32.13.3.rel1.macos64_1.0.0.202411102158/tools/bin/../lib/gcc/arm-none-eabi/13.3.1/thumb/v7e-m+fp/hard/crtbegin.o
LOAD /Applications/STM32CubeIDE.app/Contents/Eclipse/plugins/com.st.stm32cube.ide.mcu.externaltools.gnu-tools-for-stm32.13.3.rel1.macos64_1.0.0.202411102158/tools/bin/../lib/gcc/arm-none-eabi/13.3.1/../../../../arm-none-eabi/lib/thumb/v7e-m+fp/hard/crt0.o
LOAD ./Core/Src/main.o
LOAD ./Core/Src/radio.o
LOAD ./Core/Src/receiver.o
LOAD ./Core/Src/shiftreg.o
LOAD ./Core/Src/shotclock.o
LOAD ./Core/Src/stm32l4xx_hal_msp.o
LOAD ./Core/Src/stm32l4xx_it.o
LOAD ./Core/Src/syscalls.o
LOAD ./Core/Src/sysmem.o
LOAD ./Core/Src/system_stm32l4xx.o
LOAD ./Core/Src/timer.o
LOAD ./Core/Src/uart.o
LOAD ./Core/Startup/startup_stm32l476rgtx.o
LOAD ./Drivers/STM32L4xx_HAL_Driver/Src/stm32l4xx_hal.o
LOAD ./Drivers/STM32L4xx_HAL_Driver/Src/stm32l4xx_hal_cortex.o
LOAD ./Drivers/STM32L4xx_HAL_Driver/Src/stm32l4xx_hal_dma.o
LOAD ./Drivers/STM32L4xx_HAL_Driver/Src/stm32l4xx_hal_dma_ex.o
LOAD ./Drivers/STM32L4xx_HAL_Driver/Src/stm32l4xx_hal_exti.o
LOAD ./Drivers/STM32L4xx_HAL_Driver/Src/stm32l4xx_hal_flash.o
LOAD ./Drivers/STM32L4xx_HAL_Driver/Src/stm32l4xx_hal_flash_ex.o
LOAD ./Drivers/STM32L4xx_HAL_Driver/Src/stm32l4xx_hal_flash_ramfunc.o
LOAD ./Drivers/STM32L4xx_HAL_Driver/Src/stm32l4xx_hal_gpio.o
LOAD ./Drivers/STM32L4xx_HAL_Driver/Src/stm32l4xx_hal_i2c.o
LOAD ./Drivers/STM32L4xx_HAL_Driver/Src/stm32l4xx_hal_i2c_ex.o
LOAD ./Drivers/STM32L4xx_HAL_Driver/Src/stm32l4xx_hal_pwr.o
LOAD ./Drivers/STM32L4xx_HAL_Driver/Src/stm32l4xx_hal_pwr_ex.o
LOAD ./Drivers/STM32L4xx_HAL_Driver/Src/stm32l4xx_hal_rcc.o
LOAD ./Drivers/STM32L4xx_HAL_Driver/Src/stm32l4xx_hal_rcc_ex.o
LOAD ./Drivers/STM32L4xx_HAL_Driver/Src/stm32l4xx_hal_spi.o
LOAD ./Drivers/STM32L4xx_HAL_Driver/Src/stm32l4xx_hal_spi_ex.o
LOAD ./Drivers/STM32L4xx_HAL_Driver/Src/stm32l4xx_hal_tim.o
LOAD ./Drivers/STM32L4xx_HAL_Driver/Src/stm32l4xx_hal_tim_ex.o
LOAD ./Drivers/STM32L4xx_HAL_Driver/Src/stm32l4xx_hal_uart.o
LOAD ./Drivers/STM32L4xx_HAL_Driver/Src/stm32l4xx_hal_uart_ex.o
START GROUP
LOAD /Applications/STM32CubeIDE.app/Contents/Eclipse/plugins/com.st.stm32cube.ide.mcu.externaltools.gnu-tools-for-stm32.13.3.rel1.macos64_1.0.0.202411102158/tools/bin/../lib/gcc/arm-none-eabi/13.3.1/../../../../arm-none-eabi/lib/thumb/v7e-m+fp/hard/libc_nano.a
LOAD /Applications/STM32CubeIDE.app/Contents/Eclipse/plugins/com.st.stm32cube.ide.mcu.externaltools.gnu-tools-for-stm32.13.3.rel1.macos64_1.0.0.202411102158/tools/bin/../lib/gcc/arm-none-eabi/13.3.1/../../../../arm-none-eabi/lib/thumb/v7e-m+fp/hard/libm.a
END GROUP
START GROUP
LOAD /Applications/STM32CubeIDE.app/Contents/Eclipse/plugins/com.st.stm32cube.ide.mcu.externaltools.gnu-tools-for-stm32.13.3.rel1.macos64_1.0.0.202411102158/tools/bin/../lib/gcc/arm-none-eabi/13.3.1/thumb/v7e-m+fp/hard/libgcc.a
LOAD /Applications/STM32CubeIDE.app/Contents/Eclipse/plugins/com.st.stm32cube.ide.mcu.externaltools.gnu-tools-for-stm32.13.3.rel1.macos64_1.0.0.202411102158/tools/bin/../lib/gcc/arm-none-eabi/13.3.1/../../../../arm-none-eabi/lib/thumb/v7e-m+fp/hard/libc_nano.a
END GROUP
START GROUP
LOAD /Applications/STM32CubeIDE.app/Contents/Eclipse/plugins/com.st.stm32cube.ide.mcu.externaltools.gnu-tools-for-stm32.13.3.rel1.macos64_1.0.0.202411102158/tools/bin/../lib/gcc/arm-none-eabi/13.3.1/thumb/v7e-m+fp/hard/libgcc.a
LOAD /Applications/STM32CubeIDE.app/Contents/Eclipse/plugins/com.st.stm32cube.ide.mcu.externaltools.gnu-tools-for-stm32.13.3.rel1.macos64_1.0.0.202411102158/tools/bin/../lib/gcc/arm-none-eabi/13.3.1/../../../../arm-none-eabi/lib/thumb/v7e-m+fp/hard/libc_nano.a
LOAD /Applications/STM32CubeIDE.app/Contents/Eclipse/plugins/com.st.stm32cube.ide.mcu.externaltools.gnu-tools-for-stm32.13.3.rel1.macos64_1.0.0.202411102158/tools/bin/../lib/gcc/arm-none-eabi/13.3.1/../../../../arm-none-eabi/lib/thumb/v7e-m+fp/hard/libnosys.a
END GROUP
START GROUP
LOAD /Applications/STM32CubeIDE.app/Contents/Eclipse/plugins/com.st.stm32cube.ide.mcu.externaltools.gnu-tools-for-stm32.13.3.rel1.macos64_1.0.0.202411102158/tools/bin/../lib/gcc/arm-none-eabi/13.3.1/thumb/v7e-m+fp/hard/libgcc.a
LOAD /Applications/STM32CubeIDE.app/Contents/Eclipse/plugins/com.st.stm32cube.ide.mcu.externaltools.gnu-tools-for-stm32.13.3.rel1.macos64_1.0.0.202411102158/tools/bin/../lib/gcc/arm-none-eabi/13.3.1/../../../../arm-none-eabi/lib/thumb/v7e-m+fp/hard/libc_nano.a
LOAD /Applications/STM32CubeIDE.app/Contents/Eclipse/plugins/com.st.stm32cube.ide.mcu.externaltools.gnu-tools-for-stm32.13.3.rel1.macos64_1.0.0.202411102158/tools/bin/../lib/gcc/arm-none-eabi/13.3.1/../../../../arm-none-eabi/lib/thumb/v7e-m+fp/hard/libnosys.a
END GROUP
LOAD /Applications/STM32CubeIDE.app/Contents/Eclipse/plugins/com.st.stm32cube.ide.mcu.externaltools.gnu-tools-for-stm32.13.3.rel1.macos64_1.0.0.202411102158/tools/bin/../lib/gcc/arm-none-eabi/13.3.1/thumb/v7e-m+fp/hard/crtend.o
LOAD /Applications/STM32CubeIDE.app/Contents/Eclipse/plugins/com.st.stm32cube.ide.mcu.externaltools.gnu-tools-for-stm32.13.3.rel1.macos64_1.0.0.202411102158/tools/bin/../lib/gcc/arm-none-eabi/13.3.1/thumb/v7e-m+fp/hard/crtn.o
                0x20018000                        _estack = (ORIGIN (RAM) + LENGTH (RAM))
                0x00000200                        _Min_Heap_Size = 0x200
                0x00000400                        _Min_Stack_Size = 0x400

.isr_vector     0x08000000      0x188
                0x08000000                        . = ALIGN (0x4)
 *(.isr_vector)
 .isr_vector    0x08000000      0x188 ./Core/Startup/startup_stm32l476rgtx.o
                0x08000000                g_pfnVectors
                0x08000188                        . = ALIGN (0x4)

.text           0x08000188     0x61b4
                0x08000188                        . = ALIGN (0x4)
 *(.text)
 .text          0x08000188       0x40 /Applications/STM32CubeIDE.app/Contents/Eclipse/plugins/com.st.stm32cube.ide.mcu.externaltools.gnu-tools-for-stm32.13.3.rel1.macos64_1.0.0.202411102158/tools/bin/../lib/gcc/arm-none-eabi/13.3.1/thumb/v7e-m+fp/hard/crtbegin.o
 .text          0x080001c8       0x30 /Applications/STM32CubeIDE.app/Contents/Eclipse/plugins/com.st.stm32cube.ide.mcu.externaltools.gnu-tools-for-stm32.13.3.rel1.macos64_1.0.0.202411102158/tools/bin/../lib/gcc/arm-none-eabi/13.3.1/thumb/v7e-m+fp/hard/libgcc.a(_aeabi_uldivmod.o)
                0x080001c8                __aeabi_uldivmod
 .text          0x080001f8      0x2f8 /Applications/STM32CubeIDE.app/Contents/Eclipse/plugins/com.st.stm32cube.ide.mcu.externaltools.gnu-tools-for-stm32.13.3.rel1.macos64_1.0.0.202411102158/tools/bin/../lib/gcc/arm-none-eabi/13.3.1/thumb/v7e-m+fp/hard/libgcc.a(_udivmoddi4.o)
                0x080001f8                __udivmoddi4
 .text          0x080004f0        0x4 /Applications/STM32CubeIDE.app/Contents/Eclipse/plugins/com.st.stm32cube.ide.mcu.externaltools.gnu-tools-for-stm32.13.3.rel1.macos64_1.0.0.202411102158/tools/bin/../lib/gcc/arm-none-eabi/13.3.1/thumb/v7e-m+fp/hard/libgcc.a(_dvmd_tls.o)
                0x080004f0                __aeabi_ldiv0
                0x080004f0                __aeabi_idiv0
 *(.text*)
 .text.HAL_GPIO_EXTI_Callback
                0x080004f4       0x1a ./Core/Src/main.o
                0x080004f4                HAL_GPIO_EXTI_Callback
 .text.HAL_UART_RxCpltCallback
                0x0800050e       0x14 ./Core/Src/main.o
                0x0800050e                HAL_UART_RxCpltCallback
 .text.HAL_TIM_PeriodElapsedCallback
                0x08000522       0x14 ./Core/Src/main.o
                0x08000522                HAL_TIM_PeriodElapsedCallback
 *fill*         0x08000536        0x2 
 .text.main     0x08000538       0x6c ./Core/Src/main.o
                0x08000538                main
 .text.SystemClock_Config
                0x080005a4       0xa2 ./Core/Src/main.o
                0x080005a4                SystemClock_Config
 *fill*         0x08000646        0x2 
 .text.MX_SPI1_Init
                0x08000648       0x7c ./Core/Src/main.o
 .text.MX_TIM2_Init
                0x080006c4       0x9c ./Core/Src/main.o
 .text.MX_TIM5_Init
                0x08000760       0xa0 ./Core/Src/main.o
 .text.MX_USART2_UART_Init
                0x08000800       0x60 ./Core/Src/main.o
 .text.MX_GPIO_Init
                0x08000860      0x118 ./Core/Src/main.o
 .text.Error_Handler
                0x08000978        0xc ./Core/Src/main.o
                0x08000978                Error_Handler
 .text.Radio_rx_init
                0x08000984       0x6c ./Core/Src/radio.o
                0x08000984                Radio_rx_init
 .text.Radio_rx_receive
                0x080009f0       0x1a ./Core/Src/radio.o
                0x080009f0                Radio_rx_receive
 .text.Radio_reset
                0x08000a0a       0xa8 ./Core/Src/radio.o
                0x08000a0a                Radio_reset
 .text.Radio_prx_mode
                0x08000ab2       0x2a ./Core/Src/radio.o
                0x08000ab2                Radio_prx_mode
 .text.Radio_read_rx_fifo
                0x08000adc       0x4c ./Core/Src/radio.o
                0x08000adc                Radio_read_rx_fifo
 .text.Radio_flush_rx_fifo
                0x08000b28       0x34 ./Core/Src/radio.o
                0x08000b28                Radio_flush_rx_fifo
 .text.Radio_flush_tx_fifo
                0x08000b5c       0x34 ./Core/Src/radio.o
                0x08000b5c                Radio_flush_tx_fifo
 .text.Radio_get_status
                0x08000b90       0x34 ./Core/Src/radio.o
                0x08000b90                Radio_get_status
 .text.Radio_rx_set_payload_widths
                0x08000bc4       0x1c ./Core/Src/radio.o
                0x08000bc4                Radio_rx_set_payload_widths
 .text.Radio_clear_rx_dr
                0x08000be0       0x28 ./Core/Src/radio.o
                0x08000be0                Radio_clear_rx_dr
 .text.Radio_power_up
                0x08000c08       0x2a ./Core/Src/radio.o
                0x08000c08                Radio_power_up
 .text.Radio_set_crc_length
                0x08000c32       0x46 ./Core/Src/radio.o
                0x08000c32                Radio_set_crc_length
 .text.Radio_set_address_widths
                0x08000c78       0x20 ./Core/Src/radio.o
                0x08000c78                Radio_set_address_widths
 .text.Radio_auto_retransmit_count
                0x08000c98       0x42 ./Core/Src/radio.o
                0x08000c98                Radio_auto_retransmit_count
 *fill*         0x08000cda        0x2 
 .text.Radio_auto_retransmit_delay
                0x08000cdc       0x50 ./Core/Src/radio.o
                0x08000cdc                Radio_auto_retransmit_delay
 .text.Radio_set_rf_channel
                0x08000d2c       0x26 ./Core/Src/radio.o
                0x08000d2c                Radio_set_rf_channel
 .text.Radio_set_rf_tx_output_power
                0x08000d52       0x3c ./Core/Src/radio.o
                0x08000d52                Radio_set_rf_tx_output_power
 .text.Radio_set_rf_air_data_rate
                0x08000d8e       0x52 ./Core/Src/radio.o
                0x08000d8e                Radio_set_rf_air_data_rate
 .text.cs_high  0x08000de0       0x18 ./Core/Src/radio.o
 .text.cs_low   0x08000df8       0x18 ./Core/Src/radio.o
 .text.ce_high  0x08000e10       0x18 ./Core/Src/radio.o
 .text.ce_low   0x08000e28       0x18 ./Core/Src/radio.o
 .text.read_register
                0x08000e40       0x50 ./Core/Src/radio.o
 .text.write_register
                0x08000e90       0x60 ./Core/Src/radio.o
 .text.Receiver_setup
                0x08000ef0       0x28 ./Core/Src/receiver.o
                0x08000ef0                Receiver_setup
 .text.Receiver_irq
                0x08000f18       0x40 ./Core/Src/receiver.o
                0x08000f18                Receiver_irq
 .text.Receiver_process
                0x08000f58       0x2c ./Core/Src/receiver.o
                0x08000f58                Receiver_process
 .text.ShiftReg_shift_in_data
                0x08000f84       0x88 ./Core/Src/shiftreg.o
                0x08000f84                ShiftReg_shift_in_data
 .text.set_RCK  0x0800100c       0x38 ./Core/Src/shiftreg.o
 .text.set_SRCK
                0x08001044       0x38 ./Core/Src/shiftreg.o
 .text.set_SIN  0x0800107c       0x38 ./Core/Src/shiftreg.o
 .text.Shotclock_UART_recv_callback
                0x080010b4       0x16 ./Core/Src/shotclock.o
                0x080010b4                Shotclock_UART_recv_callback
 *fill*         0x080010ca        0x2 
 .text.Shotclock_Radio_recv_callback
                0x080010cc       0x40 ./Core/Src/shotclock.o
                0x080010cc                Shotclock_Radio_recv_callback
 .text.Shotclock_process
                0x0800110c       0x14 ./Core/Src/shotclock.o
                0x0800110c                Shotclock_process
 .text.HAL_MspInit
                0x08001120       0x48 ./Core/Src/stm32l4xx_hal_msp.o
                0x08001120                HAL_MspInit
 .text.HAL_SPI_MspInit
                0x08001168       0x84 ./Core/Src/stm32l4xx_hal_msp.o
                0x08001168                HAL_SPI_MspInit
 .text.HAL_TIM_Base_MspInit
                0x080011ec       0x70 ./Core/Src/stm32l4xx_hal_msp.o
                0x080011ec                HAL_TIM_Base_MspInit
 .text.HAL_UART_MspInit
                0x0800125c       0xc8 ./Core/Src/stm32l4xx_hal_msp.o
                0x0800125c                HAL_UART_MspInit
 .text.NMI_Handler
                0x08001324        0x8 ./Core/Src/stm32l4xx_it.o
                0x08001324                NMI_Handler
 .text.HardFault_Handler
                0x0800132c        0x8 ./Core/Src/stm32l4xx_it.o
                0x0800132c                HardFault_Handler
 .text.MemManage_Handler
                0x08001334        0x8 ./Core/Src/stm32l4xx_it.o
                0x08001334                MemManage_Handler
 .text.BusFault_Handler
                0x0800133c        0x8 ./Core/Src/stm32l4xx_it.o
                0x0800133c                BusFault_Handler
 .text.UsageFault_Handler
                0x08001344        0x8 ./Core/Src/stm32l4xx_it.o
                0x08001344                UsageFault_Handler
 .text.SVC_Handler
                0x0800134c        0xe ./Core/Src/stm32l4xx_it.o
                0x0800134c                SVC_Handler
 .text.DebugMon_Handler
                0x0800135a        0xe ./Core/Src/stm32l4xx_it.o
                0x0800135a                DebugMon_Handler
 .text.PendSV_Handler
                0x08001368        0xe ./Core/Src/stm32l4xx_it.o
                0x08001368                PendSV_Handler
 .text.SysTick_Handler
                0x08001376        0xc ./Core/Src/stm32l4xx_it.o
                0x08001376                SysTick_Handler
 .text.EXTI9_5_IRQHandler
                0x08001382        0xe ./Core/Src/stm32l4xx_it.o
                0x08001382                EXTI9_5_IRQHandler
 .text.TIM2_IRQHandler
                0x08001390       0x14 ./Core/Src/stm32l4xx_it.o
                0x08001390                TIM2_IRQHandler
 .text.USART2_IRQHandler
                0x080013a4       0x14 ./Core/Src/stm32l4xx_it.o
                0x080013a4                USART2_IRQHandler
 .text.SystemInit
                0x080013b8       0x24 ./Core/Src/system_stm32l4xx.o
                0x080013b8                SystemInit
 .text.Timer_handle
                0x080013dc       0x18 ./Core/Src/timer.o
                0x080013dc                Timer_handle
 .text.Timer_set_ns_upcounter
                0x080013f4       0x20 ./Core/Src/timer.o
                0x080013f4                Timer_set_ns_upcounter
 .text.delay_ns
                0x08001414       0x38 ./Core/Src/timer.o
                0x08001414                delay_ns
 .text.UART_setup
                0x0800144c       0x34 ./Core/Src/uart.o
                0x0800144c                UART_setup
 .text.UART_irq
                0x08001480       0x18 ./Core/Src/uart.o
                0x08001480                UART_irq
 .text.UART_process
                0x08001498       0x44 ./Core/Src/uart.o
                0x08001498                UART_process
 .text.Reset_Handler
                0x080014dc       0x50 ./Core/Startup/startup_stm32l476rgtx.o
                0x080014dc                Reset_Handler
 .text.Default_Handler
                0x0800152c        0x2 ./Core/Startup/startup_stm32l476rgtx.o
                0x0800152c                TIM1_BRK_TIM15_IRQHandler
                0x0800152c                EXTI2_IRQHandler
                0x0800152c                TIM8_TRG_COM_IRQHandler
                0x0800152c                TIM8_CC_IRQHandler
                0x0800152c                TIM1_CC_IRQHandler
                0x0800152c                TSC_IRQHandler
                0x0800152c                TAMP_STAMP_IRQHandler
                0x0800152c                EXTI3_IRQHandler
                0x0800152c                LPTIM2_IRQHandler
                0x0800152c                DFSDM1_FLT1_IRQHandler
                0x0800152c                I2C3_ER_IRQHandler
                0x0800152c                DFSDM1_FLT2_IRQHandler
                0x0800152c                EXTI0_IRQHandler
                0x0800152c                I2C2_EV_IRQHandler
                0x0800152c                CAN1_RX0_IRQHandler
                0x0800152c                FPU_IRQHandler
                0x0800152c                TIM1_UP_TIM16_IRQHandler
                0x0800152c                ADC1_2_IRQHandler
                0x0800152c                SPI1_IRQHandler
                0x0800152c                TIM6_DAC_IRQHandler
                0x0800152c                TIM8_UP_IRQHandler
                0x0800152c                DMA2_Channel2_IRQHandler
                0x0800152c                DMA1_Channel4_IRQHandler
                0x0800152c                SAI2_IRQHandler
                0x0800152c                DFSDM1_FLT3_IRQHandler
                0x0800152c                USART3_IRQHandler
                0x0800152c                DMA1_Channel7_IRQHandler
                0x0800152c                CAN1_RX1_IRQHandler
                0x0800152c                LCD_IRQHandler
                0x0800152c                UART5_IRQHandler
                0x0800152c                ADC3_IRQHandler
                0x0800152c                TIM4_IRQHandler
                0x0800152c                DMA2_Channel1_IRQHandler
                0x0800152c                QUADSPI_IRQHandler
                0x0800152c                I2C1_EV_IRQHandler
                0x0800152c                DMA1_Channel6_IRQHandler
                0x0800152c                UART4_IRQHandler
                0x0800152c                DMA2_Channel4_IRQHandler
                0x0800152c                TIM3_IRQHandler
                0x0800152c                RCC_IRQHandler
                0x0800152c                DMA1_Channel1_IRQHandler
                0x0800152c                Default_Handler
                0x0800152c                DMA2_Channel7_IRQHandler
                0x0800152c                EXTI15_10_IRQHandler
                0x0800152c                TIM7_IRQHandler
                0x0800152c                SDMMC1_IRQHandler
                0x0800152c                TIM5_IRQHandler
                0x0800152c                I2C3_EV_IRQHandler
                0x0800152c                RTC_WKUP_IRQHandler
                0x0800152c                PVD_PVM_IRQHandler
                0x0800152c                SPI2_IRQHandler
                0x0800152c                CAN1_TX_IRQHandler
                0x0800152c                DMA2_Channel5_IRQHandler
                0x0800152c                DMA1_Channel5_IRQHandler
                0x0800152c                EXTI4_IRQHandler
                0x0800152c                RNG_IRQHandler
                0x0800152c                TIM1_TRG_COM_TIM17_IRQHandler
                0x0800152c                DMA1_Channel3_IRQHandler
                0x0800152c                COMP_IRQHandler
                0x0800152c                WWDG_IRQHandler
                0x0800152c                LPUART1_IRQHandler
                0x0800152c                DMA2_Channel6_IRQHandler
                0x0800152c                EXTI1_IRQHandler
                0x0800152c                DFSDM1_FLT0_IRQHandler
                0x0800152c                I2C2_ER_IRQHandler
                0x0800152c                DMA1_Channel2_IRQHandler
                0x0800152c                TIM8_BRK_IRQHandler
                0x0800152c                CAN1_SCE_IRQHandler
                0x0800152c                FLASH_IRQHandler
                0x0800152c                USART1_IRQHandler
                0x0800152c                OTG_FS_IRQHandler
                0x0800152c                SPI3_IRQHandler
                0x0800152c                I2C1_ER_IRQHandler
                0x0800152c                FMC_IRQHandler
                0x0800152c                SWPMI1_IRQHandler
                0x0800152c                LPTIM1_IRQHandler
                0x0800152c                SAI1_IRQHandler
                0x0800152c                DMA2_Channel3_IRQHandler
                0x0800152c                RTC_Alarm_IRQHandler
 .text.HAL_Init
                0x0800152e       0x30 ./Drivers/STM32L4xx_HAL_Driver/Src/stm32l4xx_hal.o
                0x0800152e                HAL_Init
 *fill*         0x0800155e        0x2 
 .text.HAL_InitTick
                0x08001560       0x78 ./Drivers/STM32L4xx_HAL_Driver/Src/stm32l4xx_hal.o
                0x08001560                HAL_InitTick
 .text.HAL_IncTick
                0x080015d8       0x28 ./Drivers/STM32L4xx_HAL_Driver/Src/stm32l4xx_hal.o
                0x080015d8                HAL_IncTick
 .text.HAL_GetTick
                0x08001600       0x18 ./Drivers/STM32L4xx_HAL_Driver/Src/stm32l4xx_hal.o
                0x08001600                HAL_GetTick
 .text.HAL_Delay
                0x08001618       0x48 ./Drivers/STM32L4xx_HAL_Driver/Src/stm32l4xx_hal.o
                0x08001618                HAL_Delay
 .text.__NVIC_SetPriorityGrouping
                0x08001660       0x48 ./Drivers/STM32L4xx_HAL_Driver/Src/stm32l4xx_hal_cortex.o
 .text.__NVIC_GetPriorityGrouping
                0x080016a8       0x1c ./Drivers/STM32L4xx_HAL_Driver/Src/stm32l4xx_hal_cortex.o
 .text.__NVIC_EnableIRQ
                0x080016c4       0x3c ./Drivers/STM32L4xx_HAL_Driver/Src/stm32l4xx_hal_cortex.o
 .text.__NVIC_SetPriority
                0x08001700       0x54 ./Drivers/STM32L4xx_HAL_Driver/Src/stm32l4xx_hal_cortex.o
 .text.NVIC_EncodePriority
                0x08001754       0x66 ./Drivers/STM32L4xx_HAL_Driver/Src/stm32l4xx_hal_cortex.o
 *fill*         0x080017ba        0x2 
 .text.SysTick_Config
                0x080017bc       0x44 ./Drivers/STM32L4xx_HAL_Driver/Src/stm32l4xx_hal_cortex.o
 .text.HAL_NVIC_SetPriorityGrouping
                0x08001800       0x16 ./Drivers/STM32L4xx_HAL_Driver/Src/stm32l4xx_hal_cortex.o
                0x08001800                HAL_NVIC_SetPriorityGrouping
 .text.HAL_NVIC_SetPriority
                0x08001816       0x38 ./Drivers/STM32L4xx_HAL_Driver/Src/stm32l4xx_hal_cortex.o
                0x08001816                HAL_NVIC_SetPriority
 .text.HAL_NVIC_EnableIRQ
                0x0800184e       0x1c ./Drivers/STM32L4xx_HAL_Driver/Src/stm32l4xx_hal_cortex.o
                0x0800184e                HAL_NVIC_EnableIRQ
 .text.HAL_SYSTICK_Config
                0x0800186a       0x18 ./Drivers/STM32L4xx_HAL_Driver/Src/stm32l4xx_hal_cortex.o
                0x0800186a                HAL_SYSTICK_Config
 .text.HAL_DMA_Abort
                0x08001882       0x7c ./Drivers/STM32L4xx_HAL_Driver/Src/stm32l4xx_hal_dma.o
                0x08001882                HAL_DMA_Abort
 .text.HAL_DMA_Abort_IT
                0x080018fe       0x82 ./Drivers/STM32L4xx_HAL_Driver/Src/stm32l4xx_hal_dma.o
                0x080018fe                HAL_DMA_Abort_IT
 .text.HAL_GPIO_Init
                0x08001980      0x354 ./Drivers/STM32L4xx_HAL_Driver/Src/stm32l4xx_hal_gpio.o
                0x08001980                HAL_GPIO_Init
 .text.HAL_GPIO_WritePin
                0x08001cd4       0x30 ./Drivers/STM32L4xx_HAL_Driver/Src/stm32l4xx_hal_gpio.o
                0x08001cd4                HAL_GPIO_WritePin
 .text.HAL_GPIO_EXTI_IRQHandler
                0x08001d04       0x30 ./Drivers/STM32L4xx_HAL_Driver/Src/stm32l4xx_hal_gpio.o
                0x08001d04                HAL_GPIO_EXTI_IRQHandler
 .text.HAL_PWREx_GetVoltageRange
                0x08001d34       0x1c ./Drivers/STM32L4xx_HAL_Driver/Src/stm32l4xx_hal_pwr_ex.o
                0x08001d34                HAL_PWREx_GetVoltageRange
 .text.HAL_PWREx_ControlVoltageScaling
                0x08001d50       0xac ./Drivers/STM32L4xx_HAL_Driver/Src/stm32l4xx_hal_pwr_ex.o
                0x08001d50                HAL_PWREx_ControlVoltageScaling
 .text.HAL_RCC_OscConfig
                0x08001dfc      0x7b8 ./Drivers/STM32L4xx_HAL_Driver/Src/stm32l4xx_hal_rcc.o
                0x08001dfc                HAL_RCC_OscConfig
 .text.HAL_RCC_ClockConfig
                0x080025b4      0x200 ./Drivers/STM32L4xx_HAL_Driver/Src/stm32l4xx_hal_rcc.o
                0x080025b4                HAL_RCC_ClockConfig
 .text.HAL_RCC_GetSysClockFreq
                0x080027b4      0x118 ./Drivers/STM32L4xx_HAL_Driver/Src/stm32l4xx_hal_rcc.o
                0x080027b4                HAL_RCC_GetSysClockFreq
 .text.HAL_RCC_GetHCLKFreq
                0x080028cc       0x18 ./Drivers/STM32L4xx_HAL_Driver/Src/stm32l4xx_hal_rcc.o
                0x080028cc                HAL_RCC_GetHCLKFreq
 .text.HAL_RCC_GetPCLK1Freq
                0x080028e4       0x2c ./Drivers/STM32L4xx_HAL_Driver/Src/stm32l4xx_hal_rcc.o
                0x080028e4                HAL_RCC_GetPCLK1Freq
 .text.HAL_RCC_GetPCLK2Freq
                0x08002910       0x2c ./Drivers/STM32L4xx_HAL_Driver/Src/stm32l4xx_hal_rcc.o
                0x08002910                HAL_RCC_GetPCLK2Freq
 .text.RCC_SetFlashLatencyFromMSIRange
                0x0800293c       0xc0 ./Drivers/STM32L4xx_HAL_Driver/Src/stm32l4xx_hal_rcc.o
 .text.HAL_RCCEx_PeriphCLKConfig
                0x080029fc      0x5d4 ./Drivers/STM32L4xx_HAL_Driver/Src/stm32l4xx_hal_rcc_ex.o
                0x080029fc                HAL_RCCEx_PeriphCLKConfig
 .text.RCCEx_PLLSAI1_Config
                0x08002fd0      0x1e8 ./Drivers/STM32L4xx_HAL_Driver/Src/stm32l4xx_hal_rcc_ex.o
 .text.RCCEx_PLLSAI2_Config
                0x080031b8      0x1bc ./Drivers/STM32L4xx_HAL_Driver/Src/stm32l4xx_hal_rcc_ex.o
 .text.HAL_SPI_Init
                0x08003374      0x146 ./Drivers/STM32L4xx_HAL_Driver/Src/stm32l4xx_hal_spi.o
                0x08003374                HAL_SPI_Init
 .text.HAL_SPI_Transmit
                0x080034ba      0x2ec ./Drivers/STM32L4xx_HAL_Driver/Src/stm32l4xx_hal_spi.o
                0x080034ba                HAL_SPI_Transmit
 .text.HAL_SPI_Receive
                0x080037a6      0x270 ./Drivers/STM32L4xx_HAL_Driver/Src/stm32l4xx_hal_spi.o
                0x080037a6                HAL_SPI_Receive
 .text.HAL_SPI_TransmitReceive
                0x08003a16      0x43e ./Drivers/STM32L4xx_HAL_Driver/Src/stm32l4xx_hal_spi.o
                0x08003a16                HAL_SPI_TransmitReceive
 .text.SPI_WaitFlagStateUntilTimeout
                0x08003e54      0x110 ./Drivers/STM32L4xx_HAL_Driver/Src/stm32l4xx_hal_spi.o
 .text.SPI_WaitFifoStateUntilTimeout
                0x08003f64      0x12c ./Drivers/STM32L4xx_HAL_Driver/Src/stm32l4xx_hal_spi.o
 .text.SPI_EndRxTransaction
                0x08004090       0xb0 ./Drivers/STM32L4xx_HAL_Driver/Src/stm32l4xx_hal_spi.o
 .text.SPI_EndRxTxTransaction
                0x08004140       0x8c ./Drivers/STM32L4xx_HAL_Driver/Src/stm32l4xx_hal_spi.o
 .text.HAL_TIM_Base_Init
                0x080041cc       0xae ./Drivers/STM32L4xx_HAL_Driver/Src/stm32l4xx_hal_tim.o
                0x080041cc                HAL_TIM_Base_Init
 *fill*         0x0800427a        0x2 
 .text.HAL_TIM_Base_Start
                0x0800427c       0xd0 ./Drivers/STM32L4xx_HAL_Driver/Src/stm32l4xx_hal_tim.o
                0x0800427c                HAL_TIM_Base_Start
 .text.HAL_TIM_Base_Start_IT
                0x0800434c       0xe0 ./Drivers/STM32L4xx_HAL_Driver/Src/stm32l4xx_hal_tim.o
                0x0800434c                HAL_TIM_Base_Start_IT
 .text.HAL_TIM_IRQHandler
                0x0800442c      0x20e ./Drivers/STM32L4xx_HAL_Driver/Src/stm32l4xx_hal_tim.o
                0x0800442c                HAL_TIM_IRQHandler
 .text.HAL_TIM_ConfigClockSource
                0x0800463a      0x192 ./Drivers/STM32L4xx_HAL_Driver/Src/stm32l4xx_hal_tim.o
                0x0800463a                HAL_TIM_ConfigClockSource
 .text.HAL_TIM_OC_DelayElapsedCallback
                0x080047cc       0x14 ./Drivers/STM32L4xx_HAL_Driver/Src/stm32l4xx_hal_tim.o
                0x080047cc                HAL_TIM_OC_DelayElapsedCallback
 .text.HAL_TIM_IC_CaptureCallback
                0x080047e0       0x14 ./Drivers/STM32L4xx_HAL_Driver/Src/stm32l4xx_hal_tim.o
                0x080047e0                HAL_TIM_IC_CaptureCallback
 .text.HAL_TIM_PWM_PulseFinishedCallback
                0x080047f4       0x14 ./Drivers/STM32L4xx_HAL_Driver/Src/stm32l4xx_hal_tim.o
                0x080047f4                HAL_TIM_PWM_PulseFinishedCallback
 .text.HAL_TIM_TriggerCallback
                0x08004808       0x14 ./Drivers/STM32L4xx_HAL_Driver/Src/stm32l4xx_hal_tim.o
                0x08004808                HAL_TIM_TriggerCallback
 .text.TIM_Base_SetConfig
                0x0800481c      0x14c ./Drivers/STM32L4xx_HAL_Driver/Src/stm32l4xx_hal_tim.o
                0x0800481c                TIM_Base_SetConfig
 .text.TIM_TI1_ConfigInputStage
                0x08004968       0x5e ./Drivers/STM32L4xx_HAL_Driver/Src/stm32l4xx_hal_tim.o
 .text.TIM_TI2_ConfigInputStage
                0x080049c6       0x60 ./Drivers/STM32L4xx_HAL_Driver/Src/stm32l4xx_hal_tim.o
 .text.TIM_ITRx_SetConfig
                0x08004a26       0x36 ./Drivers/STM32L4xx_HAL_Driver/Src/stm32l4xx_hal_tim.o
 .text.TIM_ETR_SetConfig
                0x08004a5c       0x40 ./Drivers/STM32L4xx_HAL_Driver/Src/stm32l4xx_hal_tim.o
                0x08004a5c                TIM_ETR_SetConfig
 .text.HAL_TIMEx_MasterConfigSynchronization
                0x08004a9c      0x110 ./Drivers/STM32L4xx_HAL_Driver/Src/stm32l4xx_hal_tim_ex.o
                0x08004a9c                HAL_TIMEx_MasterConfigSynchronization
 .text.HAL_TIMEx_CommutCallback
                0x08004bac       0x14 ./Drivers/STM32L4xx_HAL_Driver/Src/stm32l4xx_hal_tim_ex.o
                0x08004bac                HAL_TIMEx_CommutCallback
 .text.HAL_TIMEx_BreakCallback
                0x08004bc0       0x14 ./Drivers/STM32L4xx_HAL_Driver/Src/stm32l4xx_hal_tim_ex.o
                0x08004bc0                HAL_TIMEx_BreakCallback
 .text.HAL_TIMEx_Break2Callback
                0x08004bd4       0x14 ./Drivers/STM32L4xx_HAL_Driver/Src/stm32l4xx_hal_tim_ex.o
                0x08004bd4                HAL_TIMEx_Break2Callback
 .text.HAL_UART_Init
                0x08004be8       0x9c ./Drivers/STM32L4xx_HAL_Driver/Src/stm32l4xx_hal_uart.o
                0x08004be8                HAL_UART_Init
 .text.HAL_UART_Receive_IT
                0x08004c84       0x98 ./Drivers/STM32L4xx_HAL_Driver/Src/stm32l4xx_hal_uart.o
                0x08004c84                HAL_UART_Receive_IT
 .text.HAL_UART_IRQHandler
                0x08004d1c      0x60c ./Drivers/STM32L4xx_HAL_Driver/Src/stm32l4xx_hal_uart.o
                0x08004d1c                HAL_UART_IRQHandler
 .text.HAL_UART_TxCpltCallback
                0x08005328       0x14 ./Drivers/STM32L4xx_HAL_Driver/Src/stm32l4xx_hal_uart.o
                0x08005328                HAL_UART_TxCpltCallback
 .text.HAL_UART_ErrorCallback
                0x0800533c       0x14 ./Drivers/STM32L4xx_HAL_Driver/Src/stm32l4xx_hal_uart.o
                0x0800533c                HAL_UART_ErrorCallback
 .text.HAL_UARTEx_RxEventCallback
                0x08005350       0x18 ./Drivers/STM32L4xx_HAL_Driver/Src/stm32l4xx_hal_uart.o
                0x08005350                HAL_UARTEx_RxEventCallback
 .text.UART_SetConfig
                0x08005368      0x570 ./Drivers/STM32L4xx_HAL_Driver/Src/stm32l4xx_hal_uart.o
                0x08005368                UART_SetConfig
 .text.UART_AdvFeatureConfig
                0x080058d8      0x144 ./Drivers/STM32L4xx_HAL_Driver/Src/stm32l4xx_hal_uart.o
                0x080058d8                UART_AdvFeatureConfig
 .text.UART_CheckIdleState
                0x08005a1c      0x150 ./Drivers/STM32L4xx_HAL_Driver/Src/stm32l4xx_hal_uart.o
                0x08005a1c                UART_CheckIdleState
 .text.UART_WaitOnFlagUntilTimeout
                0x08005b6c       0xda ./Drivers/STM32L4xx_HAL_Driver/Src/stm32l4xx_hal_uart.o
                0x08005b6c                UART_WaitOnFlagUntilTimeout
 *fill*         0x08005c46        0x2 
 .text.UART_Start_Receive_IT
                0x08005c48      0x18c ./Drivers/STM32L4xx_HAL_Driver/Src/stm32l4xx_hal_uart.o
                0x08005c48                UART_Start_Receive_IT
 .text.UART_EndRxTransfer
                0x08005dd4       0xc8 ./Drivers/STM32L4xx_HAL_Driver/Src/stm32l4xx_hal_uart.o
 .text.UART_DMAAbortOnError
                0x08005e9c       0x2c ./Drivers/STM32L4xx_HAL_Driver/Src/stm32l4xx_hal_uart.o
 .text.UART_EndTransmit_IT
                0x08005ec8       0x54 ./Drivers/STM32L4xx_HAL_Driver/Src/stm32l4xx_hal_uart.o
 .text.UART_RxISR_8BIT
                0x08005f1c      0x1bc ./Drivers/STM32L4xx_HAL_Driver/Src/stm32l4xx_hal_uart.o
 .text.UART_RxISR_16BIT
                0x080060d8      0x1bc ./Drivers/STM32L4xx_HAL_Driver/Src/stm32l4xx_hal_uart.o
 .text.HAL_UARTEx_WakeupCallback
                0x08006294       0x14 ./Drivers/STM32L4xx_HAL_Driver/Src/stm32l4xx_hal_uart_ex.o
                0x08006294                HAL_UARTEx_WakeupCallback
 .text.memset   0x080062a8       0x10 /Applications/STM32CubeIDE.app/Contents/Eclipse/plugins/com.st.stm32cube.ide.mcu.externaltools.gnu-tools-for-stm32.13.3.rel1.macos64_1.0.0.202411102158/tools/bin/../lib/gcc/arm-none-eabi/13.3.1/../../../../arm-none-eabi/lib/thumb/v7e-m+fp/hard/libc_nano.a(libc_a-memset.o)
                0x080062a8                memset
 .text.strncmp  0x080062b8       0x24 /Applications/STM32CubeIDE.app/Contents/Eclipse/plugins/com.st.stm32cube.ide.mcu.externaltools.gnu-tools-for-stm32.13.3.rel1.macos64_1.0.0.202411102158/tools/bin/../lib/gcc/arm-none-eabi/13.3.1/../../../../arm-none-eabi/lib/thumb/v7e-m+fp/hard/libc_nano.a(libc_a-strncmp.o)
                0x080062b8                strncmp
 .text.__libc_init_array
                0x080062dc       0x48 /Applications/STM32CubeIDE.app/Contents/Eclipse/plugins/com.st.stm32cube.ide.mcu.externaltools.gnu-tools-for-stm32.13.3.rel1.macos64_1.0.0.202411102158/tools/bin/../lib/gcc/arm-none-eabi/13.3.1/../../../../arm-none-eabi/lib/thumb/v7e-m+fp/hard/libc_nano.a(libc_a-init.o)
                0x080062dc                __libc_init_array
 *(.glue_7)
 .glue_7        0x08006324        0x0 linker stubs
 *(.glue_7t)
 .glue_7t       0x08006324        0x0 linker stubs
 *(.eh_frame)
 .eh_frame      0x08006324        0x0 /Applications/STM32CubeIDE.app/Contents/Eclipse/plugins/com.st.stm32cube.ide.mcu.externaltools.gnu-tools-for-stm32.13.3.rel1.macos64_1.0.0.202411102158/tools/bin/../lib/gcc/arm-none-eabi/13.3.1/thumb/v7e-m+fp/hard/crtbegin.o
 *(.init)
 .init          0x08006324        0x4 /Applications/STM32CubeIDE.app/Contents/Eclipse/plugins/com.st.stm32cube.ide.mcu.externaltools.gnu-tools-for-stm32.13.3.rel1.macos64_1.0.0.202411102158/tools/bin/../lib/gcc/arm-none-eabi/13.3.1/thumb/v7e-m+fp/hard/crti.o
                0x08006324                _init
 .init          0x08006328        0x8 /Applications/STM32CubeIDE.app/Contents/Eclipse/plugins/com.st.stm32cube.ide.mcu.externaltools.gnu-tools-for-stm32.13.3.rel1.macos64_1.0.0.202411102158/tools/bin/../lib/gcc/arm-none-eabi/13.3.1/thumb/v7e-m+fp/hard/crtn.o
 *(.fini)
 .fini          0x08006330        0x4 /Applications/STM32CubeIDE.app/Contents/Eclipse/plugins/com.st.stm32cube.ide.mcu.externaltools.gnu-tools-for-stm32.13.3.rel1.macos64_1.0.0.202411102158/tools/bin/../lib/gcc/arm-none-eabi/13.3.1/thumb/v7e-m+fp/hard/crti.o
                0x08006330                _fini
 .fini          0x08006334        0x8 /Applications/STM32CubeIDE.app/Contents/Eclipse/plugins/com.st.stm32cube.ide.mcu.externaltools.gnu-tools-for-stm32.13.3.rel1.macos64_1.0.0.202411102158/tools/bin/../lib/gcc/arm-none-eabi/13.3.1/thumb/v7e-m+fp/hard/crtn.o
                0x0800633c                        . = ALIGN (0x4)
                0x0800633c                        _etext = .

.vfp11_veneer   0x0800633c        0x0
 .vfp11_veneer  0x0800633c        0x0 linker stubs

.v4_bx          0x0800633c        0x0
 .v4_bx         0x0800633c        0x0 linker stubs

.iplt           0x0800633c        0x0
 .iplt          0x0800633c        0x0 /Applications/STM32CubeIDE.app/Contents/Eclipse/plugins/com.st.stm32cube.ide.mcu.externaltools.gnu-tools-for-stm32.13.3.rel1.macos64_1.0.0.202411102158/tools/bin/../lib/gcc/arm-none-eabi/13.3.1/thumb/v7e-m+fp/hard/crtbegin.o

.rodata         0x0800633c       0x50
                0x0800633c                        . = ALIGN (0x4)
 *(.rodata)
 .rodata        0x0800633c        0x5 ./Core/Src/shotclock.o
 *(.rodata*)
 *fill*         0x08006341        0x3 
 .rodata.AHBPrescTable
                0x08006344       0x10 ./Core/Src/system_stm32l4xx.o
                0x08006344                AHBPrescTable
 .rodata.APBPrescTable
                0x08006354        0x8 ./Core/Src/system_stm32l4xx.o
                0x08006354                APBPrescTable
 .rodata.MSIRangeTable
                0x0800635c       0x30 ./Core/Src/system_stm32l4xx.o
                0x0800635c                MSIRangeTable
                0x0800638c                        . = ALIGN (0x4)

.ARM.extab      0x0800638c        0x0
                0x0800638c                        . = ALIGN (0x4)
 *(.ARM.extab* .gnu.linkonce.armextab.*)
                0x0800638c                        . = ALIGN (0x4)

.ARM            0x0800638c        0x8
                0x0800638c                        . = ALIGN (0x4)
                0x0800638c                        __exidx_start = .
 *(.ARM.exidx*)
 .ARM.exidx     0x0800638c        0x8 /Applications/STM32CubeIDE.app/Contents/Eclipse/plugins/com.st.stm32cube.ide.mcu.externaltools.gnu-tools-for-stm32.13.3.rel1.macos64_1.0.0.202411102158/tools/bin/../lib/gcc/arm-none-eabi/13.3.1/thumb/v7e-m+fp/hard/libgcc.a(_udivmoddi4.o)
                0x08006394                        __exidx_end = .
                0x08006394                        . = ALIGN (0x4)

.preinit_array  0x08006394        0x0
                0x08006394                        . = ALIGN (0x4)
                0x08006394                        PROVIDE (__preinit_array_start = .)
 *(.preinit_array*)
                0x08006394                        PROVIDE (__preinit_array_end = .)
                0x08006394                        . = ALIGN (0x4)

.init_array     0x08006394        0x4
                0x08006394                        . = ALIGN (0x4)
                0x08006394                        PROVIDE (__init_array_start = .)
 *(SORT_BY_NAME(.init_array.*))
 *(.init_array*)
 .init_array    0x08006394        0x4 /Applications/STM32CubeIDE.app/Contents/Eclipse/plugins/com.st.stm32cube.ide.mcu.externaltools.gnu-tools-for-stm32.13.3.rel1.macos64_1.0.0.202411102158/tools/bin/../lib/gcc/arm-none-eabi/13.3.1/thumb/v7e-m+fp/hard/crtbegin.o
                0x08006398                        PROVIDE (__init_array_end = .)
                0x08006398                        . = ALIGN (0x4)

.fini_array     0x08006398        0x4
                0x08006398                        . = ALIGN (0x4)
                [!provide]                        PROVIDE (__fini_array_start = .)
 *(SORT_BY_NAME(.fini_array.*))
 *(.fini_array*)
 .fini_array    0x08006398        0x4 /Applications/STM32CubeIDE.app/Contents/Eclipse/plugins/com.st.stm32cube.ide.mcu.externaltools.gnu-tools-for-stm32.13.3.rel1.macos64_1.0.0.202411102158/tools/bin/../lib/gcc/arm-none-eabi/13.3.1/thumb/v7e-m+fp/hard/crtbegin.o
                [!provide]                        PROVIDE (__fini_array_end = .)
                0x0800639c                        . = ALIGN (0x4)
                0x0800639c                        _sidata = LOADADDR (.data)

.rel.dyn        0x0800639c        0x0
 .rel.iplt      0x0800639c        0x0 /Applications/STM32CubeIDE.app/Contents/Eclipse/plugins/com.st.stm32cube.ide.mcu.externaltools.gnu-tools-for-stm32.13.3.rel1.macos64_1.0.0.202411102158/tools/bin/../lib/gcc/arm-none-eabi/13.3.1/thumb/v7e-m+fp/hard/crtbegin.o

.data           0x20000000       0x14 load address 0x0800639c
                0x20000000                        . = ALIGN (0x4)
                0x20000000                        _sdata = .
 *(.data)
 *(.data*)
 .data.test_data
                0x20000000        0x7 ./Core/Src/shotclock.o
 *fill*         0x20000007        0x1 
 .data.SystemCoreClock
                0x20000008        0x4 ./Core/Src/system_stm32l4xx.o
                0x20000008                SystemCoreClock
 .data.uwTickPrio
                0x2000000c        0x4 ./Drivers/STM32L4xx_HAL_Driver/Src/stm32l4xx_hal.o
                0x2000000c                uwTickPrio
 .data.uwTickFreq
                0x20000010        0x1 ./Drivers/STM32L4xx_HAL_Driver/Src/stm32l4xx_hal.o
                0x20000010                uwTickFreq
 *(.RamFunc)
 *(.RamFunc*)
                0x20000014                        . = ALIGN (0x4)
 *fill*         0x20000011        0x3 
                0x20000014                        _edata = .

.igot.plt       0x20000014        0x0 load address 0x080063b0
 .igot.plt      0x20000014        0x0 /Applications/STM32CubeIDE.app/Contents/Eclipse/plugins/com.st.stm32cube.ide.mcu.externaltools.gnu-tools-for-stm32.13.3.rel1.macos64_1.0.0.202411102158/tools/bin/../lib/gcc/arm-none-eabi/13.3.1/thumb/v7e-m+fp/hard/crtbegin.o
                0x20000014                        . = ALIGN (0x4)

.bss            0x20000014      0x1e8 load address 0x080063b0
                0x20000014                        _sbss = .
                0x20000014                        __bss_start__ = _sbss
 *(.bss)
 .bss           0x20000014       0x1c /Applications/STM32CubeIDE.app/Contents/Eclipse/plugins/com.st.stm32cube.ide.mcu.externaltools.gnu-tools-for-stm32.13.3.rel1.macos64_1.0.0.202411102158/tools/bin/../lib/gcc/arm-none-eabi/13.3.1/thumb/v7e-m+fp/hard/crtbegin.o
 *(.bss*)
 .bss.hspi1     0x20000030       0x64 ./Core/Src/main.o
                0x20000030                hspi1
 .bss.htim2     0x20000094       0x4c ./Core/Src/main.o
                0x20000094                htim2
 .bss.htim5     0x200000e0       0x4c ./Core/Src/main.o
                0x200000e0                htim5
 .bss.huart2    0x2000012c       0x88 ./Core/Src/main.o
                0x2000012c                huart2
 .bss.spi_handle
                0x200001b4        0x4 ./Core/Src/radio.o
 .bss.recved    0x200001b8        0x4 ./Core/Src/receiver.o
 .bss.recved_data
                0x200001bc       0x20 ./Core/Src/receiver.o
 .bss.SSEG_Data
                0x200001dc        0x7 ./Core/Src/shotclock.o
                0x200001dc                SSEG_Data
 *fill*         0x200001e3        0x1 
 .bss.Incoming_Command
                0x200001e4        0x4 ./Core/Src/shotclock.o
 .bss.htim_ns_upcounter
                0x200001e8        0x4 ./Core/Src/timer.o
 .bss.huart     0x200001ec        0x4 ./Core/Src/uart.o
 .bss.recvChar  0x200001f0        0x1 ./Core/Src/uart.o
 *fill*         0x200001f1        0x3 
 .bss.recved    0x200001f4        0x4 ./Core/Src/uart.o
 .bss.uwTick    0x200001f8        0x4 ./Drivers/STM32L4xx_HAL_Driver/Src/stm32l4xx_hal.o
                0x200001f8                uwTick
 *(COMMON)
                0x200001fc                        . = ALIGN (0x4)
                0x200001fc                        _ebss = .
                0x200001fc                        __bss_end__ = _ebss

._user_heap_stack
                0x200001fc      0x604 load address 0x080063b0
                0x20000200                        . = ALIGN (0x8)
 *fill*         0x200001fc        0x4 
                [!provide]                        PROVIDE (end = .)
                0x20000200                        PROVIDE (_end = .)
                0x20000400                        . = (. + _Min_Heap_Size)
 *fill*         0x20000200      0x200 
                0x20000800                        . = (. + _Min_Stack_Size)
 *fill*         0x20000400      0x400 
                0x20000800                        . = ALIGN (0x8)

/DISCARD/
 libc.a(*)
 libm.a(*)
 libgcc.a(*)

.ARM.attributes
                0x00000000       0x30
 *(.ARM.attributes)
 .ARM.attributes
                0x00000000       0x22 /Applications/STM32CubeIDE.app/Contents/Eclipse/plugins/com.st.stm32cube.ide.mcu.externaltools.gnu-tools-for-stm32.13.3.rel1.macos64_1.0.0.202411102158/tools/bin/../lib/gcc/arm-none-eabi/13.3.1/thumb/v7e-m+fp/hard/crti.o
 .ARM.attributes
                0x00000022       0x34 /Applications/STM32CubeIDE.app/Contents/Eclipse/plugins/com.st.stm32cube.ide.mcu.externaltools.gnu-tools-for-stm32.13.3.rel1.macos64_1.0.0.202411102158/tools/bin/../lib/gcc/arm-none-eabi/13.3.1/thumb/v7e-m+fp/hard/crtbegin.o
 .ARM.attributes
                0x00000056       0x34 ./Core/Src/main.o
 .ARM.attributes
                0x0000008a       0x34 ./Core/Src/radio.o
 .ARM.attributes
                0x000000be       0x34 ./Core/Src/receiver.o
 .ARM.attributes
                0x000000f2       0x34 ./Core/Src/shiftreg.o
 .ARM.attributes
                0x00000126       0x34 ./Core/Src/shotclock.o
 .ARM.attributes
                0x0000015a       0x34 ./Core/Src/stm32l4xx_hal_msp.o
 .ARM.attributes
                0x0000018e       0x34 ./Core/Src/stm32l4xx_it.o
 .ARM.attributes
                0x000001c2       0x34 ./Core/Src/system_stm32l4xx.o
 .ARM.attributes
                0x000001f6       0x34 ./Core/Src/timer.o
 .ARM.attributes
                0x0000022a       0x34 ./Core/Src/uart.o
 .ARM.attributes
                0x0000025e       0x21 ./Core/Startup/startup_stm32l476rgtx.o
 .ARM.attributes
                0x0000027f       0x34 ./Drivers/STM32L4xx_HAL_Driver/Src/stm32l4xx_hal.o
 .ARM.attributes
                0x000002b3       0x34 ./Drivers/STM32L4xx_HAL_Driver/Src/stm32l4xx_hal_cortex.o
 .ARM.attributes
                0x000002e7       0x34 ./Drivers/STM32L4xx_HAL_Driver/Src/stm32l4xx_hal_dma.o
 .ARM.attributes
                0x0000031b       0x34 ./Drivers/STM32L4xx_HAL_Driver/Src/stm32l4xx_hal_gpio.o
 .ARM.attributes
                0x0000034f       0x34 ./Drivers/STM32L4xx_HAL_Driver/Src/stm32l4xx_hal_pwr_ex.o
 .ARM.attributes
                0x00000383       0x34 ./Drivers/STM32L4xx_HAL_Driver/Src/stm32l4xx_hal_rcc.o
 .ARM.attributes
                0x000003b7       0x34 ./Drivers/STM32L4xx_HAL_Driver/Src/stm32l4xx_hal_rcc_ex.o
 .ARM.attributes
                0x000003eb       0x34 ./Drivers/STM32L4xx_HAL_Driver/Src/stm32l4xx_hal_spi.o
 .ARM.attributes
                0x0000041f       0x34 ./Drivers/STM32L4xx_HAL_Driver/Src/stm32l4xx_hal_tim.o
 .ARM.attributes
                0x00000453       0x34 ./Drivers/STM32L4xx_HAL_Driver/Src/stm32l4xx_hal_tim_ex.o
 .ARM.attributes
                0x00000487       0x34 ./Drivers/STM32L4xx_HAL_Driver/Src/stm32l4xx_hal_uart.o
 .ARM.attributes
                0x000004bb       0x34 ./Drivers/STM32L4xx_HAL_Driver/Src/stm32l4xx_hal_uart_ex.o
 .ARM.attributes
                0x000004ef       0x34 /Applications/STM32CubeIDE.app/Contents/Eclipse/plugins/com.st.stm32cube.ide.mcu.externaltools.gnu-tools-for-stm32.13.3.rel1.macos64_1.0.0.202411102158/tools/bin/../lib/gcc/arm-none-eabi/13.3.1/../../../../arm-none-eabi/lib/thumb/v7e-m+fp/hard/libc_nano.a(libc_a-memset.o)
 .ARM.attributes
                0x00000523       0x34 /Applications/STM32CubeIDE.app/Contents/Eclipse/plugins/com.st.stm32cube.ide.mcu.externaltools.gnu-tools-for-stm32.13.3.rel1.macos64_1.0.0.202411102158/tools/bin/../lib/gcc/arm-none-eabi/13.3.1/../../../../arm-none-eabi/lib/thumb/v7e-m+fp/hard/libc_nano.a(libc_a-strncmp.o)
 .ARM.attributes
                0x00000557       0x34 /Applications/STM32CubeIDE.app/Contents/Eclipse/plugins/com.st.stm32cube.ide.mcu.externaltools.gnu-tools-for-stm32.13.3.rel1.macos64_1.0.0.202411102158/tools/bin/../lib/gcc/arm-none-eabi/13.3.1/../../../../arm-none-eabi/lib/thumb/v7e-m+fp/hard/libc_nano.a(libc_a-init.o)
 .ARM.attributes
                0x0000058b       0x22 /Applications/STM32CubeIDE.app/Contents/Eclipse/plugins/com.st.stm32cube.ide.mcu.externaltools.gnu-tools-for-stm32.13.3.rel1.macos64_1.0.0.202411102158/tools/bin/../lib/gcc/arm-none-eabi/13.3.1/thumb/v7e-m+fp/hard/libgcc.a(_aeabi_uldivmod.o)
 .ARM.attributes
                0x000005ad       0x34 /Applications/STM32CubeIDE.app/Contents/Eclipse/plugins/com.st.stm32cube.ide.mcu.externaltools.gnu-tools-for-stm32.13.3.rel1.macos64_1.0.0.202411102158/tools/bin/../lib/gcc/arm-none-eabi/13.3.1/thumb/v7e-m+fp/hard/libgcc.a(_udivmoddi4.o)
 .ARM.attributes
                0x000005e1       0x22 /Applications/STM32CubeIDE.app/Contents/Eclipse/plugins/com.st.stm32cube.ide.mcu.externaltools.gnu-tools-for-stm32.13.3.rel1.macos64_1.0.0.202411102158/tools/bin/../lib/gcc/arm-none-eabi/13.3.1/thumb/v7e-m+fp/hard/libgcc.a(_dvmd_tls.o)
 .ARM.attributes
                0x00000603       0x22 /Applications/STM32CubeIDE.app/Contents/Eclipse/plugins/com.st.stm32cube.ide.mcu.externaltools.gnu-tools-for-stm32.13.3.rel1.macos64_1.0.0.202411102158/tools/bin/../lib/gcc/arm-none-eabi/13.3.1/thumb/v7e-m+fp/hard/crtn.o
OUTPUT(FinalProjectReceiver.elf elf32-littlearm)
LOAD linker stubs
LOAD /Applications/STM32CubeIDE.app/Contents/Eclipse/plugins/com.st.stm32cube.ide.mcu.externaltools.gnu-tools-for-stm32.13.3.rel1.macos64_1.0.0.202411102158/tools/bin/../lib/gcc/arm-none-eabi/13.3.1/../../../../arm-none-eabi/lib/thumb/v7e-m+fp/hard/libc.a
LOAD /Applications/STM32CubeIDE.app/Contents/Eclipse/plugins/com.st.stm32cube.ide.mcu.externaltools.gnu-tools-for-stm32.13.3.rel1.macos64_1.0.0.202411102158/tools/bin/../lib/gcc/arm-none-eabi/13.3.1/../../../../arm-none-eabi/lib/thumb/v7e-m+fp/hard/libm.a
LOAD /Applications/STM32CubeIDE.app/Contents/Eclipse/plugins/com.st.stm32cube.ide.mcu.externaltools.gnu-tools-for-stm32.13.3.rel1.macos64_1.0.0.202411102158/tools/bin/../lib/gcc/arm-none-eabi/13.3.1/thumb/v7e-m+fp/hard/libgcc.a

.debug_info     0x00000000    0x1538a
 .debug_info    0x00000000     0x18c9 ./Core/Src/main.o
 .debug_info    0x000018c9      0xd84 ./Core/Src/radio.o
 .debug_info    0x0000264d      0x697 ./Core/Src/receiver.o
 .debug_info    0x00002ce4      0x32f ./Core/Src/shiftreg.o
 .debug_info    0x00003013      0x1f2 ./Core/Src/shotclock.o
 .debug_info    0x00003205     0x16b2 ./Core/Src/stm32l4xx_hal_msp.o
 .debug_info    0x000048b7      0xaff ./Core/Src/stm32l4xx_it.o
 .debug_info    0x000053b6      0x5b1 ./Core/Src/system_stm32l4xx.o
 .debug_info    0x00005967      0x6e9 ./Core/Src/timer.o
 .debug_info    0x00006050      0x8a7 ./Core/Src/uart.o
 .debug_info    0x000068f7       0x30 ./Core/Startup/startup_stm32l476rgtx.o
 .debug_info    0x00006927      0xaeb ./Drivers/STM32L4xx_HAL_Driver/Src/stm32l4xx_hal.o
 .debug_info    0x00007412      0xd81 ./Drivers/STM32L4xx_HAL_Driver/Src/stm32l4xx_hal_cortex.o
 .debug_info    0x00008193      0x6f4 ./Drivers/STM32L4xx_HAL_Driver/Src/stm32l4xx_hal_dma.o
 .debug_info    0x00008887      0x757 ./Drivers/STM32L4xx_HAL_Driver/Src/stm32l4xx_hal_gpio.o
 .debug_info    0x00008fde      0x99e ./Drivers/STM32L4xx_HAL_Driver/Src/stm32l4xx_hal_pwr_ex.o
 .debug_info    0x0000997c      0xc14 ./Drivers/STM32L4xx_HAL_Driver/Src/stm32l4xx_hal_rcc.o
 .debug_info    0x0000a590      0xe11 ./Drivers/STM32L4xx_HAL_Driver/Src/stm32l4xx_hal_rcc_ex.o
 .debug_info    0x0000b3a1     0x1549 ./Drivers/STM32L4xx_HAL_Driver/Src/stm32l4xx_hal_spi.o
 .debug_info    0x0000c8ea     0x2a9a ./Drivers/STM32L4xx_HAL_Driver/Src/stm32l4xx_hal_tim.o
 .debug_info    0x0000f384     0x169e ./Drivers/STM32L4xx_HAL_Driver/Src/stm32l4xx_hal_tim_ex.o
 .debug_info    0x00010a22     0x3b69 ./Drivers/STM32L4xx_HAL_Driver/Src/stm32l4xx_hal_uart.o
 .debug_info    0x0001458b      0xdff ./Drivers/STM32L4xx_HAL_Driver/Src/stm32l4xx_hal_uart_ex.o

.debug_abbrev   0x00000000     0x30aa
 .debug_abbrev  0x00000000      0x2fa ./Core/Src/main.o
 .debug_abbrev  0x000002fa      0x315 ./Core/Src/radio.o
 .debug_abbrev  0x0000060f      0x1b3 ./Core/Src/receiver.o
 .debug_abbrev  0x000007c2      0x19f ./Core/Src/shiftreg.o
 .debug_abbrev  0x00000961      0x152 ./Core/Src/shotclock.o
 .debug_abbrev  0x00000ab3      0x21b ./Core/Src/stm32l4xx_hal_msp.o
 .debug_abbrev  0x00000cce      0x19b ./Core/Src/stm32l4xx_it.o
 .debug_abbrev  0x00000e69      0x11a ./Core/Src/system_stm32l4xx.o
 .debug_abbrev  0x00000f83      0x1a8 ./Core/Src/timer.o
 .debug_abbrev  0x0000112b      0x1fb ./Core/Src/uart.o
 .debug_abbrev  0x00001326       0x24 ./Core/Startup/startup_stm32l476rgtx.o
 .debug_abbrev  0x0000134a      0x242 ./Drivers/STM32L4xx_HAL_Driver/Src/stm32l4xx_hal.o
 .debug_abbrev  0x0000158c      0x31c ./Drivers/STM32L4xx_HAL_Driver/Src/stm32l4xx_hal_cortex.o
 .debug_abbrev  0x000018a8      0x1e4 ./Drivers/STM32L4xx_HAL_Driver/Src/stm32l4xx_hal_dma.o
 .debug_abbrev  0x00001a8c      0x1cb ./Drivers/STM32L4xx_HAL_Driver/Src/stm32l4xx_hal_gpio.o
 .debug_abbrev  0x00001c57      0x1f9 ./Drivers/STM32L4xx_HAL_Driver/Src/stm32l4xx_hal_pwr_ex.o
 .debug_abbrev  0x00001e50      0x2cb ./Drivers/STM32L4xx_HAL_Driver/Src/stm32l4xx_hal_rcc.o
 .debug_abbrev  0x0000211b      0x2a6 ./Drivers/STM32L4xx_HAL_Driver/Src/stm32l4xx_hal_rcc_ex.o
 .debug_abbrev  0x000023c1      0x260 ./Drivers/STM32L4xx_HAL_Driver/Src/stm32l4xx_hal_spi.o
 .debug_abbrev  0x00002621      0x278 ./Drivers/STM32L4xx_HAL_Driver/Src/stm32l4xx_hal_tim.o
 .debug_abbrev  0x00002899      0x283 ./Drivers/STM32L4xx_HAL_Driver/Src/stm32l4xx_hal_tim_ex.o
 .debug_abbrev  0x00002b1c      0x2d0 ./Drivers/STM32L4xx_HAL_Driver/Src/stm32l4xx_hal_uart.o
 .debug_abbrev  0x00002dec      0x2be ./Drivers/STM32L4xx_HAL_Driver/Src/stm32l4xx_hal_uart_ex.o

.debug_aranges  0x00000000     0x13b0
 .debug_aranges
                0x00000000       0x70 ./Core/Src/main.o
 .debug_aranges
                0x00000070      0x128 ./Core/Src/radio.o
 .debug_aranges
                0x00000198       0x30 ./Core/Src/receiver.o
 .debug_aranges
                0x000001c8       0x58 ./Core/Src/shiftreg.o
 .debug_aranges
                0x00000220       0x30 ./Core/Src/shotclock.o
 .debug_aranges
                0x00000250       0x50 ./Core/Src/stm32l4xx_hal_msp.o
 .debug_aranges
                0x000002a0       0x78 ./Core/Src/stm32l4xx_it.o
 .debug_aranges
                0x00000318       0x28 ./Core/Src/system_stm32l4xx.o
 .debug_aranges
                0x00000340       0x30 ./Core/Src/timer.o
 .debug_aranges
                0x00000370       0x58 ./Core/Src/uart.o
 .debug_aranges
                0x000003c8       0x28 ./Core/Startup/startup_stm32l476rgtx.o
 .debug_aranges
                0x000003f0      0x130 ./Drivers/STM32L4xx_HAL_Driver/Src/stm32l4xx_hal.o
 .debug_aranges
                0x00000520      0x128 ./Drivers/STM32L4xx_HAL_Driver/Src/stm32l4xx_hal_cortex.o
 .debug_aranges
                0x00000648       0x80 ./Drivers/STM32L4xx_HAL_Driver/Src/stm32l4xx_hal_dma.o
 .debug_aranges
                0x000006c8       0x58 ./Drivers/STM32L4xx_HAL_Driver/Src/stm32l4xx_hal_gpio.o
 .debug_aranges
                0x00000720      0x160 ./Drivers/STM32L4xx_HAL_Driver/Src/stm32l4xx_hal_pwr_ex.o
 .debug_aranges
                0x00000880       0x90 ./Drivers/STM32L4xx_HAL_Driver/Src/stm32l4xx_hal_rcc.o
 .debug_aranges
                0x00000910       0xc0 ./Drivers/STM32L4xx_HAL_Driver/Src/stm32l4xx_hal_rcc_ex.o
 .debug_aranges
                0x000009d0      0x1d8 ./Drivers/STM32L4xx_HAL_Driver/Src/stm32l4xx_hal_spi.o
 .debug_aranges
                0x00000ba8      0x3e0 ./Drivers/STM32L4xx_HAL_Driver/Src/stm32l4xx_hal_tim.o
 .debug_aranges
                0x00000f88      0x180 ./Drivers/STM32L4xx_HAL_Driver/Src/stm32l4xx_hal_tim_ex.o
 .debug_aranges
                0x00001108      0x228 ./Drivers/STM32L4xx_HAL_Driver/Src/stm32l4xx_hal_uart.o
 .debug_aranges
                0x00001330       0x80 ./Drivers/STM32L4xx_HAL_Driver/Src/stm32l4xx_hal_uart_ex.o

.debug_rnglists
                0x00000000      0xf41
 .debug_rnglists
                0x00000000       0x53 ./Core/Src/main.o
 .debug_rnglists
                0x00000053       0xda ./Core/Src/radio.o
 .debug_rnglists
                0x0000012d       0x1f ./Core/Src/receiver.o
 .debug_rnglists
                0x0000014c       0x3e ./Core/Src/shiftreg.o
 .debug_rnglists
                0x0000018a       0x1f ./Core/Src/shotclock.o
 .debug_rnglists
                0x000001a9       0x39 ./Core/Src/stm32l4xx_hal_msp.o
 .debug_rnglists
                0x000001e2       0x55 ./Core/Src/stm32l4xx_it.o
 .debug_rnglists
                0x00000237       0x1a ./Core/Src/system_stm32l4xx.o
 .debug_rnglists
                0x00000251       0x1f ./Core/Src/timer.o
 .debug_rnglists
                0x00000270       0x3d ./Core/Src/uart.o
 .debug_rnglists
                0x000002ad       0x19 ./Core/Startup/startup_stm32l476rgtx.o
 .debug_rnglists
                0x000002c6       0xdf ./Drivers/STM32L4xx_HAL_Driver/Src/stm32l4xx_hal.o
 .debug_rnglists
                0x000003a5       0xda ./Drivers/STM32L4xx_HAL_Driver/Src/stm32l4xx_hal_cortex.o
 .debug_rnglists
                0x0000047f       0x64 ./Drivers/STM32L4xx_HAL_Driver/Src/stm32l4xx_hal_dma.o
 .debug_rnglists
                0x000004e3       0x3f ./Drivers/STM32L4xx_HAL_Driver/Src/stm32l4xx_hal_gpio.o
 .debug_rnglists
                0x00000522      0x109 ./Drivers/STM32L4xx_HAL_Driver/Src/stm32l4xx_hal_pwr_ex.o
 .debug_rnglists
                0x0000062b       0x6d ./Drivers/STM32L4xx_HAL_Driver/Src/stm32l4xx_hal_rcc.o
 .debug_rnglists
                0x00000698       0x95 ./Drivers/STM32L4xx_HAL_Driver/Src/stm32l4xx_hal_rcc_ex.o
 .debug_rnglists
                0x0000072d      0x178 ./Drivers/STM32L4xx_HAL_Driver/Src/stm32l4xx_hal_spi.o
 .debug_rnglists
                0x000008a5      0x328 ./Drivers/STM32L4xx_HAL_Driver/Src/stm32l4xx_hal_tim.o
 .debug_rnglists
                0x00000bcd      0x139 ./Drivers/STM32L4xx_HAL_Driver/Src/stm32l4xx_hal_tim_ex.o
 .debug_rnglists
                0x00000d06      0x1db ./Drivers/STM32L4xx_HAL_Driver/Src/stm32l4xx_hal_uart.o
 .debug_rnglists
                0x00000ee1       0x60 ./Drivers/STM32L4xx_HAL_Driver/Src/stm32l4xx_hal_uart_ex.o

.debug_macro    0x00000000    0x282e8
 .debug_macro   0x00000000      0x2f3 ./Core/Src/main.o
 .debug_macro   0x000002f3      0xad8 ./Core/Src/main.o
 .debug_macro   0x00000dcb      0x1ad ./Core/Src/main.o
 .debug_macro   0x00000f78       0x2e ./Core/Src/main.o
 .debug_macro   0x00000fa6       0x28 ./Core/Src/main.o
 .debug_macro   0x00000fce       0x22 ./Core/Src/main.o
 .debug_macro   0x00000ff0       0x8e ./Core/Src/main.o
 .debug_macro   0x0000107e       0x51 ./Core/Src/main.o
 .debug_macro   0x000010cf      0x103 ./Core/Src/main.o
 .debug_macro   0x000011d2       0x6a ./Core/Src/main.o
 .debug_macro   0x0000123c      0x1df ./Core/Src/main.o
 .debug_macro   0x0000141b       0x1c ./Core/Src/main.o
 .debug_macro   0x00001437       0x22 ./Core/Src/main.o
 .debug_macro   0x00001459       0xfb ./Core/Src/main.o
 .debug_macro   0x00001554     0x1011 ./Core/Src/main.o
 .debug_macro   0x00002565      0x11f ./Core/Src/main.o
 .debug_macro   0x00002684    0x1a17a ./Core/Src/main.o
 .debug_macro   0x0001c7fe       0x6d ./Core/Src/main.o
 .debug_macro   0x0001c86b     0x38fb ./Core/Src/main.o
 .debug_macro   0x00020166      0x190 ./Core/Src/main.o
 .debug_macro   0x000202f6       0x5c ./Core/Src/main.o
 .debug_macro   0x00020352     0x159e ./Core/Src/main.o
 .debug_macro   0x000218f0      0x5a5 ./Core/Src/main.o
 .debug_macro   0x00021e95      0x1b9 ./Core/Src/main.o
 .debug_macro   0x0002204e      0x18b ./Core/Src/main.o
 .debug_macro   0x000221d9      0x26b ./Core/Src/main.o
 .debug_macro   0x00022444      0x23d ./Core/Src/main.o
 .debug_macro   0x00022681      0x241 ./Core/Src/main.o
 .debug_macro   0x000228c2      0x37c ./Core/Src/main.o
 .debug_macro   0x00022c3e       0xd6 ./Core/Src/main.o
 .debug_macro   0x00022d14      0x122 ./Core/Src/main.o
 .debug_macro   0x00022e36      0x3ef ./Core/Src/main.o
 .debug_macro   0x00023225      0x2fe ./Core/Src/main.o
 .debug_macro   0x00023523      0xa98 ./Core/Src/main.o
 .debug_macro   0x00023fbb      0x1e6 ./Core/Src/main.o
 .debug_macro   0x000241a1      0x5cf ./Core/Src/main.o
 .debug_macro   0x00024770       0x44 ./Core/Src/main.o
 .debug_macro   0x000247b4      0x330 ./Core/Src/main.o
 .debug_macro   0x00024ae4       0x5e ./Core/Src/main.o
 .debug_macro   0x00024b42       0x10 ./Core/Src/main.o
 .debug_macro   0x00024b52       0x10 ./Core/Src/main.o
 .debug_macro   0x00024b62       0x16 ./Core/Src/main.o
 .debug_macro   0x00024b78       0x10 ./Core/Src/main.o
 .debug_macro   0x00024b88       0x22 ./Core/Src/main.o
 .debug_macro   0x00024baa       0x10 ./Core/Src/main.o
 .debug_macro   0x00024bba       0x61 ./Core/Src/main.o
 .debug_macro   0x00024c1b       0x2a ./Core/Src/main.o
 .debug_macro   0x00024c45       0x43 ./Core/Src/main.o
 .debug_macro   0x00024c88       0x34 ./Core/Src/main.o
 .debug_macro   0x00024cbc      0x370 ./Core/Src/main.o
 .debug_macro   0x0002502c       0x16 ./Core/Src/main.o
 .debug_macro   0x00025042       0x4a ./Core/Src/main.o
 .debug_macro   0x0002508c       0x34 ./Core/Src/main.o
 .debug_macro   0x000250c0       0x10 ./Core/Src/main.o
 .debug_macro   0x000250d0       0x58 ./Core/Src/main.o
 .debug_macro   0x00025128       0x8e ./Core/Src/main.o
 .debug_macro   0x000251b6       0x1c ./Core/Src/main.o
 .debug_macro   0x000251d2      0x185 ./Core/Src/main.o
 .debug_macro   0x00025357       0x10 ./Core/Src/main.o
 .debug_macro   0x00025367       0x3c ./Core/Src/main.o
 .debug_macro   0x000253a3       0x20 ./Core/Src/main.o
 .debug_macro   0x000253c3       0x3a ./Core/Src/main.o
 .debug_macro   0x000253fd      0x213 ./Core/Src/radio.o
 .debug_macro   0x00025610       0x10 ./Core/Src/radio.o
 .debug_macro   0x00025620       0xec ./Core/Src/radio.o
 .debug_macro   0x0002570c       0x3a ./Core/Src/radio.o
 .debug_macro   0x00025746       0x1c ./Core/Src/radio.o
 .debug_macro   0x00025762      0x21d ./Core/Src/receiver.o
 .debug_macro   0x0002597f       0x10 ./Core/Src/receiver.o
 .debug_macro   0x0002598f       0xf8 ./Core/Src/receiver.o
 .debug_macro   0x00025a87      0x277 ./Core/Src/shiftreg.o
 .debug_macro   0x00025cfe       0x10 ./Core/Src/shiftreg.o
 .debug_macro   0x00025d0e       0x82 ./Core/Src/shiftreg.o
 .debug_macro   0x00025d90      0x303 ./Core/Src/shotclock.o
 .debug_macro   0x00026093       0x10 ./Core/Src/shotclock.o
 .debug_macro   0x000260a3       0x16 ./Core/Src/shotclock.o
 .debug_macro   0x000260b9      0x1e4 ./Core/Src/stm32l4xx_hal_msp.o
 .debug_macro   0x0002629d      0x1ee ./Core/Src/stm32l4xx_it.o
 .debug_macro   0x0002648b      0x1d5 ./Core/Src/system_stm32l4xx.o
 .debug_macro   0x00026660      0x1f8 ./Core/Src/timer.o
 .debug_macro   0x00026858       0x10 ./Core/Src/timer.o
 .debug_macro   0x00026868      0x333 ./Core/Src/uart.o
 .debug_macro   0x00026b9b       0x10 ./Core/Src/uart.o
 .debug_macro   0x00026bab       0x1c ./Core/Src/uart.o
 .debug_macro   0x00026bc7      0x223 ./Drivers/STM32L4xx_HAL_Driver/Src/stm32l4xx_hal.o
 .debug_macro   0x00026dea      0x1d5 ./Drivers/STM32L4xx_HAL_Driver/Src/stm32l4xx_hal_cortex.o
 .debug_macro   0x00026fbf      0x1d5 ./Drivers/STM32L4xx_HAL_Driver/Src/stm32l4xx_hal_dma.o
 .debug_macro   0x00027194      0x1dc ./Drivers/STM32L4xx_HAL_Driver/Src/stm32l4xx_hal_gpio.o
 .debug_macro   0x00027370      0x1f9 ./Drivers/STM32L4xx_HAL_Driver/Src/stm32l4xx_hal_pwr_ex.o
 .debug_macro   0x00027569      0x217 ./Drivers/STM32L4xx_HAL_Driver/Src/stm32l4xx_hal_rcc.o
 .debug_macro   0x00027780      0x20b ./Drivers/STM32L4xx_HAL_Driver/Src/stm32l4xx_hal_rcc_ex.o
 .debug_macro   0x0002798b      0x1dd ./Drivers/STM32L4xx_HAL_Driver/Src/stm32l4xx_hal_spi.o
 .debug_macro   0x00027b68      0x1d6 ./Drivers/STM32L4xx_HAL_Driver/Src/stm32l4xx_hal_tim.o
 .debug_macro   0x00027d3e      0x1d5 ./Drivers/STM32L4xx_HAL_Driver/Src/stm32l4xx_hal_tim_ex.o
 .debug_macro   0x00027f13      0x200 ./Drivers/STM32L4xx_HAL_Driver/Src/stm32l4xx_hal_uart.o
 .debug_macro   0x00028113      0x1d5 ./Drivers/STM32L4xx_HAL_Driver/Src/stm32l4xx_hal_uart_ex.o

.debug_line     0x00000000    0x16d0f
 .debug_line    0x00000000      0xb1f ./Core/Src/main.o
 .debug_line    0x00000b1f      0xb52 ./Core/Src/radio.o
 .debug_line    0x00001671      0x791 ./Core/Src/receiver.o
 .debug_line    0x00001e02      0x858 ./Core/Src/shiftreg.o
 .debug_line    0x0000265a      0x8d7 ./Core/Src/shotclock.o
 .debug_line    0x00002f31      0x81b ./Core/Src/stm32l4xx_hal_msp.o
 .debug_line    0x0000374c      0x804 ./Core/Src/stm32l4xx_it.o
 .debug_line    0x00003f50      0x7ab ./Core/Src/system_stm32l4xx.o
 .debug_line    0x000046fb      0x75c ./Core/Src/timer.o
 .debug_line    0x00004e57      0x975 ./Core/Src/uart.o
 .debug_line    0x000057cc       0x7a ./Core/Startup/startup_stm32l476rgtx.o
 .debug_line    0x00005846      0xb13 ./Drivers/STM32L4xx_HAL_Driver/Src/stm32l4xx_hal.o
 .debug_line    0x00006359      0xcae ./Drivers/STM32L4xx_HAL_Driver/Src/stm32l4xx_hal_cortex.o
 .debug_line    0x00007007      0xced ./Drivers/STM32L4xx_HAL_Driver/Src/stm32l4xx_hal_dma.o
 .debug_line    0x00007cf4      0xb67 ./Drivers/STM32L4xx_HAL_Driver/Src/stm32l4xx_hal_gpio.o
 .debug_line    0x0000885b      0xcf5 ./Drivers/STM32L4xx_HAL_Driver/Src/stm32l4xx_hal_pwr_ex.o
 .debug_line    0x00009550     0x1068 ./Drivers/STM32L4xx_HAL_Driver/Src/stm32l4xx_hal_rcc.o
 .debug_line    0x0000a5b8     0x1535 ./Drivers/STM32L4xx_HAL_Driver/Src/stm32l4xx_hal_rcc_ex.o
 .debug_line    0x0000baed     0x1ff3 ./Drivers/STM32L4xx_HAL_Driver/Src/stm32l4xx_hal_spi.o
 .debug_line    0x0000dae0     0x3dff ./Drivers/STM32L4xx_HAL_Driver/Src/stm32l4xx_hal_tim.o
 .debug_line    0x000118df     0x1b50 ./Drivers/STM32L4xx_HAL_Driver/Src/stm32l4xx_hal_tim_ex.o
 .debug_line    0x0001342f     0x2d36 ./Drivers/STM32L4xx_HAL_Driver/Src/stm32l4xx_hal_uart.o
 .debug_line    0x00016165      0xbaa ./Drivers/STM32L4xx_HAL_Driver/Src/stm32l4xx_hal_uart_ex.o

.debug_str      0x00000000    0xf6052
 .debug_str     0x00000000    0xf6052 ./Core/Src/main.o
                              0xf067a (size before relaxing)
 .debug_str     0x000f6052    0xecca8 ./Core/Src/radio.o
 .debug_str     0x000f6052    0xec949 ./Core/Src/receiver.o
 .debug_str     0x000f6052    0xeca2c ./Core/Src/shiftreg.o
 .debug_str     0x000f6052    0xef27b ./Core/Src/shotclock.o
 .debug_str     0x000f6052    0xed1c5 ./Core/Src/stm32l4xx_hal_msp.o
 .debug_str     0x000f6052    0xec704 ./Core/Src/stm32l4xx_it.o
 .debug_str     0x000f6052    0xebf5e ./Core/Src/system_stm32l4xx.o
 .debug_str     0x000f6052    0xec3e6 ./Core/Src/timer.o
 .debug_str     0x000f6052    0xefcf5 ./Core/Src/uart.o
 .debug_str     0x000f6052       0xa5 ./Core/Startup/startup_stm32l476rgtx.o
 .debug_str     0x000f6052    0xecaf1 ./Drivers/STM32L4xx_HAL_Driver/Src/stm32l4xx_hal.o
 .debug_str     0x000f6052    0xec7d7 ./Drivers/STM32L4xx_HAL_Driver/Src/stm32l4xx_hal_cortex.o
 .debug_str     0x000f6052    0xec1c8 ./Drivers/STM32L4xx_HAL_Driver/Src/stm32l4xx_hal_dma.o
 .debug_str     0x000f6052    0xec0d7 ./Drivers/STM32L4xx_HAL_Driver/Src/stm32l4xx_hal_gpio.o
 .debug_str     0x000f6052    0xec4b9 ./Drivers/STM32L4xx_HAL_Driver/Src/stm32l4xx_hal_pwr_ex.o
 .debug_str     0x000f6052    0xec5a4 ./Drivers/STM32L4xx_HAL_Driver/Src/stm32l4xx_hal_rcc.o
 .debug_str     0x000f6052    0xec71d ./Drivers/STM32L4xx_HAL_Driver/Src/stm32l4xx_hal_rcc_ex.o
 .debug_str     0x000f6052    0xec779 ./Drivers/STM32L4xx_HAL_Driver/Src/stm32l4xx_hal_spi.o
 .debug_str     0x000f6052    0xed29e ./Drivers/STM32L4xx_HAL_Driver/Src/stm32l4xx_hal_tim.o
 .debug_str     0x000f6052    0xecbb2 ./Drivers/STM32L4xx_HAL_Driver/Src/stm32l4xx_hal_tim_ex.o
 .debug_str     0x000f6052    0xeccb6 ./Drivers/STM32L4xx_HAL_Driver/Src/stm32l4xx_hal_uart.o
 .debug_str     0x000f6052    0xec4e2 ./Drivers/STM32L4xx_HAL_Driver/Src/stm32l4xx_hal_uart_ex.o

.comment        0x00000000       0x43
 .comment       0x00000000       0x43 ./Core/Src/main.o
                                 0x44 (size before relaxing)
 .comment       0x00000043       0x44 ./Core/Src/radio.o
 .comment       0x00000043       0x44 ./Core/Src/receiver.o
 .comment       0x00000043       0x44 ./Core/Src/shiftreg.o
 .comment       0x00000043       0x44 ./Core/Src/shotclock.o
 .comment       0x00000043       0x44 ./Core/Src/stm32l4xx_hal_msp.o
 .comment       0x00000043       0x44 ./Core/Src/stm32l4xx_it.o
 .comment       0x00000043       0x44 ./Core/Src/system_stm32l4xx.o
 .comment       0x00000043       0x44 ./Core/Src/timer.o
 .comment       0x00000043       0x44 ./Core/Src/uart.o
 .comment       0x00000043       0x44 ./Drivers/STM32L4xx_HAL_Driver/Src/stm32l4xx_hal.o
 .comment       0x00000043       0x44 ./Drivers/STM32L4xx_HAL_Driver/Src/stm32l4xx_hal_cortex.o
 .comment       0x00000043       0x44 ./Drivers/STM32L4xx_HAL_Driver/Src/stm32l4xx_hal_dma.o
 .comment       0x00000043       0x44 ./Drivers/STM32L4xx_HAL_Driver/Src/stm32l4xx_hal_gpio.o
 .comment       0x00000043       0x44 ./Drivers/STM32L4xx_HAL_Driver/Src/stm32l4xx_hal_pwr_ex.o
 .comment       0x00000043       0x44 ./Drivers/STM32L4xx_HAL_Driver/Src/stm32l4xx_hal_rcc.o
 .comment       0x00000043       0x44 ./Drivers/STM32L4xx_HAL_Driver/Src/stm32l4xx_hal_rcc_ex.o
 .comment       0x00000043       0x44 ./Drivers/STM32L4xx_HAL_Driver/Src/stm32l4xx_hal_spi.o
 .comment       0x00000043       0x44 ./Drivers/STM32L4xx_HAL_Driver/Src/stm32l4xx_hal_tim.o
 .comment       0x00000043       0x44 ./Drivers/STM32L4xx_HAL_Driver/Src/stm32l4xx_hal_tim_ex.o
 .comment       0x00000043       0x44 ./Drivers/STM32L4xx_HAL_Driver/Src/stm32l4xx_hal_uart.o
 .comment       0x00000043       0x44 ./Drivers/STM32L4xx_HAL_Driver/Src/stm32l4xx_hal_uart_ex.o

.debug_frame    0x00000000     0x5208
 .debug_frame   0x00000000      0x178 ./Core/Src/main.o
 .debug_frame   0x00000178      0x4a8 ./Core/Src/radio.o
 .debug_frame   0x00000620       0x7c ./Core/Src/receiver.o
 .debug_frame   0x0000069c      0x118 ./Core/Src/shiftreg.o
 .debug_frame   0x000007b4       0x78 ./Core/Src/shotclock.o
 .debug_frame   0x0000082c      0x114 ./Core/Src/stm32l4xx_hal_msp.o
 .debug_frame   0x00000940      0x158 ./Core/Src/stm32l4xx_it.o
 .debug_frame   0x00000a98       0x58 ./Core/Src/system_stm32l4xx.o
 .debug_frame   0x00000af0       0x88 ./Core/Src/timer.o
 .debug_frame   0x00000b78      0x12c ./Core/Src/uart.o
 .debug_frame   0x00000ca4      0x498 ./Drivers/STM32L4xx_HAL_Driver/Src/stm32l4xx_hal.o
 .debug_frame   0x0000113c      0x4e8 ./Drivers/STM32L4xx_HAL_Driver/Src/stm32l4xx_hal_cortex.o
 .debug_frame   0x00001624      0x204 ./Drivers/STM32L4xx_HAL_Driver/Src/stm32l4xx_hal_dma.o
 .debug_frame   0x00001828      0x14c ./Drivers/STM32L4xx_HAL_Driver/Src/stm32l4xx_hal_gpio.o
 .debug_frame   0x00001974      0x584 ./Drivers/STM32L4xx_HAL_Driver/Src/stm32l4xx_hal_pwr_ex.o
 .debug_frame   0x00001ef8      0x21c ./Drivers/STM32L4xx_HAL_Driver/Src/stm32l4xx_hal_rcc.o
 .debug_frame   0x00002114      0x2fc ./Drivers/STM32L4xx_HAL_Driver/Src/stm32l4xx_hal_rcc_ex.o
 .debug_frame   0x00002410      0x860 ./Drivers/STM32L4xx_HAL_Driver/Src/stm32l4xx_hal_spi.o
 .debug_frame   0x00002c70     0x121c ./Drivers/STM32L4xx_HAL_Driver/Src/stm32l4xx_hal_tim.o
 .debug_frame   0x00003e8c      0x6b0 ./Drivers/STM32L4xx_HAL_Driver/Src/stm32l4xx_hal_tim_ex.o
 .debug_frame   0x0000453c      0x9f4 ./Drivers/STM32L4xx_HAL_Driver/Src/stm32l4xx_hal_uart.o
 .debug_frame   0x00004f30      0x204 ./Drivers/STM32L4xx_HAL_Driver/Src/stm32l4xx_hal_uart_ex.o
 .debug_frame   0x00005134       0x20 /Applications/STM32CubeIDE.app/Contents/Eclipse/plugins/com.st.stm32cube.ide.mcu.externaltools.gnu-tools-for-stm32.13.3.rel1.macos64_1.0.0.202411102158/tools/bin/../lib/gcc/arm-none-eabi/13.3.1/../../../../arm-none-eabi/lib/thumb/v7e-m+fp/hard/libc_nano.a(libc_a-memset.o)
 .debug_frame   0x00005154       0x28 /Applications/STM32CubeIDE.app/Contents/Eclipse/plugins/com.st.stm32cube.ide.mcu.externaltools.gnu-tools-for-stm32.13.3.rel1.macos64_1.0.0.202411102158/tools/bin/../lib/gcc/arm-none-eabi/13.3.1/../../../../arm-none-eabi/lib/thumb/v7e-m+fp/hard/libc_nano.a(libc_a-strncmp.o)
 .debug_frame   0x0000517c       0x2c /Applications/STM32CubeIDE.app/Contents/Eclipse/plugins/com.st.stm32cube.ide.mcu.externaltools.gnu-tools-for-stm32.13.3.rel1.macos64_1.0.0.202411102158/tools/bin/../lib/gcc/arm-none-eabi/13.3.1/../../../../arm-none-eabi/lib/thumb/v7e-m+fp/hard/libc_nano.a(libc_a-init.o)
 .debug_frame   0x000051a8       0x2c /Applications/STM32CubeIDE.app/Contents/Eclipse/plugins/com.st.stm32cube.ide.mcu.externaltools.gnu-tools-for-stm32.13.3.rel1.macos64_1.0.0.202411102158/tools/bin/../lib/gcc/arm-none-eabi/13.3.1/thumb/v7e-m+fp/hard/libgcc.a(_aeabi_uldivmod.o)
 .debug_frame   0x000051d4       0x34 /Applications/STM32CubeIDE.app/Contents/Eclipse/plugins/com.st.stm32cube.ide.mcu.externaltools.gnu-tools-for-stm32.13.3.rel1.macos64_1.0.0.202411102158/tools/bin/../lib/gcc/arm-none-eabi/13.3.1/thumb/v7e-m+fp/hard/libgcc.a(_udivmoddi4.o)

.debug_line_str
                0x00000000       0x89
 .debug_line_str
                0x00000000       0x89 ./Core/Startup/startup_stm32l476rgtx.o
