Archive member included to satisfy reference by file (symbol)

/Applications/STM32CubeIDE.app/Contents/Eclipse/plugins/com.st.stm32cube.ide.mcu.externaltools.gnu-tools-for-stm32.13.3.rel1.macos64_1.0.0.202411102158/tools/bin/../lib/gcc/arm-none-eabi/13.3.1/../../../../arm-none-eabi/lib/thumb/v7e-m+fp/hard/libc_nano.a(libc_a-exit.o)
                              /Applications/STM32CubeIDE.app/Contents/Eclipse/plugins/com.st.stm32cube.ide.mcu.externaltools.gnu-tools-for-stm32.13.3.rel1.macos64_1.0.0.202411102158/tools/bin/../lib/gcc/arm-none-eabi/13.3.1/../../../../arm-none-eabi/lib/thumb/v7e-m+fp/hard/crt0.o (exit)
/Applications/STM32CubeIDE.app/Contents/Eclipse/plugins/com.st.stm32cube.ide.mcu.externaltools.gnu-tools-for-stm32.13.3.rel1.macos64_1.0.0.202411102158/tools/bin/../lib/gcc/arm-none-eabi/13.3.1/../../../../arm-none-eabi/lib/thumb/v7e-m+fp/hard/libc_nano.a(libc_a-sprintf.o)
                              ./Core/Src/App_KeyDisplay.o (sprintf)
/Applications/STM32CubeIDE.app/Contents/Eclipse/plugins/com.st.stm32cube.ide.mcu.externaltools.gnu-tools-for-stm32.13.3.rel1.macos64_1.0.0.202411102158/tools/bin/../lib/gcc/arm-none-eabi/13.3.1/../../../../arm-none-eabi/lib/thumb/v7e-m+fp/hard/libc_nano.a(libc_a-findfp.o)
                              /Applications/STM32CubeIDE.app/Contents/Eclipse/plugins/com.st.stm32cube.ide.mcu.externaltools.gnu-tools-for-stm32.13.3.rel1.macos64_1.0.0.202411102158/tools/bin/../lib/gcc/arm-none-eabi/13.3.1/../../../../arm-none-eabi/lib/thumb/v7e-m+fp/hard/libc_nano.a(libc_a-exit.o) (__stdio_exit_handler)
/Applications/STM32CubeIDE.app/Contents/Eclipse/plugins/com.st.stm32cube.ide.mcu.externaltools.gnu-tools-for-stm32.13.3.rel1.macos64_1.0.0.202411102158/tools/bin/../lib/gcc/arm-none-eabi/13.3.1/../../../../arm-none-eabi/lib/thumb/v7e-m+fp/hard/libc_nano.a(libc_a-fwalk.o)
                              /Applications/STM32CubeIDE.app/Contents/Eclipse/plugins/com.st.stm32cube.ide.mcu.externaltools.gnu-tools-for-stm32.13.3.rel1.macos64_1.0.0.202411102158/tools/bin/../lib/gcc/arm-none-eabi/13.3.1/../../../../arm-none-eabi/lib/thumb/v7e-m+fp/hard/libc_nano.a(libc_a-findfp.o) (_fwalk_sglue)
/Applications/STM32CubeIDE.app/Contents/Eclipse/plugins/com.st.stm32cube.ide.mcu.externaltools.gnu-tools-for-stm32.13.3.rel1.macos64_1.0.0.202411102158/tools/bin/../lib/gcc/arm-none-eabi/13.3.1/../../../../arm-none-eabi/lib/thumb/v7e-m+fp/hard/libc_nano.a(libc_a-memset.o)
                              /Applications/STM32CubeIDE.app/Contents/Eclipse/plugins/com.st.stm32cube.ide.mcu.externaltools.gnu-tools-for-stm32.13.3.rel1.macos64_1.0.0.202411102158/tools/bin/../lib/gcc/arm-none-eabi/13.3.1/../../../../arm-none-eabi/lib/thumb/v7e-m+fp/hard/crt0.o (memset)
/Applications/STM32CubeIDE.app/Contents/Eclipse/plugins/com.st.stm32cube.ide.mcu.externaltools.gnu-tools-for-stm32.13.3.rel1.macos64_1.0.0.202411102158/tools/bin/../lib/gcc/arm-none-eabi/13.3.1/../../../../arm-none-eabi/lib/thumb/v7e-m+fp/hard/libc_nano.a(libc_a-errno.o)
                              ./Core/Src/syscalls.o (__errno)
/Applications/STM32CubeIDE.app/Contents/Eclipse/plugins/com.st.stm32cube.ide.mcu.externaltools.gnu-tools-for-stm32.13.3.rel1.macos64_1.0.0.202411102158/tools/bin/../lib/gcc/arm-none-eabi/13.3.1/../../../../arm-none-eabi/lib/thumb/v7e-m+fp/hard/libc_nano.a(libc_a-init.o)
                              /Applications/STM32CubeIDE.app/Contents/Eclipse/plugins/com.st.stm32cube.ide.mcu.externaltools.gnu-tools-for-stm32.13.3.rel1.macos64_1.0.0.202411102158/tools/bin/../lib/gcc/arm-none-eabi/13.3.1/../../../../arm-none-eabi/lib/thumb/v7e-m+fp/hard/crt0.o (__libc_init_array)
/Applications/STM32CubeIDE.app/Contents/Eclipse/plugins/com.st.stm32cube.ide.mcu.externaltools.gnu-tools-for-stm32.13.3.rel1.macos64_1.0.0.202411102158/tools/bin/../lib/gcc/arm-none-eabi/13.3.1/../../../../arm-none-eabi/lib/thumb/v7e-m+fp/hard/libc_nano.a(libc_a-lock.o)
                              /Applications/STM32CubeIDE.app/Contents/Eclipse/plugins/com.st.stm32cube.ide.mcu.externaltools.gnu-tools-for-stm32.13.3.rel1.macos64_1.0.0.202411102158/tools/bin/../lib/gcc/arm-none-eabi/13.3.1/../../../../arm-none-eabi/lib/thumb/v7e-m+fp/hard/libc_nano.a(libc_a-findfp.o) (__retarget_lock_init_recursive)
/Applications/STM32CubeIDE.app/Contents/Eclipse/plugins/com.st.stm32cube.ide.mcu.externaltools.gnu-tools-for-stm32.13.3.rel1.macos64_1.0.0.202411102158/tools/bin/../lib/gcc/arm-none-eabi/13.3.1/../../../../arm-none-eabi/lib/thumb/v7e-m+fp/hard/libc_nano.a(libc_a-impure.o)
                              /Applications/STM32CubeIDE.app/Contents/Eclipse/plugins/com.st.stm32cube.ide.mcu.externaltools.gnu-tools-for-stm32.13.3.rel1.macos64_1.0.0.202411102158/tools/bin/../lib/gcc/arm-none-eabi/13.3.1/../../../../arm-none-eabi/lib/thumb/v7e-m+fp/hard/libc_nano.a(libc_a-sprintf.o) (_impure_ptr)
[...]
Memory Configuration

Name             Origin             Length             Attributes
RAM              0x20000000         0x00018000         xrw
RAM2             0x10000000         0x00008000         xrw
FLASH            0x08000000         0x00100000         xr
*default*        0x00000000         0xffffffff

Linker script and memory map

LOAD /Applications/STM32CubeIDE.app/Contents/Eclipse/plugins/com.st.stm32cube.ide.mcu.externaltools.gnu-tools-for-stm32.13.3.rel1.macos64_1.0.0.202411102158/tools/bin/../lib/gcc/arm-none-eabi/13.3.1/thumb/v7e-m+fp/hard/crti.o
LOAD /Applications/STM32CubeIDE.app/Contents/Eclipse/plugins/com.st.stm32cube.ide.mcu.externaltools.gnu-tools-for-stm32.13.3.rel1.macos64_1.0.0.202411102158/tools/bin/../lib/gcc/arm-none-eabi/13.3.1/thumb/v7e-m+fp/hard/crtbegin.o
LOAD /Applications/STM32CubeIDE.app/Contents/Eclipse/plugins/com.st.stm32cube.ide.mcu.externaltools.gnu-tools-for-stm32.13.3.rel1.macos64_1.0.0.202411102158/tools/bin/../lib/gcc/arm-none-eabi/13.3.1/../../../../arm-none-eabi/lib/thumb/v7e-m+fp/hard/crt0.o
LOAD ./Core/Src/App_KeyDisplay.o
LOAD ./Core/Src/Display.o
LOAD ./Core/Src/HAL.o
LOAD ./Core/Src/Key.o
LOAD ./Core/Src/USART2_Interface.o
LOAD ./Core/Src/main.o
LOAD ./Core/Src/shiftreg.o
LOAD ./Core/Src/stm32l4xx_hal_msp.o
LOAD ./Core/Src/stm32l4xx_it.o
LOAD ./Core/Src/syscalls.o
LOAD ./Core/Src/sysmem.o
LOAD ./Core/Src/system_stm32l4xx.o
LOAD ./Core/Src/timer.o
LOAD ./Core/Startup/startup_stm32l476rgtx.o
LOAD ./Drivers/STM32L4xx_HAL_Driver/Src/stm32l4xx_hal.o
LOAD ./Drivers/STM32L4xx_HAL_Driver/Src/stm32l4xx_hal_cortex.o
LOAD ./Drivers/STM32L4xx_HAL_Driver/Src/stm32l4xx_hal_dma.o
LOAD ./Drivers/STM32L4xx_HAL_Driver/Src/stm32l4xx_hal_dma_ex.o
LOAD ./Drivers/STM32L4xx_HAL_Driver/Src/stm32l4xx_hal_exti.o
LOAD ./Drivers/STM32L4xx_HAL_Driver/Src/stm32l4xx_hal_flash.o
LOAD ./Drivers/STM32L4xx_HAL_Driver/Src/stm32l4xx_hal_flash_ex.o
LOAD ./Drivers/STM32L4xx_HAL_Driver/Src/stm32l4xx_hal_flash_ramfunc.o
LOAD ./Drivers/STM32L4xx_HAL_Driver/Src/stm32l4xx_hal_gpio.o
LOAD ./Drivers/STM32L4xx_HAL_Driver/Src/stm32l4xx_hal_i2c.o
LOAD ./Drivers/STM32L4xx_HAL_Driver/Src/stm32l4xx_hal_i2c_ex.o
LOAD ./Drivers/STM32L4xx_HAL_Driver/Src/stm32l4xx_hal_pwr.o
LOAD ./Drivers/STM32L4xx_HAL_Driver/Src/stm32l4xx_hal_pwr_ex.o
LOAD ./Drivers/STM32L4xx_HAL_Driver/Src/stm32l4xx_hal_rcc.o
LOAD ./Drivers/STM32L4xx_HAL_Driver/Src/stm32l4xx_hal_rcc_ex.o
LOAD ./Drivers/STM32L4xx_HAL_Driver/Src/stm32l4xx_hal_tim.o
LOAD ./Drivers/STM32L4xx_HAL_Driver/Src/stm32l4xx_hal_tim_ex.o
LOAD ./Drivers/STM32L4xx_HAL_Driver/Src/stm32l4xx_hal_uart.o
LOAD ./Drivers/STM32L4xx_HAL_Driver/Src/stm32l4xx_hal_uart_ex.o
START GROUP
LOAD /Applications/STM32CubeIDE.app/Contents/Eclipse/plugins/com.st.stm32cube.ide.mcu.externaltools.gnu-tools-for-stm32.13.3.rel1.macos64_1.0.0.202411102158/tools/bin/../lib/gcc/arm-none-eabi/13.3.1/../../../../arm-none-eabi/lib/thumb/v7e-m+fp/hard/libc_nano.a
LOAD /Applications/STM32CubeIDE.app/Contents/Eclipse/plugins/com.st.stm32cube.ide.mcu.externaltools.gnu-tools-for-stm32.13.3.rel1.macos64_1.0.0.202411102158/tools/bin/../lib/gcc/arm-none-eabi/13.3.1/../../../../arm-none-eabi/lib/thumb/v7e-m+fp/hard/libm.a
END GROUP
START GROUP
LOAD /Applications/STM32CubeIDE.app/Contents/Eclipse/plugins/com.st.stm32cube.ide.mcu.externaltools.gnu-tools-for-stm32.13.3.rel1.macos64_1.0.0.202411102158/tools/bin/../lib/gcc/arm-none-eabi/13.3.1/thumb/v7e-m+fp/hard/libgcc.a
LOAD /Applications/STM32CubeIDE.app/Contents/Eclipse/plugins/com.st.stm32cube.ide.mcu.externaltools.gnu-tools-for-stm32.13.3.rel1.macos64_1.0.0.202411102158/tools/bin/../lib/gcc/arm-none-eabi/13.3.1/../../../../arm-none-eabi/lib/thumb/v7e-m+fp/hard/libc_nano.a
END GROUP
START GROUP
LOAD /Applications/STM32CubeIDE.app/Contents/Eclipse/plugins/com.st.stm32cube.ide.mcu.externaltools.gnu-tools-for-stm32.13.3.rel1.macos64_1.0.0.202411102158/tools/bin/../lib/gcc/arm-none-eabi/13.3.1/thumb/v7e-m+fp/hard/libgcc.a
LOAD /Applications/STM32CubeIDE.app/Contents/Eclipse/plugins/com.st.stm32cube.ide.mcu.externaltools.gnu-tools-for-stm32.13.3.rel1.macos64_1.0.0.202411102158/tools/bin/../lib/gcc/arm-none-eabi/13.3.1/../../../../arm-none-eabi/lib/thumb/v7e-m+fp/hard/libc_nano.a
LOAD /Applications/STM32CubeIDE.app/Contents/Eclipse/plugins/com.st.stm32cube.ide.mcu.externaltools.gnu-tools-for-stm32.13.3.rel1.macos64_1.0.0.202411102158/tools/bin/../lib/gcc/arm-none-eabi/13.3.1/../../../../arm-none-eabi/lib/thumb/v7e-m+fp/hard/libnosys.a
END GROUP
START GROUP
LOAD /Applications/STM32CubeIDE.app/Contents/Eclipse/plugins/com.st.stm32cube.ide.mcu.externaltools.gnu-tools-for-stm32.13.3.rel1.macos64_1.0.0.202411102158/tools/bin/../lib/gcc/arm-none-eabi/13.3.1/thumb/v7e-m+fp/hard/libgcc.a
LOAD /Applications/STM32CubeIDE.app/Contents/Eclipse/plugins/com.st.stm32cube.ide.mcu.externaltools.gnu-tools-for-stm32.13.3.rel1.macos64_1.0.0.202411102158/tools/bin/../lib/gcc/arm-none-eabi/13.3.1/../../../../arm-none-eabi/lib/thumb/v7e-m+fp/hard/libc_nano.a
LOAD /Applications/STM32CubeIDE.app/Contents/Eclipse/plugins/com.st.stm32cube.ide.mcu.externaltools.gnu-tools-for-stm32.13.3.rel1.macos64_1.0.0.202411102158/tools/bin/../lib/gcc/arm-none-eabi/13.3.1/../../../../arm-none-eabi/lib/thumb/v7e-m+fp/hard/libnosys.a
END GROUP
LOAD /Applications/STM32CubeIDE.app/Contents/Eclipse/plugins/com.st.stm32cube.ide.mcu.externaltools.gnu-tools-for-stm32.13.3.rel1.macos64_1.0.0.202411102158/tools/bin/../lib/gcc/arm-none-eabi/13.3.1/thumb/v7e-m+fp/hard/crtend.o
LOAD /Applications/STM32CubeIDE.app/Contents/Eclipse/plugins/com.st.stm32cube.ide.mcu.externaltools.gnu-tools-for-stm32.13.3.rel1.macos64_1.0.0.202411102158/tools/bin/../lib/gcc/arm-none-eabi/13.3.1/thumb/v7e-m+fp/hard/crtn.o
                0x20018000                        _estack = (ORIGIN (RAM) + LENGTH (RAM))
                0x00000200                        _Min_Heap_Size = 0x200
                0x00000400                        _Min_Stack_Size = 0x400

.isr_vector     0x08000000      0x188
                0x08000000                        . = ALIGN (0x4)
 *(.isr_vector)
 .isr_vector    0x08000000      0x188 ./Core/Startup/startup_stm32l476rgtx.o
                0x08000000                g_pfnVectors
                0x08000188                        . = ALIGN (0x4)

.text           0x08000190     0x5e94
                0x08000190                        . = ALIGN (0x4)
 *(.text)
 .text          0x08000190       0x40 /Applications/STM32CubeIDE.app/Contents/Eclipse/plugins/com.st.stm32cube.ide.mcu.externaltools.gnu-tools-for-stm32.13.3.rel1.macos64_1.0.0.202411102158/tools/bin/../lib/gcc/arm-none-eabi/13.3.1/thumb/v7e-m+fp/hard/crtbegin.o
 .text          0x080001d0       0x10 /Applications/STM32CubeIDE.app/Contents/Eclipse/plugins/com.st.stm32cube.ide.mcu.externaltools.gnu-tools-for-stm32.13.3.rel1.macos64_1.0.0.202411102158/tools/bin/../lib/gcc/arm-none-eabi/13.3.1/../../../../arm-none-eabi/lib/thumb/v7e-m+fp/hard/libc_nano.a(libc_a-strlen.o)
                0x080001d0                strlen
 .text          0x080001e0       0xa0 /Applications/STM32CubeIDE.app/Contents/Eclipse/plugins/com.st.stm32cube.ide.mcu.externaltools.gnu-tools-for-stm32.13.3.rel1.macos64_1.0.0.202411102158/tools/bin/../lib/gcc/arm-none-eabi/13.3.1/../../../../arm-none-eabi/lib/thumb/v7e-m+fp/hard/libc_nano.a(libc_a-memchr.o)
                0x080001e0                memchr
 .text          0x08000280       0x30 /Applications/STM32CubeIDE.app/Contents/Eclipse/plugins/com.st.stm32cube.ide.mcu.externaltools.gnu-tools-for-stm32.13.3.rel1.macos64_1.0.0.202411102158/tools/bin/../lib/gcc/arm-none-eabi/13.3.1/thumb/v7e-m+fp/hard/libgcc.a(_aeabi_uldivmod.o)
                0x08000280                __aeabi_uldivmod
 .text          0x080002b0      0x2f8 /Applications/STM32CubeIDE.app/Contents/Eclipse/plugins/com.st.stm32cube.ide.mcu.externaltools.gnu-tools-for-stm32.13.3.rel1.macos64_1.0.0.202411102158/tools/bin/../lib/gcc/arm-none-eabi/13.3.1/thumb/v7e-m+fp/hard/libgcc.a(_udivmoddi4.o)
                0x080002b0                __udivmoddi4
 .text          0x080005a8        0x4 /Applications/STM32CubeIDE.app/Contents/Eclipse/plugins/com.st.stm32cube.ide.mcu.externaltools.gnu-tools-for-stm32.13.3.rel1.macos64_1.0.0.202411102158/tools/bin/../lib/gcc/arm-none-eabi/13.3.1/thumb/v7e-m+fp/hard/libgcc.a(_dvmd_tls.o)
                0x080005a8                __aeabi_ldiv0
                0x080005a8                __aeabi_idiv0
 *(.text*)
 .text.App_KeyDisplay_construct
                0x080005ac       0x40 ./Core/Src/App_KeyDisplay.o
                0x080005ac                App_KeyDisplay_construct
 .text.App_KeyDisplay_loop
                0x080005ec       0x5c ./Core/Src/App_KeyDisplay.o
                0x080005ec                App_KeyDisplay_loop
 .text.App_KeyDisplay_ShowIntroScreen
                0x08000648       0x5c ./Core/Src/App_KeyDisplay.o
                0x08000648                App_KeyDisplay_ShowIntroScreen
 .text.App_KeyDisplay_handleIntroScreen
                0x080006a4       0x2a ./Core/Src/App_KeyDisplay.o
                0x080006a4                App_KeyDisplay_handleIntroScreen
 *fill*         0x080006ce        0x2 
 .text.App_KeyDisplay_ShowProcessScreen
                0x080006d0       0x70 ./Core/Src/App_KeyDisplay.o
                0x080006d0                App_KeyDisplay_ShowProcessScreen
 .text.App_KeyDisplay_HandleProcessScreen
                0x08000740      0x34c ./Core/Src/App_KeyDisplay.o
                0x08000740                App_KeyDisplay_HandleProcessScreen
 .text.App_KeyDisplay_HandleResultScreen
                0x08000a8c       0x2c ./Core/Src/App_KeyDisplay.o
                0x08000a8c                App_KeyDisplay_HandleResultScreen
 .text.App_KeyDisplay_ShowExitScreen
                0x08000ab8       0x50 ./Core/Src/App_KeyDisplay.o
                0x08000ab8                App_KeyDisplay_ShowExitScreen
 .text.DisplayClear
                0x08000b08       0x24 ./Core/Src/Display.o
                0x08000b08                DisplayClear
 .text.DisplayHome
                0x08000b2c       0x24 ./Core/Src/Display.o
                0x08000b2c                DisplayHome
 .text.DisplayString
                0x08000b50       0x28 ./Core/Src/Display.o
                0x08000b50                DisplayString
 .text.HAL_refresh
                0x08000b78       0x86 ./Core/Src/HAL.o
                0x08000b78                HAL_refresh
 .text.HAL_construct
                0x08000bfe      0x128 ./Core/Src/HAL.o
                0x08000bfe                HAL_construct
 .text.Key_Construct
                0x08000d26       0x2e ./Core/Src/Key.o
                0x08000d26                Key_Construct
 .text.Key_refresh
                0x08000d54       0x28 ./Core/Src/Key.o
                0x08000d54                Key_refresh
 .text.Key_isPushed
                0x08000d7c       0x22 ./Core/Src/Key.o
                0x08000d7c                Key_isPushed
 *fill*         0x08000d9e        0x2 
 .text.Keypadscan
                0x08000da0      0x35c ./Core/Src/Key.o
                0x08000da0                Keypadscan
 .text.KeypadProcess
                0x080010fc      0x1cc ./Core/Src/Key.o
                0x080010fc                KeypadProcess
 .text.AllKeyRestart
                0x080012c8       0x34 ./Core/Src/Key.o
                0x080012c8                AllKeyRestart
 .text.HAL_TIM_PeriodElapsedCallback
                0x080012fc       0x14 ./Core/Src/main.o
                0x080012fc                HAL_TIM_PeriodElapsedCallback
 .text.main     0x08001310       0xd8 ./Core/Src/main.o
                0x08001310                main
 .text.SystemClock_Config
                0x080013e8       0xa2 ./Core/Src/main.o
                0x080013e8                SystemClock_Config
 *fill*         0x0800148a        0x2 
 .text.MX_TIM2_Init
                0x0800148c       0x9c ./Core/Src/main.o
 .text.MX_TIM5_Init
                0x08001528       0xa0 ./Core/Src/main.o
 .text.MX_USART2_UART_Init
                0x080015c8       0x60 ./Core/Src/main.o
 .text.MX_GPIO_Init
                0x08001628      0x114 ./Core/Src/main.o
 .text.Error_Handler
                0x0800173c        0xc ./Core/Src/main.o
                0x0800173c                Error_Handler
 .text.ShiftReg_display_digit
                0x08001748       0x58 ./Core/Src/shiftreg.o
                0x08001748                ShiftReg_display_digit
 .text.ShiftReg_output_enable
                0x080017a0       0x16 ./Core/Src/shiftreg.o
                0x080017a0                ShiftReg_output_enable
 .text.ShiftReg_shift_in_data
                0x080017b6       0x88 ./Core/Src/shiftreg.o
                0x080017b6                ShiftReg_shift_in_data
 *fill*         0x0800183e        0x2 
 .text.set_RCK  0x08001840       0x38 ./Core/Src/shiftreg.o
 .text.set_SRCK
                0x08001878       0x38 ./Core/Src/shiftreg.o
 .text.set_SIN  0x080018b0       0x38 ./Core/Src/shiftreg.o
 .text.set_nG   0x080018e8       0x38 ./Core/Src/shiftreg.o
 .text.HAL_MspInit
                0x08001920       0x48 ./Core/Src/stm32l4xx_hal_msp.o
                0x08001920                HAL_MspInit
 .text.HAL_TIM_Base_MspInit
                0x08001968       0x70 ./Core/Src/stm32l4xx_hal_msp.o
                0x08001968                HAL_TIM_Base_MspInit
 .text.HAL_UART_MspInit
                0x080019d8       0xc8 ./Core/Src/stm32l4xx_hal_msp.o
                0x080019d8                HAL_UART_MspInit
 .text.NMI_Handler
                0x08001aa0        0x8 ./Core/Src/stm32l4xx_it.o
                0x08001aa0                NMI_Handler
 .text.HardFault_Handler
                0x08001aa8        0x8 ./Core/Src/stm32l4xx_it.o
                0x08001aa8                HardFault_Handler
 .text.MemManage_Handler
                0x08001ab0        0x8 ./Core/Src/stm32l4xx_it.o
                0x08001ab0                MemManage_Handler
 .text.BusFault_Handler
                0x08001ab8        0x8 ./Core/Src/stm32l4xx_it.o
                0x08001ab8                BusFault_Handler
 .text.UsageFault_Handler
                0x08001ac0        0x8 ./Core/Src/stm32l4xx_it.o
                0x08001ac0                UsageFault_Handler
 .text.SVC_Handler
                0x08001ac8        0xe ./Core/Src/stm32l4xx_it.o
                0x08001ac8                SVC_Handler
 .text.DebugMon_Handler
                0x08001ad6        0xe ./Core/Src/stm32l4xx_it.o
                0x08001ad6                DebugMon_Handler
 .text.PendSV_Handler
                0x08001ae4        0xe ./Core/Src/stm32l4xx_it.o
                0x08001ae4                PendSV_Handler
 .text.SysTick_Handler
                0x08001af2        0xc ./Core/Src/stm32l4xx_it.o
                0x08001af2                SysTick_Handler
 *fill*         0x08001afe        0x2 
 .text.TIM2_IRQHandler
                0x08001b00       0x14 ./Core/Src/stm32l4xx_it.o
                0x08001b00                TIM2_IRQHandler
 .text.USART2_IRQHandler
                0x08001b14       0x14 ./Core/Src/stm32l4xx_it.o
                0x08001b14                USART2_IRQHandler
 .text._sbrk    0x08001b28       0x6c ./Core/Src/sysmem.o
                0x08001b28                _sbrk
 .text.SystemInit
                0x08001b94       0x24 ./Core/Src/system_stm32l4xx.o
                0x08001b94                SystemInit
 .text.Timer_handle
                0x08001bb8       0x48 ./Core/Src/timer.o
                0x08001bb8                Timer_handle
 .text.Timer_set_ns_upcounter
                0x08001c00       0x20 ./Core/Src/timer.o
                0x08001c00                Timer_set_ns_upcounter
 .text.delay_ns
                0x08001c20       0x38 ./Core/Src/timer.o
                0x08001c20                delay_ns
 .text.Reset_Handler
                0x08001c58       0x50 ./Core/Startup/startup_stm32l476rgtx.o
                0x08001c58                Reset_Handler
 .text.Default_Handler
                0x08001ca8        0x2 ./Core/Startup/startup_stm32l476rgtx.o
                0x08001ca8                TIM1_BRK_TIM15_IRQHandler
                0x08001ca8                EXTI2_IRQHandler
                0x08001ca8                TIM8_TRG_COM_IRQHandler
                0x08001ca8                TIM8_CC_IRQHandler
                0x08001ca8                TIM1_CC_IRQHandler
                0x08001ca8                TSC_IRQHandler
                0x08001ca8                TAMP_STAMP_IRQHandler
                0x08001ca8                EXTI3_IRQHandler
                0x08001ca8                LPTIM2_IRQHandler
                0x08001ca8                DFSDM1_FLT1_IRQHandler
                0x08001ca8                I2C3_ER_IRQHandler
                0x08001ca8                DFSDM1_FLT2_IRQHandler
                0x08001ca8                EXTI0_IRQHandler
                0x08001ca8                I2C2_EV_IRQHandler
                0x08001ca8                CAN1_RX0_IRQHandler
                0x08001ca8                FPU_IRQHandler
                0x08001ca8                TIM1_UP_TIM16_IRQHandler
                0x08001ca8                ADC1_2_IRQHandler
                0x08001ca8                SPI1_IRQHandler
                0x08001ca8                TIM6_DAC_IRQHandler
                0x08001ca8                TIM8_UP_IRQHandler
                0x08001ca8                DMA2_Channel2_IRQHandler
                0x08001ca8                DMA1_Channel4_IRQHandler
                0x08001ca8                SAI2_IRQHandler
                0x08001ca8                DFSDM1_FLT3_IRQHandler
                0x08001ca8                USART3_IRQHandler
                0x08001ca8                DMA1_Channel7_IRQHandler
                0x08001ca8                CAN1_RX1_IRQHandler
                0x08001ca8                LCD_IRQHandler
                0x08001ca8                UART5_IRQHandler
                0x08001ca8                ADC3_IRQHandler
                0x08001ca8                TIM4_IRQHandler
                0x08001ca8                DMA2_Channel1_IRQHandler
                0x08001ca8                QUADSPI_IRQHandler
                0x08001ca8                I2C1_EV_IRQHandler
                0x08001ca8                DMA1_Channel6_IRQHandler
                0x08001ca8                UART4_IRQHandler
                0x08001ca8                DMA2_Channel4_IRQHandler
                0x08001ca8                TIM3_IRQHandler
                0x08001ca8                RCC_IRQHandler
                0x08001ca8                DMA1_Channel1_IRQHandler
                0x08001ca8                Default_Handler
                0x08001ca8                DMA2_Channel7_IRQHandler
                0x08001ca8                EXTI15_10_IRQHandler
                0x08001ca8                TIM7_IRQHandler
                0x08001ca8                SDMMC1_IRQHandler
                0x08001ca8                TIM5_IRQHandler
                0x08001ca8                I2C3_EV_IRQHandler
                0x08001ca8                EXTI9_5_IRQHandler
                0x08001ca8                RTC_WKUP_IRQHandler
                0x08001ca8                PVD_PVM_IRQHandler
                0x08001ca8                SPI2_IRQHandler
                0x08001ca8                CAN1_TX_IRQHandler
                0x08001ca8                DMA2_Channel5_IRQHandler
                0x08001ca8                DMA1_Channel5_IRQHandler
                0x08001ca8                EXTI4_IRQHandler
                0x08001ca8                RNG_IRQHandler
                0x08001ca8                TIM1_TRG_COM_TIM17_IRQHandler
                0x08001ca8                DMA1_Channel3_IRQHandler
                0x08001ca8                COMP_IRQHandler
                0x08001ca8                WWDG_IRQHandler
                0x08001ca8                LPUART1_IRQHandler
                0x08001ca8                DMA2_Channel6_IRQHandler
                0x08001ca8                EXTI1_IRQHandler
                0x08001ca8                DFSDM1_FLT0_IRQHandler
                0x08001ca8                I2C2_ER_IRQHandler
                0x08001ca8                DMA1_Channel2_IRQHandler
                0x08001ca8                TIM8_BRK_IRQHandler
                0x08001ca8                CAN1_SCE_IRQHandler
                0x08001ca8                FLASH_IRQHandler
                0x08001ca8                USART1_IRQHandler
                0x08001ca8                OTG_FS_IRQHandler
                0x08001ca8                SPI3_IRQHandler
                0x08001ca8                I2C1_ER_IRQHandler
                0x08001ca8                FMC_IRQHandler
                0x08001ca8                SWPMI1_IRQHandler
                0x08001ca8                LPTIM1_IRQHandler
                0x08001ca8                SAI1_IRQHandler
                0x08001ca8                DMA2_Channel3_IRQHandler
                0x08001ca8                RTC_Alarm_IRQHandler
 .text.HAL_Init
                0x08001caa       0x30 ./Drivers/STM32L4xx_HAL_Driver/Src/stm32l4xx_hal.o
                0x08001caa                HAL_Init
 *fill*         0x08001cda        0x2 
 .text.HAL_InitTick
                0x08001cdc       0x78 ./Drivers/STM32L4xx_HAL_Driver/Src/stm32l4xx_hal.o
                0x08001cdc                HAL_InitTick
 .text.HAL_IncTick
                0x08001d54       0x28 ./Drivers/STM32L4xx_HAL_Driver/Src/stm32l4xx_hal.o
                0x08001d54                HAL_IncTick
 .text.HAL_GetTick
                0x08001d7c       0x18 ./Drivers/STM32L4xx_HAL_Driver/Src/stm32l4xx_hal.o
                0x08001d7c                HAL_GetTick
 .text.__NVIC_SetPriorityGrouping
                0x08001d94       0x48 ./Drivers/STM32L4xx_HAL_Driver/Src/stm32l4xx_hal_cortex.o
 .text.__NVIC_GetPriorityGrouping
                0x08001ddc       0x1c ./Drivers/STM32L4xx_HAL_Driver/Src/stm32l4xx_hal_cortex.o
 .text.__NVIC_EnableIRQ
                0x08001df8       0x3c ./Drivers/STM32L4xx_HAL_Driver/Src/stm32l4xx_hal_cortex.o
 .text.__NVIC_SetPriority
                0x08001e34       0x54 ./Drivers/STM32L4xx_HAL_Driver/Src/stm32l4xx_hal_cortex.o
 .text.NVIC_EncodePriority
                0x08001e88       0x66 ./Drivers/STM32L4xx_HAL_Driver/Src/stm32l4xx_hal_cortex.o
 *fill*         0x08001eee        0x2 
 .text.SysTick_Config
                0x08001ef0       0x44 ./Drivers/STM32L4xx_HAL_Driver/Src/stm32l4xx_hal_cortex.o
 .text.HAL_NVIC_SetPriorityGrouping
                0x08001f34       0x16 ./Drivers/STM32L4xx_HAL_Driver/Src/stm32l4xx_hal_cortex.o
                0x08001f34                HAL_NVIC_SetPriorityGrouping
 .text.HAL_NVIC_SetPriority
                0x08001f4a       0x38 ./Drivers/STM32L4xx_HAL_Driver/Src/stm32l4xx_hal_cortex.o
                0x08001f4a                HAL_NVIC_SetPriority
 .text.HAL_NVIC_EnableIRQ
                0x08001f82       0x1c ./Drivers/STM32L4xx_HAL_Driver/Src/stm32l4xx_hal_cortex.o
                0x08001f82                HAL_NVIC_EnableIRQ
 .text.HAL_SYSTICK_Config
                0x08001f9e       0x18 ./Drivers/STM32L4xx_HAL_Driver/Src/stm32l4xx_hal_cortex.o
                0x08001f9e                HAL_SYSTICK_Config
 .text.HAL_DMA_Abort
                0x08001fb6       0x7c ./Drivers/STM32L4xx_HAL_Driver/Src/stm32l4xx_hal_dma.o
                0x08001fb6                HAL_DMA_Abort
 .text.HAL_DMA_Abort_IT
                0x08002032       0x82 ./Drivers/STM32L4xx_HAL_Driver/Src/stm32l4xx_hal_dma.o
                0x08002032                HAL_DMA_Abort_IT
 .text.HAL_GPIO_Init
                0x080020b4      0x354 ./Drivers/STM32L4xx_HAL_Driver/Src/stm32l4xx_hal_gpio.o
                0x080020b4                HAL_GPIO_Init
 .text.HAL_GPIO_WritePin
                0x08002408       0x30 ./Drivers/STM32L4xx_HAL_Driver/Src/stm32l4xx_hal_gpio.o
                0x08002408                HAL_GPIO_WritePin
 .text.HAL_PWREx_GetVoltageRange
                0x08002438       0x1c ./Drivers/STM32L4xx_HAL_Driver/Src/stm32l4xx_hal_pwr_ex.o
                0x08002438                HAL_PWREx_GetVoltageRange
 .text.HAL_PWREx_ControlVoltageScaling
                0x08002454       0xac ./Drivers/STM32L4xx_HAL_Driver/Src/stm32l4xx_hal_pwr_ex.o
                0x08002454                HAL_PWREx_ControlVoltageScaling
 .text.HAL_RCC_OscConfig
                0x08002500      0x7b8 ./Drivers/STM32L4xx_HAL_Driver/Src/stm32l4xx_hal_rcc.o
                0x08002500                HAL_RCC_OscConfig
 .text.HAL_RCC_ClockConfig
                0x08002cb8      0x200 ./Drivers/STM32L4xx_HAL_Driver/Src/stm32l4xx_hal_rcc.o
                0x08002cb8                HAL_RCC_ClockConfig
 .text.HAL_RCC_GetSysClockFreq
                0x08002eb8      0x118 ./Drivers/STM32L4xx_HAL_Driver/Src/stm32l4xx_hal_rcc.o
                0x08002eb8                HAL_RCC_GetSysClockFreq
 .text.HAL_RCC_GetHCLKFreq
                0x08002fd0       0x18 ./Drivers/STM32L4xx_HAL_Driver/Src/stm32l4xx_hal_rcc.o
                0x08002fd0                HAL_RCC_GetHCLKFreq
 .text.HAL_RCC_GetPCLK1Freq
                0x08002fe8       0x2c ./Drivers/STM32L4xx_HAL_Driver/Src/stm32l4xx_hal_rcc.o
                0x08002fe8                HAL_RCC_GetPCLK1Freq
 .text.HAL_RCC_GetPCLK2Freq
                0x08003014       0x2c ./Drivers/STM32L4xx_HAL_Driver/Src/stm32l4xx_hal_rcc.o
                0x08003014                HAL_RCC_GetPCLK2Freq
 .text.RCC_SetFlashLatencyFromMSIRange
                0x08003040       0xc0 ./Drivers/STM32L4xx_HAL_Driver/Src/stm32l4xx_hal_rcc.o
 .text.HAL_RCCEx_PeriphCLKConfig
                0x08003100      0x5d4 ./Drivers/STM32L4xx_HAL_Driver/Src/stm32l4xx_hal_rcc_ex.o
                0x08003100                HAL_RCCEx_PeriphCLKConfig
 .text.RCCEx_PLLSAI1_Config
                0x080036d4      0x1e8 ./Drivers/STM32L4xx_HAL_Driver/Src/stm32l4xx_hal_rcc_ex.o
 .text.RCCEx_PLLSAI2_Config
                0x080038bc      0x1bc ./Drivers/STM32L4xx_HAL_Driver/Src/stm32l4xx_hal_rcc_ex.o
 .text.HAL_TIM_Base_Init
                0x08003a78       0xae ./Drivers/STM32L4xx_HAL_Driver/Src/stm32l4xx_hal_tim.o
                0x08003a78                HAL_TIM_Base_Init
 *fill*         0x08003b26        0x2 
 .text.HAL_TIM_Base_Start
                0x08003b28       0xd0 ./Drivers/STM32L4xx_HAL_Driver/Src/stm32l4xx_hal_tim.o
                0x08003b28                HAL_TIM_Base_Start
 .text.HAL_TIM_Base_Start_IT
                0x08003bf8       0xe0 ./Drivers/STM32L4xx_HAL_Driver/Src/stm32l4xx_hal_tim.o
                0x08003bf8                HAL_TIM_Base_Start_IT
 .text.HAL_TIM_IRQHandler
                0x08003cd8      0x20e ./Drivers/STM32L4xx_HAL_Driver/Src/stm32l4xx_hal_tim.o
                0x08003cd8                HAL_TIM_IRQHandler
 .text.HAL_TIM_ConfigClockSource
                0x08003ee6      0x192 ./Drivers/STM32L4xx_HAL_Driver/Src/stm32l4xx_hal_tim.o
                0x08003ee6                HAL_TIM_ConfigClockSource
 .text.HAL_TIM_OC_DelayElapsedCallback
                0x08004078       0x14 ./Drivers/STM32L4xx_HAL_Driver/Src/stm32l4xx_hal_tim.o
                0x08004078                HAL_TIM_OC_DelayElapsedCallback
 .text.HAL_TIM_IC_CaptureCallback
                0x0800408c       0x14 ./Drivers/STM32L4xx_HAL_Driver/Src/stm32l4xx_hal_tim.o
                0x0800408c                HAL_TIM_IC_CaptureCallback
 .text.HAL_TIM_PWM_PulseFinishedCallback
                0x080040a0       0x14 ./Drivers/STM32L4xx_HAL_Driver/Src/stm32l4xx_hal_tim.o
                0x080040a0                HAL_TIM_PWM_PulseFinishedCallback
 .text.HAL_TIM_TriggerCallback
                0x080040b4       0x14 ./Drivers/STM32L4xx_HAL_Driver/Src/stm32l4xx_hal_tim.o
                0x080040b4                HAL_TIM_TriggerCallback
 .text.TIM_Base_SetConfig
                0x080040c8      0x14c ./Drivers/STM32L4xx_HAL_Driver/Src/stm32l4xx_hal_tim.o
                0x080040c8                TIM_Base_SetConfig
 .text.TIM_TI1_ConfigInputStage
                0x08004214       0x5e ./Drivers/STM32L4xx_HAL_Driver/Src/stm32l4xx_hal_tim.o
 .text.TIM_TI2_ConfigInputStage
                0x08004272       0x60 ./Drivers/STM32L4xx_HAL_Driver/Src/stm32l4xx_hal_tim.o
 .text.TIM_ITRx_SetConfig
                0x080042d2       0x36 ./Drivers/STM32L4xx_HAL_Driver/Src/stm32l4xx_hal_tim.o
 .text.TIM_ETR_SetConfig
                0x08004308       0x40 ./Drivers/STM32L4xx_HAL_Driver/Src/stm32l4xx_hal_tim.o
                0x08004308                TIM_ETR_SetConfig
 .text.HAL_TIMEx_MasterConfigSynchronization
                0x08004348      0x110 ./Drivers/STM32L4xx_HAL_Driver/Src/stm32l4xx_hal_tim_ex.o
                0x08004348                HAL_TIMEx_MasterConfigSynchronization
 .text.HAL_TIMEx_CommutCallback
                0x08004458       0x14 ./Drivers/STM32L4xx_HAL_Driver/Src/stm32l4xx_hal_tim_ex.o
                0x08004458                HAL_TIMEx_CommutCallback
 .text.HAL_TIMEx_BreakCallback
                0x0800446c       0x14 ./Drivers/STM32L4xx_HAL_Driver/Src/stm32l4xx_hal_tim_ex.o
                0x0800446c                HAL_TIMEx_BreakCallback
 .text.HAL_TIMEx_Break2Callback
                0x08004480       0x14 ./Drivers/STM32L4xx_HAL_Driver/Src/stm32l4xx_hal_tim_ex.o
                0x08004480                HAL_TIMEx_Break2Callback
 .text.HAL_UART_Init
                0x08004494       0x9c ./Drivers/STM32L4xx_HAL_Driver/Src/stm32l4xx_hal_uart.o
                0x08004494                HAL_UART_Init
 .text.HAL_UART_Transmit
                0x08004530      0x112 ./Drivers/STM32L4xx_HAL_Driver/Src/stm32l4xx_hal_uart.o
                0x08004530                HAL_UART_Transmit
 *fill*         0x08004642        0x2 
 .text.HAL_UART_IRQHandler
                0x08004644      0x60c ./Drivers/STM32L4xx_HAL_Driver/Src/stm32l4xx_hal_uart.o
                0x08004644                HAL_UART_IRQHandler
 .text.HAL_UART_TxCpltCallback
                0x08004c50       0x14 ./Drivers/STM32L4xx_HAL_Driver/Src/stm32l4xx_hal_uart.o
                0x08004c50                HAL_UART_TxCpltCallback
 .text.HAL_UART_ErrorCallback
                0x08004c64       0x14 ./Drivers/STM32L4xx_HAL_Driver/Src/stm32l4xx_hal_uart.o
                0x08004c64                HAL_UART_ErrorCallback
 .text.HAL_UARTEx_RxEventCallback
                0x08004c78       0x18 ./Drivers/STM32L4xx_HAL_Driver/Src/stm32l4xx_hal_uart.o
                0x08004c78                HAL_UARTEx_RxEventCallback
 .text.UART_SetConfig
                0x08004c90      0x570 ./Drivers/STM32L4xx_HAL_Driver/Src/stm32l4xx_hal_uart.o
                0x08004c90                UART_SetConfig
 .text.UART_AdvFeatureConfig
                0x08005200      0x144 ./Drivers/STM32L4xx_HAL_Driver/Src/stm32l4xx_hal_uart.o
                0x08005200                UART_AdvFeatureConfig
 .text.UART_CheckIdleState
                0x08005344      0x150 ./Drivers/STM32L4xx_HAL_Driver/Src/stm32l4xx_hal_uart.o
                0x08005344                UART_CheckIdleState
 .text.UART_WaitOnFlagUntilTimeout
                0x08005494       0xda ./Drivers/STM32L4xx_HAL_Driver/Src/stm32l4xx_hal_uart.o
                0x08005494                UART_WaitOnFlagUntilTimeout
 .text.UART_EndRxTransfer
                0x0800556e       0xc8 ./Drivers/STM32L4xx_HAL_Driver/Src/stm32l4xx_hal_uart.o
 .text.UART_DMAAbortOnError
                0x08005636       0x2c ./Drivers/STM32L4xx_HAL_Driver/Src/stm32l4xx_hal_uart.o
 .text.UART_EndTransmit_IT
                0x08005662       0x54 ./Drivers/STM32L4xx_HAL_Driver/Src/stm32l4xx_hal_uart.o
 .text.HAL_UARTEx_WakeupCallback
                0x080056b6       0x14 ./Drivers/STM32L4xx_HAL_Driver/Src/stm32l4xx_hal_uart_ex.o
                0x080056b6                HAL_UARTEx_WakeupCallback
 *fill*         0x080056ca        0x2 
 .text.sprintf  0x080056cc       0x44 /Applications/STM32CubeIDE.app/Contents/Eclipse/plugins/com.st.stm32cube.ide.mcu.externaltools.gnu-tools-for-stm32.13.3.rel1.macos64_1.0.0.202411102158/tools/bin/../lib/gcc/arm-none-eabi/13.3.1/../../../../arm-none-eabi/lib/thumb/v7e-m+fp/hard/libc_nano.a(libc_a-sprintf.o)
                0x080056cc                sprintf
                0x080056cc                siprintf
 .text.memset   0x08005710       0x10 /Applications/STM32CubeIDE.app/Contents/Eclipse/plugins/com.st.stm32cube.ide.mcu.externaltools.gnu-tools-for-stm32.13.3.rel1.macos64_1.0.0.202411102158/tools/bin/../lib/gcc/arm-none-eabi/13.3.1/../../../../arm-none-eabi/lib/thumb/v7e-m+fp/hard/libc_nano.a(libc_a-memset.o)
                0x08005710                memset
 .text.__errno  0x08005720        0xc /Applications/STM32CubeIDE.app/Contents/Eclipse/plugins/com.st.stm32cube.ide.mcu.externaltools.gnu-tools-for-stm32.13.3.rel1.macos64_1.0.0.202411102158/tools/bin/../lib/gcc/arm-none-eabi/13.3.1/../../../../arm-none-eabi/lib/thumb/v7e-m+fp/hard/libc_nano.a(libc_a-errno.o)
                0x08005720                __errno
 .text.__libc_init_array
                0x0800572c       0x48 /Applications/STM32CubeIDE.app/Contents/Eclipse/plugins/com.st.stm32cube.ide.mcu.externaltools.gnu-tools-for-stm32.13.3.rel1.macos64_1.0.0.202411102158/tools/bin/../lib/gcc/arm-none-eabi/13.3.1/../../../../arm-none-eabi/lib/thumb/v7e-m+fp/hard/libc_nano.a(libc_a-init.o)
                0x0800572c                __libc_init_array
 .text.__retarget_lock_acquire_recursive
                0x08005774        0x2 /Applications/STM32CubeIDE.app/Contents/Eclipse/plugins/com.st.stm32cube.ide.mcu.externaltools.gnu-tools-for-stm32.13.3.rel1.macos64_1.0.0.202411102158/tools/bin/../lib/gcc/arm-none-eabi/13.3.1/../../../../arm-none-eabi/lib/thumb/v7e-m+fp/hard/libc_nano.a(libc_a-lock.o)
                0x08005774                __retarget_lock_acquire_recursive
 .text.__retarget_lock_release_recursive
                0x08005776        0x2 /Applications/STM32CubeIDE.app/Contents/Eclipse/plugins/com.st.stm32cube.ide.mcu.externaltools.gnu-tools-for-stm32.13.3.rel1.macos64_1.0.0.202411102158/tools/bin/../lib/gcc/arm-none-eabi/13.3.1/../../../../arm-none-eabi/lib/thumb/v7e-m+fp/hard/libc_nano.a(libc_a-lock.o)
                0x08005776                __retarget_lock_release_recursive
 .text.memcpy   0x08005778       0x1c /Applications/STM32CubeIDE.app/Contents/Eclipse/plugins/com.st.stm32cube.ide.mcu.externaltools.gnu-tools-for-stm32.13.3.rel1.macos64_1.0.0.202411102158/tools/bin/../lib/gcc/arm-none-eabi/13.3.1/../../../../arm-none-eabi/lib/thumb/v7e-m+fp/hard/libc_nano.a(libc_a-memcpy-stub.o)
                0x08005778                memcpy
 .text.__ssputs_r
                0x08005794       0xb6 /Applications/STM32CubeIDE.app/Contents/Eclipse/plugins/com.st.stm32cube.ide.mcu.externaltools.gnu-tools-for-stm32.13.3.rel1.macos64_1.0.0.202411102158/tools/bin/../lib/gcc/arm-none-eabi/13.3.1/../../../../arm-none-eabi/lib/thumb/v7e-m+fp/hard/libc_nano.a(libc_a-nano-svfprintf.o)
                0x08005794                __ssputs_r
 *fill*         0x0800584a        0x2 
 .text._svfprintf_r
                0x0800584c      0x1f8 /Applications/STM32CubeIDE.app/Contents/Eclipse/plugins/com.st.stm32cube.ide.mcu.externaltools.gnu-tools-for-stm32.13.3.rel1.macos64_1.0.0.202411102158/tools/bin/../lib/gcc/arm-none-eabi/13.3.1/../../../../arm-none-eabi/lib/thumb/v7e-m+fp/hard/libc_nano.a(libc_a-nano-svfprintf.o)
                0x0800584c                _svfprintf_r
                0x0800584c                _svfiprintf_r
 .text.sbrk_aligned
                0x08005a44       0x44 /Applications/STM32CubeIDE.app/Contents/Eclipse/plugins/com.st.stm32cube.ide.mcu.externaltools.gnu-tools-for-stm32.13.3.rel1.macos64_1.0.0.202411102158/tools/bin/../lib/gcc/arm-none-eabi/13.3.1/../../../../arm-none-eabi/lib/thumb/v7e-m+fp/hard/libc_nano.a(libc_a-mallocr.o)
 .text._malloc_r
                0x08005a88      0x100 /Applications/STM32CubeIDE.app/Contents/Eclipse/plugins/com.st.stm32cube.ide.mcu.externaltools.gnu-tools-for-stm32.13.3.rel1.macos64_1.0.0.202411102158/tools/bin/../lib/gcc/arm-none-eabi/13.3.1/../../../../arm-none-eabi/lib/thumb/v7e-m+fp/hard/libc_nano.a(libc_a-mallocr.o)
                0x08005a88                _malloc_r
 .text._printf_common
                0x08005b88       0xda /Applications/STM32CubeIDE.app/Contents/Eclipse/plugins/com.st.stm32cube.ide.mcu.externaltools.gnu-tools-for-stm32.13.3.rel1.macos64_1.0.0.202411102158/tools/bin/../lib/gcc/arm-none-eabi/13.3.1/../../../../arm-none-eabi/lib/thumb/v7e-m+fp/hard/libc_nano.a(libc_a-nano-vfprintf_i.o)
                0x08005b88                _printf_common
 *fill*         0x08005c62        0x2 
 .text._printf_i
                0x08005c64      0x23c /Applications/STM32CubeIDE.app/Contents/Eclipse/plugins/com.st.stm32cube.ide.mcu.externaltools.gnu-tools-for-stm32.13.3.rel1.macos64_1.0.0.202411102158/tools/bin/../lib/gcc/arm-none-eabi/13.3.1/../../../../arm-none-eabi/lib/thumb/v7e-m+fp/hard/libc_nano.a(libc_a-nano-vfprintf_i.o)
                0x08005c64                _printf_i
 .text.__malloc_lock
                0x08005ea0        0xc /Applications/STM32CubeIDE.app/Contents/Eclipse/plugins/com.st.stm32cube.ide.mcu.externaltools.gnu-tools-for-stm32.13.3.rel1.macos64_1.0.0.202411102158/tools/bin/../lib/gcc/arm-none-eabi/13.3.1/../../../../arm-none-eabi/lib/thumb/v7e-m+fp/hard/libc_nano.a(libc_a-mlock.o)
                0x08005ea0                __malloc_lock
 .text.__malloc_unlock
                0x08005eac        0xc /Applications/STM32CubeIDE.app/Contents/Eclipse/plugins/com.st.stm32cube.ide.mcu.externaltools.gnu-tools-for-stm32.13.3.rel1.macos64_1.0.0.202411102158/tools/bin/../lib/gcc/arm-none-eabi/13.3.1/../../../../arm-none-eabi/lib/thumb/v7e-m+fp/hard/libc_nano.a(libc_a-mlock.o)
                0x08005eac                __malloc_unlock
 .text._realloc_r
                0x08005eb8       0x5c /Applications/STM32CubeIDE.app/Contents/Eclipse/plugins/com.st.stm32cube.ide.mcu.externaltools.gnu-tools-for-stm32.13.3.rel1.macos64_1.0.0.202411102158/tools/bin/../lib/gcc/arm-none-eabi/13.3.1/../../../../arm-none-eabi/lib/thumb/v7e-m+fp/hard/libc_nano.a(libc_a-reallocr.o)
                0x08005eb8                _realloc_r
 .text.memmove  0x08005f14       0x34 /Applications/STM32CubeIDE.app/Contents/Eclipse/plugins/com.st.stm32cube.ide.mcu.externaltools.gnu-tools-for-stm32.13.3.rel1.macos64_1.0.0.202411102158/tools/bin/../lib/gcc/arm-none-eabi/13.3.1/../../../../arm-none-eabi/lib/thumb/v7e-m+fp/hard/libc_nano.a(libc_a-memmove.o)
                0x08005f14                memmove
 .text._sbrk_r  0x08005f48       0x20 /Applications/STM32CubeIDE.app/Contents/Eclipse/plugins/com.st.stm32cube.ide.mcu.externaltools.gnu-tools-for-stm32.13.3.rel1.macos64_1.0.0.202411102158/tools/bin/../lib/gcc/arm-none-eabi/13.3.1/../../../../arm-none-eabi/lib/thumb/v7e-m+fp/hard/libc_nano.a(libc_a-sbrkr.o)
                0x08005f48                _sbrk_r
 .text._free_r  0x08005f68       0x94 /Applications/STM32CubeIDE.app/Contents/Eclipse/plugins/com.st.stm32cube.ide.mcu.externaltools.gnu-tools-for-stm32.13.3.rel1.macos64_1.0.0.202411102158/tools/bin/../lib/gcc/arm-none-eabi/13.3.1/../../../../arm-none-eabi/lib/thumb/v7e-m+fp/hard/libc_nano.a(libc_a-freer.o)
                0x08005f68                _free_r
 .text._malloc_usable_size_r
                0x08005ffc       0x10 /Applications/STM32CubeIDE.app/Contents/Eclipse/plugins/com.st.stm32cube.ide.mcu.externaltools.gnu-tools-for-stm32.13.3.rel1.macos64_1.0.0.202411102158/tools/bin/../lib/gcc/arm-none-eabi/13.3.1/../../../../arm-none-eabi/lib/thumb/v7e-m+fp/hard/libc_nano.a(libc_a-msizer.o)
                0x08005ffc                _malloc_usable_size_r
 *(.glue_7)
 .glue_7        0x0800600c        0x0 linker stubs
 *(.glue_7t)
 .glue_7t       0x0800600c        0x0 linker stubs
 *(.eh_frame)
 .eh_frame      0x0800600c        0x0 /Applications/STM32CubeIDE.app/Contents/Eclipse/plugins/com.st.stm32cube.ide.mcu.externaltools.gnu-tools-for-stm32.13.3.rel1.macos64_1.0.0.202411102158/tools/bin/../lib/gcc/arm-none-eabi/13.3.1/thumb/v7e-m+fp/hard/crtbegin.o
 *(.init)
 .init          0x0800600c        0x4 /Applications/STM32CubeIDE.app/Contents/Eclipse/plugins/com.st.stm32cube.ide.mcu.externaltools.gnu-tools-for-stm32.13.3.rel1.macos64_1.0.0.202411102158/tools/bin/../lib/gcc/arm-none-eabi/13.3.1/thumb/v7e-m+fp/hard/crti.o
                0x0800600c                _init
 .init          0x08006010        0x8 /Applications/STM32CubeIDE.app/Contents/Eclipse/plugins/com.st.stm32cube.ide.mcu.externaltools.gnu-tools-for-stm32.13.3.rel1.macos64_1.0.0.202411102158/tools/bin/../lib/gcc/arm-none-eabi/13.3.1/thumb/v7e-m+fp/hard/crtn.o
 *(.fini)
 .fini          0x08006018        0x4 /Applications/STM32CubeIDE.app/Contents/Eclipse/plugins/com.st.stm32cube.ide.mcu.externaltools.gnu-tools-for-stm32.13.3.rel1.macos64_1.0.0.202411102158/tools/bin/../lib/gcc/arm-none-eabi/13.3.1/thumb/v7e-m+fp/hard/crti.o
                0x08006018                _fini
 .fini          0x0800601c        0x8 /Applications/STM32CubeIDE.app/Contents/Eclipse/plugins/com.st.stm32cube.ide.mcu.externaltools.gnu-tools-for-stm32.13.3.rel1.macos64_1.0.0.202411102158/tools/bin/../lib/gcc/arm-none-eabi/13.3.1/thumb/v7e-m+fp/hard/crtn.o
                0x08006024                        . = ALIGN (0x4)
                0x08006024                        _etext = .

.vfp11_veneer   0x08006024        0x0
 .vfp11_veneer  0x08006024        0x0 linker stubs

.v4_bx          0x08006024        0x0
 .v4_bx         0x08006024        0x0 linker stubs

.iplt           0x08006024        0x0
 .iplt          0x08006024        0x0 /Applications/STM32CubeIDE.app/Contents/Eclipse/plugins/com.st.stm32cube.ide.mcu.externaltools.gnu-tools-for-stm32.13.3.rel1.macos64_1.0.0.202411102158/tools/bin/../lib/gcc/arm-none-eabi/13.3.1/thumb/v7e-m+fp/hard/crtbegin.o

.rodata         0x08006024      0x444
                0x08006024                        . = ALIGN (0x4)
 *(.rodata)
 .rodata        0x08006024      0x31e ./Core/Src/App_KeyDisplay.o
 *(.rodata*)
 *fill*         0x08006342        0x2 
 .rodata.clrscr
                0x08006344        0x5 ./Core/Src/Display.o
                0x08006344                clrscr
 *fill*         0x08006349        0x3 
 .rodata.cursorHome
                0x0800634c        0x4 ./Core/Src/Display.o
                0x0800634c                cursorHome
 .rodata.sKeyControl
                0x08006350       0x90 ./Core/Src/Key.o
                0x08006350                sKeyControl
 .rodata.SSEG_TT
                0x080063e0        0xa ./Core/Src/shiftreg.o
                0x080063e0                SSEG_TT
 *fill*         0x080063ea        0x2 
 .rodata.AHBPrescTable
                0x080063ec       0x10 ./Core/Src/system_stm32l4xx.o
                0x080063ec                AHBPrescTable
 .rodata.APBPrescTable
                0x080063fc        0x8 ./Core/Src/system_stm32l4xx.o
                0x080063fc                APBPrescTable
 .rodata.MSIRangeTable
                0x08006404       0x30 ./Core/Src/system_stm32l4xx.o
                0x08006404                MSIRangeTable
 .rodata._svfprintf_r.str1.1
                0x08006434       0x33 /Applications/STM32CubeIDE.app/Contents/Eclipse/plugins/com.st.stm32cube.ide.mcu.externaltools.gnu-tools-for-stm32.13.3.rel1.macos64_1.0.0.202411102158/tools/bin/../lib/gcc/arm-none-eabi/13.3.1/../../../../arm-none-eabi/lib/thumb/v7e-m+fp/hard/libc_nano.a(libc_a-nano-svfprintf.o)
                                 0x11 (size before relaxing)
 .rodata._printf_i.str1.1
                0x08006467       0x22 /Applications/STM32CubeIDE.app/Contents/Eclipse/plugins/com.st.stm32cube.ide.mcu.externaltools.gnu-tools-for-stm32.13.3.rel1.macos64_1.0.0.202411102158/tools/bin/../lib/gcc/arm-none-eabi/13.3.1/../../../../arm-none-eabi/lib/thumb/v7e-m+fp/hard/libc_nano.a(libc_a-nano-vfprintf_i.o)
                0x0800648c                        . = ALIGN (0x4)
 *fill*         0x08006467        0x1 

.ARM.extab      0x08006468        0x0
                0x08006468                        . = ALIGN (0x4)
 *(.ARM.extab* .gnu.linkonce.armextab.*)
                0x08006468                        . = ALIGN (0x4)

.ARM            0x08006468        0x8
                0x08006468                        . = ALIGN (0x4)
                0x08006468                        __exidx_start = .
 *(.ARM.exidx*)
 .ARM.exidx     0x08006468        0x8 /Applications/STM32CubeIDE.app/Contents/Eclipse/plugins/com.st.stm32cube.ide.mcu.externaltools.gnu-tools-for-stm32.13.3.rel1.macos64_1.0.0.202411102158/tools/bin/../lib/gcc/arm-none-eabi/13.3.1/../../../../arm-none-eabi/lib/thumb/v7e-m+fp/hard/libc_nano.a(libc_a-strlen.o)
 .ARM.exidx     0x08006470        0x0 /Applications/STM32CubeIDE.app/Contents/Eclipse/plugins/com.st.stm32cube.ide.mcu.externaltools.gnu-tools-for-stm32.13.3.rel1.macos64_1.0.0.202411102158/tools/bin/../lib/gcc/arm-none-eabi/13.3.1/../../../../arm-none-eabi/lib/thumb/v7e-m+fp/hard/libc_nano.a(libc_a-memchr.o)
                                  0x8 (size before relaxing)
 .ARM.exidx     0x08006470        0x0 /Applications/STM32CubeIDE.app/Contents/Eclipse/plugins/com.st.stm32cube.ide.mcu.externaltools.gnu-tools-for-stm32.13.3.rel1.macos64_1.0.0.202411102158/tools/bin/../lib/gcc/arm-none-eabi/13.3.1/thumb/v7e-m+fp/hard/libgcc.a(_udivmoddi4.o)
                                  0x8 (size before relaxing)
                0x08006470                        __exidx_end = .
                0x08006470                        . = ALIGN (0x4)

.preinit_array  0x08006470        0x0
                0x08006470                        . = ALIGN (0x4)
                0x08006470                        PROVIDE (__preinit_array_start = .)
 *(.preinit_array*)
                0x08006470                        PROVIDE (__preinit_array_end = .)
                0x08006470                        . = ALIGN (0x4)

.init_array     0x08006470        0x4
                0x08006470                        . = ALIGN (0x4)
                0x08006470                        PROVIDE (__init_array_start = .)
 *(SORT_BY_NAME(.init_array.*))
 *(.init_array*)
 .init_array    0x08006470        0x4 /Applications/STM32CubeIDE.app/Contents/Eclipse/plugins/com.st.stm32cube.ide.mcu.externaltools.gnu-tools-for-stm32.13.3.rel1.macos64_1.0.0.202411102158/tools/bin/../lib/gcc/arm-none-eabi/13.3.1/thumb/v7e-m+fp/hard/crtbegin.o
                0x08006474                        PROVIDE (__init_array_end = .)
                0x08006474                        . = ALIGN (0x4)

.fini_array     0x08006474        0x4
                0x08006474                        . = ALIGN (0x4)
                [!provide]                        PROVIDE (__fini_array_start = .)
 *(SORT_BY_NAME(.fini_array.*))
 *(.fini_array*)
 .fini_array    0x08006474        0x4 /Applications/STM32CubeIDE.app/Contents/Eclipse/plugins/com.st.stm32cube.ide.mcu.externaltools.gnu-tools-for-stm32.13.3.rel1.macos64_1.0.0.202411102158/tools/bin/../lib/gcc/arm-none-eabi/13.3.1/thumb/v7e-m+fp/hard/crtbegin.o
                [!provide]                        PROVIDE (__fini_array_end = .)
                0x08006478                        . = ALIGN (0x4)
                0x08006478                        _sidata = LOADADDR (.data)

.rel.dyn        0x08006478        0x0
 .rel.iplt      0x08006478        0x0 /Applications/STM32CubeIDE.app/Contents/Eclipse/plugins/com.st.stm32cube.ide.mcu.externaltools.gnu-tools-for-stm32.13.3.rel1.macos64_1.0.0.202411102158/tools/bin/../lib/gcc/arm-none-eabi/13.3.1/thumb/v7e-m+fp/hard/crtbegin.o

.data           0x20000000       0x64 load address 0x08006478
                0x20000000                        . = ALIGN (0x4)
                0x20000000                        _sdata = .
 *(.data)
 *(.data*)
 .data.Init_Data
                0x20000000        0x7 ./Core/Src/main.o
 *fill*         0x20000007        0x1 
 .data.SystemCoreClock
                0x20000008        0x4 ./Core/Src/system_stm32l4xx.o
                0x20000008                SystemCoreClock
 .data.uwTickPrio
                0x2000000c        0x4 ./Drivers/STM32L4xx_HAL_Driver/Src/stm32l4xx_hal.o
                0x2000000c                uwTickPrio
 .data.uwTickFreq
                0x20000010        0x1 ./Drivers/STM32L4xx_HAL_Driver/Src/stm32l4xx_hal.o
                0x20000010                uwTickFreq
 *fill*         0x20000011        0x3 
 .data._impure_ptr
                0x20000014        0x4 /Applications/STM32CubeIDE.app/Contents/Eclipse/plugins/com.st.stm32cube.ide.mcu.externaltools.gnu-tools-for-stm32.13.3.rel1.macos64_1.0.0.202411102158/tools/bin/../lib/gcc/arm-none-eabi/13.3.1/../../../../arm-none-eabi/lib/thumb/v7e-m+fp/hard/libc_nano.a(libc_a-impure.o)
                0x20000014                _impure_ptr
 .data._impure_data
                0x20000018       0x4c /Applications/STM32CubeIDE.app/Contents/Eclipse/plugins/com.st.stm32cube.ide.mcu.externaltools.gnu-tools-for-stm32.13.3.rel1.macos64_1.0.0.202411102158/tools/bin/../lib/gcc/arm-none-eabi/13.3.1/../../../../arm-none-eabi/lib/thumb/v7e-m+fp/hard/libc_nano.a(libc_a-impure.o)
                0x20000018                _impure_data
 *(.RamFunc)
 *(.RamFunc*)
                0x20000064                        . = ALIGN (0x4)
                0x20000064                        _edata = .

.igot.plt       0x20000064        0x0 load address 0x080064dc
 .igot.plt      0x20000064        0x0 /Applications/STM32CubeIDE.app/Contents/Eclipse/plugins/com.st.stm32cube.ide.mcu.externaltools.gnu-tools-for-stm32.13.3.rel1.macos64_1.0.0.202411102158/tools/bin/../lib/gcc/arm-none-eabi/13.3.1/thumb/v7e-m+fp/hard/crtbegin.o
                0x20000064                        . = ALIGN (0x4)

.bss            0x20000064      0x2c8 load address 0x080064dc
                0x20000064                        _sbss = .
                0x20000064                        __bss_start__ = _sbss
 *(.bss)
 .bss           0x20000064       0x1c /Applications/STM32CubeIDE.app/Contents/Eclipse/plugins/com.st.stm32cube.ide.mcu.externaltools.gnu-tools-for-stm32.13.3.rel1.macos64_1.0.0.202411102158/tools/bin/../lib/gcc/arm-none-eabi/13.3.1/thumb/v7e-m+fp/hard/crtbegin.o
 *(.bss*)
 .bss.Star_first_press
                0x20000080        0x2 ./Core/Src/App_KeyDisplay.o
                0x20000080                Star_first_press
 *fill*         0x20000082        0x2 
 .bss.KeyTapPushMap
                0x20000084        0xc ./Core/Src/Key.o
                0x20000084                KeyTapPushMap
 .bss.sKeyStatus
                0x20000090        0x2 ./Core/Src/Key.o
                0x20000090                sKeyStatus
 *fill*         0x20000092        0x2 
 .bss.sKeyCurrentCol
                0x20000094        0x6 ./Core/Src/Key.o
                0x20000094                sKeyCurrentCol
 *fill*         0x2000009a        0x2 
 .bss.sKeyDebouncedCol
                0x2000009c        0x6 ./Core/Src/Key.o
                0x2000009c                sKeyDebouncedCol
 .bss.sKeyIssued
                0x200000a2        0x2 ./Core/Src/Key.o
                0x200000a2                sKeyIssued
 .bss.sKeyPreviousCol
                0x200000a4        0x6 ./Core/Src/Key.o
                0x200000a4                sKeyPreviousCol
 *fill*         0x200000aa        0x2 
 .bss.sKeyLow2HighCol
                0x200000ac        0x6 ./Core/Src/Key.o
                0x200000ac                sKeyLow2HighCol
 *fill*         0x200000b2        0x2 
 .bss.htim2     0x200000b4       0x4c ./Core/Src/main.o
                0x200000b4                htim2
 .bss.htim5     0x20000100       0x4c ./Core/Src/main.o
                0x20000100                htim5
 .bss.huart2    0x2000014c       0x88 ./Core/Src/main.o
                0x2000014c                huart2
 .bss.__sbrk_heap_end
                0x200001d4        0x4 ./Core/Src/sysmem.o
 .bss.sTimer    0x200001d8        0x4 ./Core/Src/timer.o
                0x200001d8                sTimer
 .bss.htim_ns_upcounter
                0x200001dc        0x4 ./Core/Src/timer.o
 .bss.uwTick    0x200001e0        0x4 ./Drivers/STM32L4xx_HAL_Driver/Src/stm32l4xx_hal.o
                0x200001e0                uwTick
 .bss.__sf      0x200001e4      0x138 /Applications/STM32CubeIDE.app/Contents/Eclipse/plugins/com.st.stm32cube.ide.mcu.externaltools.gnu-tools-for-stm32.13.3.rel1.macos64_1.0.0.202411102158/tools/bin/../lib/gcc/arm-none-eabi/13.3.1/../../../../arm-none-eabi/lib/thumb/v7e-m+fp/hard/libc_nano.a(libc_a-findfp.o)
                0x200001e4                __sf
 .bss.__lock___malloc_recursive_mutex
                0x2000031c        0x1 /Applications/STM32CubeIDE.app/Contents/Eclipse/plugins/com.st.stm32cube.ide.mcu.externaltools.gnu-tools-for-stm32.13.3.rel1.macos64_1.0.0.202411102158/tools/bin/../lib/gcc/arm-none-eabi/13.3.1/../../../../arm-none-eabi/lib/thumb/v7e-m+fp/hard/libc_nano.a(libc_a-lock.o)
                0x2000031c                __lock___malloc_recursive_mutex
 *fill*         0x2000031d        0x3 
 .bss.__malloc_sbrk_start
                0x20000320        0x4 /Applications/STM32CubeIDE.app/Contents/Eclipse/plugins/com.st.stm32cube.ide.mcu.externaltools.gnu-tools-for-stm32.13.3.rel1.macos64_1.0.0.202411102158/tools/bin/../lib/gcc/arm-none-eabi/13.3.1/../../../../arm-none-eabi/lib/thumb/v7e-m+fp/hard/libc_nano.a(libc_a-mallocr.o)
                0x20000320                __malloc_sbrk_start
 .bss.__malloc_free_list
                0x20000324        0x4 /Applications/STM32CubeIDE.app/Contents/Eclipse/plugins/com.st.stm32cube.ide.mcu.externaltools.gnu-tools-for-stm32.13.3.rel1.macos64_1.0.0.202411102158/tools/bin/../lib/gcc/arm-none-eabi/13.3.1/../../../../arm-none-eabi/lib/thumb/v7e-m+fp/hard/libc_nano.a(libc_a-mallocr.o)
                0x20000324                __malloc_free_list
 .bss.errno     0x20000328        0x4 /Applications/STM32CubeIDE.app/Contents/Eclipse/plugins/com.st.stm32cube.ide.mcu.externaltools.gnu-tools-for-stm32.13.3.rel1.macos64_1.0.0.202411102158/tools/bin/../lib/gcc/arm-none-eabi/13.3.1/../../../../arm-none-eabi/lib/thumb/v7e-m+fp/hard/libc_nano.a(libc_a-reent.o)
                0x20000328                errno
 *(COMMON)
                0x2000032c                        . = ALIGN (0x4)
                0x2000032c                        _ebss = .
                0x2000032c                        __bss_end__ = _ebss

._user_heap_stack
                0x2000032c      0x604 load address 0x080064dc
                0x20000330                        . = ALIGN (0x8)
 *fill*         0x2000032c        0x4 
                [!provide]                        PROVIDE (end = .)
                0x20000330                        PROVIDE (_end = .)
                0x20000530                        . = (. + _Min_Heap_Size)
 *fill*         0x20000330      0x200 
                0x20000930                        . = (. + _Min_Stack_Size)
 *fill*         0x20000530      0x400 
                0x20000930                        . = ALIGN (0x8)

/DISCARD/
 libc.a(*)
 libm.a(*)
 libgcc.a(*)

.ARM.attributes
                0x00000000       0x30
 *(.ARM.attributes)
 .ARM.attributes
                0x00000000       0x22 /Applications/STM32CubeIDE.app/Contents/Eclipse/plugins/com.st.stm32cube.ide.mcu.externaltools.gnu-tools-for-stm32.13.3.rel1.macos64_1.0.0.202411102158/tools/bin/../lib/gcc/arm-none-eabi/13.3.1/thumb/v7e-m+fp/hard/crti.o
 .ARM.attributes
                0x00000022       0x34 /Applications/STM32CubeIDE.app/Contents/Eclipse/plugins/com.st.stm32cube.ide.mcu.externaltools.gnu-tools-for-stm32.13.3.rel1.macos64_1.0.0.202411102158/tools/bin/../lib/gcc/arm-none-eabi/13.3.1/thumb/v7e-m+fp/hard/crtbegin.o
 .ARM.attributes
                0x00000056       0x34 ./Core/Src/App_KeyDisplay.o
 .ARM.attributes
                0x0000008a       0x34 ./Core/Src/Display.o
 .ARM.attributes
                0x000000be       0x34 ./Core/Src/HAL.o
 .ARM.attributes
                0x000000f2       0x34 ./Core/Src/Key.o
 .ARM.attributes
                0x00000126       0x34 ./Core/Src/main.o
 .ARM.attributes
                0x0000015a       0x34 ./Core/Src/shiftreg.o
 .ARM.attributes
                0x0000018e       0x34 ./Core/Src/stm32l4xx_hal_msp.o
 .ARM.attributes
                0x000001c2       0x34 ./Core/Src/stm32l4xx_it.o
 .ARM.attributes
                0x000001f6       0x34 ./Core/Src/sysmem.o
 .ARM.attributes
                0x0000022a       0x34 ./Core/Src/system_stm32l4xx.o
 .ARM.attributes
                0x0000025e       0x34 ./Core/Src/timer.o
 .ARM.attributes
                0x00000292       0x21 ./Core/Startup/startup_stm32l476rgtx.o
 .ARM.attributes
                0x000002b3       0x34 ./Drivers/STM32L4xx_HAL_Driver/Src/stm32l4xx_hal.o
 .ARM.attributes
                0x000002e7       0x34 ./Drivers/STM32L4xx_HAL_Driver/Src/stm32l4xx_hal_cortex.o
 .ARM.attributes
                0x0000031b       0x34 ./Drivers/STM32L4xx_HAL_Driver/Src/stm32l4xx_hal_dma.o
 .ARM.attributes
                0x0000034f       0x34 ./Drivers/STM32L4xx_HAL_Driver/Src/stm32l4xx_hal_gpio.o
 .ARM.attributes
                0x00000383       0x34 ./Drivers/STM32L4xx_HAL_Driver/Src/stm32l4xx_hal_pwr_ex.o
 .ARM.attributes
                0x000003b7       0x34 ./Drivers/STM32L4xx_HAL_Driver/Src/stm32l4xx_hal_rcc.o
 .ARM.attributes
                0x000003eb       0x34 ./Drivers/STM32L4xx_HAL_Driver/Src/stm32l4xx_hal_rcc_ex.o
 .ARM.attributes
                0x0000041f       0x34 ./Drivers/STM32L4xx_HAL_Driver/Src/stm32l4xx_hal_tim.o
 .ARM.attributes
                0x00000453       0x34 ./Drivers/STM32L4xx_HAL_Driver/Src/stm32l4xx_hal_tim_ex.o
 .ARM.attributes
                0x00000487       0x34 ./Drivers/STM32L4xx_HAL_Driver/Src/stm32l4xx_hal_uart.o
 .ARM.attributes
                0x000004bb       0x34 ./Drivers/STM32L4xx_HAL_Driver/Src/stm32l4xx_hal_uart_ex.o
 .ARM.attributes
                0x000004ef       0x34 /Applications/STM32CubeIDE.app/Contents/Eclipse/plugins/com.st.stm32cube.ide.mcu.externaltools.gnu-tools-for-stm32.13.3.rel1.macos64_1.0.0.202411102158/tools/bin/../lib/gcc/arm-none-eabi/13.3.1/../../../../arm-none-eabi/lib/thumb/v7e-m+fp/hard/libc_nano.a(libc_a-sprintf.o)
 .ARM.attributes
                0x00000523       0x34 /Applications/STM32CubeIDE.app/Contents/Eclipse/plugins/com.st.stm32cube.ide.mcu.externaltools.gnu-tools-for-stm32.13.3.rel1.macos64_1.0.0.202411102158/tools/bin/../lib/gcc/arm-none-eabi/13.3.1/../../../../arm-none-eabi/lib/thumb/v7e-m+fp/hard/libc_nano.a(libc_a-findfp.o)
 .ARM.attributes
                0x00000557       0x34 /Applications/STM32CubeIDE.app/Contents/Eclipse/plugins/com.st.stm32cube.ide.mcu.externaltools.gnu-tools-for-stm32.13.3.rel1.macos64_1.0.0.202411102158/tools/bin/../lib/gcc/arm-none-eabi/13.3.1/../../../../arm-none-eabi/lib/thumb/v7e-m+fp/hard/libc_nano.a(libc_a-memset.o)
 .ARM.attributes
                0x0000058b       0x34 /Applications/STM32CubeIDE.app/Contents/Eclipse/plugins/com.st.stm32cube.ide.mcu.externaltools.gnu-tools-for-stm32.13.3.rel1.macos64_1.0.0.202411102158/tools/bin/../lib/gcc/arm-none-eabi/13.3.1/../../../../arm-none-eabi/lib/thumb/v7e-m+fp/hard/libc_nano.a(libc_a-errno.o)
 .ARM.attributes
                0x000005bf       0x34 /Applications/STM32CubeIDE.app/Contents/Eclipse/plugins/com.st.stm32cube.ide.mcu.externaltools.gnu-tools-for-stm32.13.3.rel1.macos64_1.0.0.202411102158/tools/bin/../lib/gcc/arm-none-eabi/13.3.1/../../../../arm-none-eabi/lib/thumb/v7e-m+fp/hard/libc_nano.a(libc_a-init.o)
 .ARM.attributes
                0x000005f3       0x34 /Applications/STM32CubeIDE.app/Contents/Eclipse/plugins/com.st.stm32cube.ide.mcu.externaltools.gnu-tools-for-stm32.13.3.rel1.macos64_1.0.0.202411102158/tools/bin/../lib/gcc/arm-none-eabi/13.3.1/../../../../arm-none-eabi/lib/thumb/v7e-m+fp/hard/libc_nano.a(libc_a-lock.o)
 .ARM.attributes
                0x00000627       0x34 /Applications/STM32CubeIDE.app/Contents/Eclipse/plugins/com.st.stm32cube.ide.mcu.externaltools.gnu-tools-for-stm32.13.3.rel1.macos64_1.0.0.202411102158/tools/bin/../lib/gcc/arm-none-eabi/13.3.1/../../../../arm-none-eabi/lib/thumb/v7e-m+fp/hard/libc_nano.a(libc_a-impure.o)
 .ARM.attributes
                0x0000065b       0x34 /Applications/STM32CubeIDE.app/Contents/Eclipse/plugins/com.st.stm32cube.ide.mcu.externaltools.gnu-tools-for-stm32.13.3.rel1.macos64_1.0.0.202411102158/tools/bin/../lib/gcc/arm-none-eabi/13.3.1/../../../../arm-none-eabi/lib/thumb/v7e-m+fp/hard/libc_nano.a(libc_a-memcpy-stub.o)
 .ARM.attributes
                0x0000068f       0x17 /Applications/STM32CubeIDE.app/Contents/Eclipse/plugins/com.st.stm32cube.ide.mcu.externaltools.gnu-tools-for-stm32.13.3.rel1.macos64_1.0.0.202411102158/tools/bin/../lib/gcc/arm-none-eabi/13.3.1/../../../../arm-none-eabi/lib/thumb/v7e-m+fp/hard/libc_nano.a(libc_a-strlen.o)
 .ARM.attributes
                0x000006a6       0x34 /Applications/STM32CubeIDE.app/Contents/Eclipse/plugins/com.st.stm32cube.ide.mcu.externaltools.gnu-tools-for-stm32.13.3.rel1.macos64_1.0.0.202411102158/tools/bin/../lib/gcc/arm-none-eabi/13.3.1/../../../../arm-none-eabi/lib/thumb/v7e-m+fp/hard/libc_nano.a(libc_a-nano-svfprintf.o)
 .ARM.attributes
                0x000006da       0x34 /Applications/STM32CubeIDE.app/Contents/Eclipse/plugins/com.st.stm32cube.ide.mcu.externaltools.gnu-tools-for-stm32.13.3.rel1.macos64_1.0.0.202411102158/tools/bin/../lib/gcc/arm-none-eabi/13.3.1/../../../../arm-none-eabi/lib/thumb/v7e-m+fp/hard/libc_nano.a(libc_a-mallocr.o)
 .ARM.attributes
                0x0000070e       0x34 /Applications/STM32CubeIDE.app/Contents/Eclipse/plugins/com.st.stm32cube.ide.mcu.externaltools.gnu-tools-for-stm32.13.3.rel1.macos64_1.0.0.202411102158/tools/bin/../lib/gcc/arm-none-eabi/13.3.1/../../../../arm-none-eabi/lib/thumb/v7e-m+fp/hard/libc_nano.a(libc_a-nano-vfprintf_i.o)
 .ARM.attributes
                0x00000742       0x34 /Applications/STM32CubeIDE.app/Contents/Eclipse/plugins/com.st.stm32cube.ide.mcu.externaltools.gnu-tools-for-stm32.13.3.rel1.macos64_1.0.0.202411102158/tools/bin/../lib/gcc/arm-none-eabi/13.3.1/../../../../arm-none-eabi/lib/thumb/v7e-m+fp/hard/libc_nano.a(libc_a-mlock.o)
 .ARM.attributes
                0x00000776       0x34 /Applications/STM32CubeIDE.app/Contents/Eclipse/plugins/com.st.stm32cube.ide.mcu.externaltools.gnu-tools-for-stm32.13.3.rel1.macos64_1.0.0.202411102158/tools/bin/../lib/gcc/arm-none-eabi/13.3.1/../../../../arm-none-eabi/lib/thumb/v7e-m+fp/hard/libc_nano.a(libc_a-reallocr.o)
 .ARM.attributes
                0x000007aa       0x34 /Applications/STM32CubeIDE.app/Contents/Eclipse/plugins/com.st.stm32cube.ide.mcu.externaltools.gnu-tools-for-stm32.13.3.rel1.macos64_1.0.0.202411102158/tools/bin/../lib/gcc/arm-none-eabi/13.3.1/../../../../arm-none-eabi/lib/thumb/v7e-m+fp/hard/libc_nano.a(libc_a-memmove.o)
 .ARM.attributes
                0x000007de       0x34 /Applications/STM32CubeIDE.app/Contents/Eclipse/plugins/com.st.stm32cube.ide.mcu.externaltools.gnu-tools-for-stm32.13.3.rel1.macos64_1.0.0.202411102158/tools/bin/../lib/gcc/arm-none-eabi/13.3.1/../../../../arm-none-eabi/lib/thumb/v7e-m+fp/hard/libc_nano.a(libc_a-sbrkr.o)
 .ARM.attributes
                0x00000812       0x34 /Applications/STM32CubeIDE.app/Contents/Eclipse/plugins/com.st.stm32cube.ide.mcu.externaltools.gnu-tools-for-stm32.13.3.rel1.macos64_1.0.0.202411102158/tools/bin/../lib/gcc/arm-none-eabi/13.3.1/../../../../arm-none-eabi/lib/thumb/v7e-m+fp/hard/libc_nano.a(libc_a-reent.o)
 .ARM.attributes
                0x00000846       0x1c /Applications/STM32CubeIDE.app/Contents/Eclipse/plugins/com.st.stm32cube.ide.mcu.externaltools.gnu-tools-for-stm32.13.3.rel1.macos64_1.0.0.202411102158/tools/bin/../lib/gcc/arm-none-eabi/13.3.1/../../../../arm-none-eabi/lib/thumb/v7e-m+fp/hard/libc_nano.a(libc_a-memchr.o)
 .ARM.attributes
                0x00000862       0x34 /Applications/STM32CubeIDE.app/Contents/Eclipse/plugins/com.st.stm32cube.ide.mcu.externaltools.gnu-tools-for-stm32.13.3.rel1.macos64_1.0.0.202411102158/tools/bin/../lib/gcc/arm-none-eabi/13.3.1/../../../../arm-none-eabi/lib/thumb/v7e-m+fp/hard/libc_nano.a(libc_a-freer.o)
 .ARM.attributes
                0x00000896       0x34 /Applications/STM32CubeIDE.app/Contents/Eclipse/plugins/com.st.stm32cube.ide.mcu.externaltools.gnu-tools-for-stm32.13.3.rel1.macos64_1.0.0.202411102158/tools/bin/../lib/gcc/arm-none-eabi/13.3.1/../../../../arm-none-eabi/lib/thumb/v7e-m+fp/hard/libc_nano.a(libc_a-msizer.o)
 .ARM.attributes
                0x000008ca       0x22 /Applications/STM32CubeIDE.app/Contents/Eclipse/plugins/com.st.stm32cube.ide.mcu.externaltools.gnu-tools-for-stm32.13.3.rel1.macos64_1.0.0.202411102158/tools/bin/../lib/gcc/arm-none-eabi/13.3.1/thumb/v7e-m+fp/hard/libgcc.a(_aeabi_uldivmod.o)
 .ARM.attributes
                0x000008ec       0x34 /Applications/STM32CubeIDE.app/Contents/Eclipse/plugins/com.st.stm32cube.ide.mcu.externaltools.gnu-tools-for-stm32.13.3.rel1.macos64_1.0.0.202411102158/tools/bin/../lib/gcc/arm-none-eabi/13.3.1/thumb/v7e-m+fp/hard/libgcc.a(_udivmoddi4.o)
 .ARM.attributes
                0x00000920       0x22 /Applications/STM32CubeIDE.app/Contents/Eclipse/plugins/com.st.stm32cube.ide.mcu.externaltools.gnu-tools-for-stm32.13.3.rel1.macos64_1.0.0.202411102158/tools/bin/../lib/gcc/arm-none-eabi/13.3.1/thumb/v7e-m+fp/hard/libgcc.a(_dvmd_tls.o)
 .ARM.attributes
                0x00000942       0x22 /Applications/STM32CubeIDE.app/Contents/Eclipse/plugins/com.st.stm32cube.ide.mcu.externaltools.gnu-tools-for-stm32.13.3.rel1.macos64_1.0.0.202411102158/tools/bin/../lib/gcc/arm-none-eabi/13.3.1/thumb/v7e-m+fp/hard/crtn.o
OUTPUT(ShiftRegisters.elf elf32-littlearm)
LOAD linker stubs
LOAD /Applications/STM32CubeIDE.app/Contents/Eclipse/plugins/com.st.stm32cube.ide.mcu.externaltools.gnu-tools-for-stm32.13.3.rel1.macos64_1.0.0.202411102158/tools/bin/../lib/gcc/arm-none-eabi/13.3.1/../../../../arm-none-eabi/lib/thumb/v7e-m+fp/hard/libc.a
LOAD /Applications/STM32CubeIDE.app/Contents/Eclipse/plugins/com.st.stm32cube.ide.mcu.externaltools.gnu-tools-for-stm32.13.3.rel1.macos64_1.0.0.202411102158/tools/bin/../lib/gcc/arm-none-eabi/13.3.1/../../../../arm-none-eabi/lib/thumb/v7e-m+fp/hard/libm.a
LOAD /Applications/STM32CubeIDE.app/Contents/Eclipse/plugins/com.st.stm32cube.ide.mcu.externaltools.gnu-tools-for-stm32.13.3.rel1.macos64_1.0.0.202411102158/tools/bin/../lib/gcc/arm-none-eabi/13.3.1/thumb/v7e-m+fp/hard/libgcc.a

.debug_info     0x00000000    0x135b1
 .debug_info    0x00000000      0xc4a ./Core/Src/App_KeyDisplay.o
 .debug_info    0x00000c4a      0x7b9 ./Core/Src/Display.o
 .debug_info    0x00001403      0x263 ./Core/Src/HAL.o
 .debug_info    0x00001666      0x454 ./Core/Src/Key.o
 .debug_info    0x00001aba     0x15aa ./Core/Src/main.o
 .debug_info    0x00003064      0x383 ./Core/Src/shiftreg.o
 .debug_info    0x000033e7     0x13a4 ./Core/Src/stm32l4xx_hal_msp.o
 .debug_info    0x0000478b      0xada ./Core/Src/stm32l4xx_it.o
 .debug_info    0x00005265      0x168 ./Core/Src/sysmem.o
 .debug_info    0x000053cd      0x5b1 ./Core/Src/system_stm32l4xx.o
 .debug_info    0x0000597e      0x6e9 ./Core/Src/timer.o
 .debug_info    0x00006067       0x30 ./Core/Startup/startup_stm32l476rgtx.o
 .debug_info    0x00006097      0xaeb ./Drivers/STM32L4xx_HAL_Driver/Src/stm32l4xx_hal.o
 .debug_info    0x00006b82      0xd81 ./Drivers/STM32L4xx_HAL_Driver/Src/stm32l4xx_hal_cortex.o
 .debug_info    0x00007903      0x6f4 ./Drivers/STM32L4xx_HAL_Driver/Src/stm32l4xx_hal_dma.o
 .debug_info    0x00007ff7      0x757 ./Drivers/STM32L4xx_HAL_Driver/Src/stm32l4xx_hal_gpio.o
 .debug_info    0x0000874e      0x99e ./Drivers/STM32L4xx_HAL_Driver/Src/stm32l4xx_hal_pwr_ex.o
 .debug_info    0x000090ec      0xc14 ./Drivers/STM32L4xx_HAL_Driver/Src/stm32l4xx_hal_rcc.o
 .debug_info    0x00009d00      0xe11 ./Drivers/STM32L4xx_HAL_Driver/Src/stm32l4xx_hal_rcc_ex.o
 .debug_info    0x0000ab11     0x2a9a ./Drivers/STM32L4xx_HAL_Driver/Src/stm32l4xx_hal_tim.o
 .debug_info    0x0000d5ab     0x169e ./Drivers/STM32L4xx_HAL_Driver/Src/stm32l4xx_hal_tim_ex.o
 .debug_info    0x0000ec49     0x3b69 ./Drivers/STM32L4xx_HAL_Driver/Src/stm32l4xx_hal_uart.o
 .debug_info    0x000127b2      0xdff ./Drivers/STM32L4xx_HAL_Driver/Src/stm32l4xx_hal_uart_ex.o

.debug_abbrev   0x00000000     0x2e29
 .debug_abbrev  0x00000000      0x26b ./Core/Src/App_KeyDisplay.o
 .debug_abbrev  0x0000026b      0x19e ./Core/Src/Display.o
 .debug_abbrev  0x00000409      0x123 ./Core/Src/HAL.o
 .debug_abbrev  0x0000052c      0x1d1 ./Core/Src/Key.o
 .debug_abbrev  0x000006fd      0x368 ./Core/Src/main.o
 .debug_abbrev  0x00000a65      0x1a1 ./Core/Src/shiftreg.o
 .debug_abbrev  0x00000c06      0x1ee ./Core/Src/stm32l4xx_hal_msp.o
 .debug_abbrev  0x00000df4      0x19c ./Core/Src/stm32l4xx_it.o
 .debug_abbrev  0x00000f90       0xbc ./Core/Src/sysmem.o
 .debug_abbrev  0x0000104c      0x11a ./Core/Src/system_stm32l4xx.o
 .debug_abbrev  0x00001166      0x19f ./Core/Src/timer.o
 .debug_abbrev  0x00001305       0x24 ./Core/Startup/startup_stm32l476rgtx.o
 .debug_abbrev  0x00001329      0x242 ./Drivers/STM32L4xx_HAL_Driver/Src/stm32l4xx_hal.o
 .debug_abbrev  0x0000156b      0x31c ./Drivers/STM32L4xx_HAL_Driver/Src/stm32l4xx_hal_cortex.o
 .debug_abbrev  0x00001887      0x1e4 ./Drivers/STM32L4xx_HAL_Driver/Src/stm32l4xx_hal_dma.o
 .debug_abbrev  0x00001a6b      0x1cb ./Drivers/STM32L4xx_HAL_Driver/Src/stm32l4xx_hal_gpio.o
 .debug_abbrev  0x00001c36      0x1f9 ./Drivers/STM32L4xx_HAL_Driver/Src/stm32l4xx_hal_pwr_ex.o
 .debug_abbrev  0x00001e2f      0x2cb ./Drivers/STM32L4xx_HAL_Driver/Src/stm32l4xx_hal_rcc.o
 .debug_abbrev  0x000020fa      0x2a6 ./Drivers/STM32L4xx_HAL_Driver/Src/stm32l4xx_hal_rcc_ex.o
 .debug_abbrev  0x000023a0      0x278 ./Drivers/STM32L4xx_HAL_Driver/Src/stm32l4xx_hal_tim.o
 .debug_abbrev  0x00002618      0x283 ./Drivers/STM32L4xx_HAL_Driver/Src/stm32l4xx_hal_tim_ex.o
 .debug_abbrev  0x0000289b      0x2d0 ./Drivers/STM32L4xx_HAL_Driver/Src/stm32l4xx_hal_uart.o
 .debug_abbrev  0x00002b6b      0x2be ./Drivers/STM32L4xx_HAL_Driver/Src/stm32l4xx_hal_uart_ex.o

.debug_aranges  0x00000000     0x10f8
 .debug_aranges
                0x00000000       0x60 ./Core/Src/App_KeyDisplay.o
 .debug_aranges
                0x00000060       0x30 ./Core/Src/Display.o
 .debug_aranges
                0x00000090       0x28 ./Core/Src/HAL.o
 .debug_aranges
                0x000000b8       0x50 ./Core/Src/Key.o
 .debug_aranges
                0x00000108       0x58 ./Core/Src/main.o
 .debug_aranges
                0x00000160       0x60 ./Core/Src/shiftreg.o
 .debug_aranges
                0x000001c0       0x40 ./Core/Src/stm32l4xx_hal_msp.o
 .debug_aranges
                0x00000200       0x70 ./Core/Src/stm32l4xx_it.o
 .debug_aranges
                0x00000270       0x20 ./Core/Src/sysmem.o
 .debug_aranges
                0x00000290       0x28 ./Core/Src/system_stm32l4xx.o
 .debug_aranges
                0x000002b8       0x30 ./Core/Src/timer.o
 .debug_aranges
                0x000002e8       0x28 ./Core/Startup/startup_stm32l476rgtx.o
 .debug_aranges
                0x00000310      0x130 ./Drivers/STM32L4xx_HAL_Driver/Src/stm32l4xx_hal.o
 .debug_aranges
                0x00000440      0x128 ./Drivers/STM32L4xx_HAL_Driver/Src/stm32l4xx_hal_cortex.o
 .debug_aranges
                0x00000568       0x80 ./Drivers/STM32L4xx_HAL_Driver/Src/stm32l4xx_hal_dma.o
 .debug_aranges
                0x000005e8       0x58 ./Drivers/STM32L4xx_HAL_Driver/Src/stm32l4xx_hal_gpio.o
 .debug_aranges
                0x00000640      0x160 ./Drivers/STM32L4xx_HAL_Driver/Src/stm32l4xx_hal_pwr_ex.o
 .debug_aranges
                0x000007a0       0x90 ./Drivers/STM32L4xx_HAL_Driver/Src/stm32l4xx_hal_rcc.o
 .debug_aranges
                0x00000830       0xc0 ./Drivers/STM32L4xx_HAL_Driver/Src/stm32l4xx_hal_rcc_ex.o
 .debug_aranges
                0x000008f0      0x3e0 ./Drivers/STM32L4xx_HAL_Driver/Src/stm32l4xx_hal_tim.o
 .debug_aranges
                0x00000cd0      0x180 ./Drivers/STM32L4xx_HAL_Driver/Src/stm32l4xx_hal_tim_ex.o
 .debug_aranges
                0x00000e50      0x228 ./Drivers/STM32L4xx_HAL_Driver/Src/stm32l4xx_hal_uart.o
 .debug_aranges
                0x00001078       0x80 ./Drivers/STM32L4xx_HAL_Driver/Src/stm32l4xx_hal_uart_ex.o

.debug_rnglists
                0x00000000      0xd20
 .debug_rnglists
                0x00000000       0x44 ./Core/Src/App_KeyDisplay.o
 .debug_rnglists
                0x00000044       0x1f ./Core/Src/Display.o
 .debug_rnglists
                0x00000063       0x1b ./Core/Src/HAL.o
 .debug_rnglists
                0x0000007e       0x39 ./Core/Src/Key.o
 .debug_rnglists
                0x000000b7       0x42 ./Core/Src/main.o
 .debug_rnglists
                0x000000f9       0x44 ./Core/Src/shiftreg.o
 .debug_rnglists
                0x0000013d       0x2c ./Core/Src/stm32l4xx_hal_msp.o
 .debug_rnglists
                0x00000169       0x4f ./Core/Src/stm32l4xx_it.o
 .debug_rnglists
                0x000001b8       0x13 ./Core/Src/sysmem.o
 .debug_rnglists
                0x000001cb       0x1a ./Core/Src/system_stm32l4xx.o
 .debug_rnglists
                0x000001e5       0x1f ./Core/Src/timer.o
 .debug_rnglists
                0x00000204       0x19 ./Core/Startup/startup_stm32l476rgtx.o
 .debug_rnglists
                0x0000021d       0xdf ./Drivers/STM32L4xx_HAL_Driver/Src/stm32l4xx_hal.o
 .debug_rnglists
                0x000002fc       0xda ./Drivers/STM32L4xx_HAL_Driver/Src/stm32l4xx_hal_cortex.o
 .debug_rnglists
                0x000003d6       0x64 ./Drivers/STM32L4xx_HAL_Driver/Src/stm32l4xx_hal_dma.o
 .debug_rnglists
                0x0000043a       0x3f ./Drivers/STM32L4xx_HAL_Driver/Src/stm32l4xx_hal_gpio.o
 .debug_rnglists
                0x00000479      0x109 ./Drivers/STM32L4xx_HAL_Driver/Src/stm32l4xx_hal_pwr_ex.o
 .debug_rnglists
                0x00000582       0x6d ./Drivers/STM32L4xx_HAL_Driver/Src/stm32l4xx_hal_rcc.o
 .debug_rnglists
                0x000005ef       0x95 ./Drivers/STM32L4xx_HAL_Driver/Src/stm32l4xx_hal_rcc_ex.o
 .debug_rnglists
                0x00000684      0x328 ./Drivers/STM32L4xx_HAL_Driver/Src/stm32l4xx_hal_tim.o
 .debug_rnglists
                0x000009ac      0x139 ./Drivers/STM32L4xx_HAL_Driver/Src/stm32l4xx_hal_tim_ex.o
 .debug_rnglists
                0x00000ae5      0x1db ./Drivers/STM32L4xx_HAL_Driver/Src/stm32l4xx_hal_uart.o
 .debug_rnglists
                0x00000cc0       0x60 ./Drivers/STM32L4xx_HAL_Driver/Src/stm32l4xx_hal_uart_ex.o

.debug_macro    0x00000000    0x282f0
 .debug_macro   0x00000000      0x31f ./Core/Src/App_KeyDisplay.o
 .debug_macro   0x0000031f      0xad8 ./Core/Src/App_KeyDisplay.o
 .debug_macro   0x00000df7       0x22 ./Core/Src/App_KeyDisplay.o
 .debug_macro   0x00000e19       0x9a ./Core/Src/App_KeyDisplay.o
 .debug_macro   0x00000eb3      0x1a7 ./Core/Src/App_KeyDisplay.o
 .debug_macro   0x0000105a       0x2e ./Core/Src/App_KeyDisplay.o
 .debug_macro   0x00001088       0x28 ./Core/Src/App_KeyDisplay.o
 .debug_macro   0x000010b0       0x22 ./Core/Src/App_KeyDisplay.o
 .debug_macro   0x000010d2       0x8e ./Core/Src/App_KeyDisplay.o
 .debug_macro   0x00001160       0x51 ./Core/Src/App_KeyDisplay.o
 .debug_macro   0x000011b1      0x103 ./Core/Src/App_KeyDisplay.o
 .debug_macro   0x000012b4       0x6a ./Core/Src/App_KeyDisplay.o
 .debug_macro   0x0000131e      0x1df ./Core/Src/App_KeyDisplay.o
 .debug_macro   0x000014fd       0x1c ./Core/Src/App_KeyDisplay.o
 .debug_macro   0x00001519       0x22 ./Core/Src/App_KeyDisplay.o
 .debug_macro   0x0000153b       0xfb ./Core/Src/App_KeyDisplay.o
 .debug_macro   0x00001636     0x1011 ./Core/Src/App_KeyDisplay.o
 .debug_macro   0x00002647      0x11f ./Core/Src/App_KeyDisplay.o
 .debug_macro   0x00002766    0x1a17a ./Core/Src/App_KeyDisplay.o
 .debug_macro   0x0001c8e0       0x6d ./Core/Src/App_KeyDisplay.o
 .debug_macro   0x0001c94d     0x38fb ./Core/Src/App_KeyDisplay.o
 .debug_macro   0x00020248      0x190 ./Core/Src/App_KeyDisplay.o
 .debug_macro   0x000203d8       0x5c ./Core/Src/App_KeyDisplay.o
 .debug_macro   0x00020434     0x159e ./Core/Src/App_KeyDisplay.o
 .debug_macro   0x000219d2      0x5a5 ./Core/Src/App_KeyDisplay.o
 .debug_macro   0x00021f77      0x1b9 ./Core/Src/App_KeyDisplay.o
 .debug_macro   0x00022130      0x18b ./Core/Src/App_KeyDisplay.o
 .debug_macro   0x000222bb      0x26b ./Core/Src/App_KeyDisplay.o
 .debug_macro   0x00022526      0x23d ./Core/Src/App_KeyDisplay.o
 .debug_macro   0x00022763      0x241 ./Core/Src/App_KeyDisplay.o
 .debug_macro   0x000229a4      0x37c ./Core/Src/App_KeyDisplay.o
 .debug_macro   0x00022d20       0xd6 ./Core/Src/App_KeyDisplay.o
 .debug_macro   0x00022df6      0x122 ./Core/Src/App_KeyDisplay.o
 .debug_macro   0x00022f18      0x3ef ./Core/Src/App_KeyDisplay.o
 .debug_macro   0x00023307      0xa98 ./Core/Src/App_KeyDisplay.o
 .debug_macro   0x00023d9f      0x1e6 ./Core/Src/App_KeyDisplay.o
 .debug_macro   0x00023f85      0x5cf ./Core/Src/App_KeyDisplay.o
 .debug_macro   0x00024554       0x44 ./Core/Src/App_KeyDisplay.o
 .debug_macro   0x00024598      0x330 ./Core/Src/App_KeyDisplay.o
 .debug_macro   0x000248c8       0x34 ./Core/Src/App_KeyDisplay.o
 .debug_macro   0x000248fc       0x16 ./Core/Src/App_KeyDisplay.o
 .debug_macro   0x00024912       0x16 ./Core/Src/App_KeyDisplay.o
 .debug_macro   0x00024928       0x22 ./Core/Src/App_KeyDisplay.o
 .debug_macro   0x0002494a       0x10 ./Core/Src/App_KeyDisplay.o
 .debug_macro   0x0002495a       0x2e ./Core/Src/App_KeyDisplay.o
 .debug_macro   0x00024988       0x16 ./Core/Src/App_KeyDisplay.o
 .debug_macro   0x0002499e       0x61 ./Core/Src/App_KeyDisplay.o
 .debug_macro   0x000249ff       0x2a ./Core/Src/App_KeyDisplay.o
 .debug_macro   0x00024a29       0x43 ./Core/Src/App_KeyDisplay.o
 .debug_macro   0x00024a6c       0x34 ./Core/Src/App_KeyDisplay.o
 .debug_macro   0x00024aa0      0x370 ./Core/Src/App_KeyDisplay.o
 .debug_macro   0x00024e10       0x16 ./Core/Src/App_KeyDisplay.o
 .debug_macro   0x00024e26       0x4a ./Core/Src/App_KeyDisplay.o
 .debug_macro   0x00024e70       0x34 ./Core/Src/App_KeyDisplay.o
 .debug_macro   0x00024ea4       0x10 ./Core/Src/App_KeyDisplay.o
 .debug_macro   0x00024eb4       0x58 ./Core/Src/App_KeyDisplay.o
 .debug_macro   0x00024f0c       0x8e ./Core/Src/App_KeyDisplay.o
 .debug_macro   0x00024f9a       0x1c ./Core/Src/App_KeyDisplay.o
 .debug_macro   0x00024fb6      0x185 ./Core/Src/App_KeyDisplay.o
 .debug_macro   0x0002513b       0x10 ./Core/Src/App_KeyDisplay.o
 .debug_macro   0x0002514b       0x3c ./Core/Src/App_KeyDisplay.o
 .debug_macro   0x00025187       0x20 ./Core/Src/App_KeyDisplay.o
 .debug_macro   0x000251a7       0x1c ./Core/Src/App_KeyDisplay.o
 .debug_macro   0x000251c3       0x10 ./Core/Src/App_KeyDisplay.o
 .debug_macro   0x000251d3       0x1c ./Core/Src/App_KeyDisplay.o
 .debug_macro   0x000251ef       0x16 ./Core/Src/App_KeyDisplay.o
 .debug_macro   0x00025205      0x146 ./Core/Src/App_KeyDisplay.o
 .debug_macro   0x0002534b      0x31f ./Core/Src/Display.o
 .debug_macro   0x0002566a       0x16 ./Core/Src/Display.o
 .debug_macro   0x00025680       0x22 ./Core/Src/Display.o
 .debug_macro   0x000256a2      0x31f ./Core/Src/HAL.o
 .debug_macro   0x000259c1       0x16 ./Core/Src/HAL.o
 .debug_macro   0x000259d7      0x31f ./Core/Src/Key.o
 .debug_macro   0x00025cf6       0x16 ./Core/Src/Key.o
 .debug_macro   0x00025d0c      0x322 ./Core/Src/main.o
 .debug_macro   0x0002602e       0x10 ./Core/Src/main.o
 .debug_macro   0x0002603e       0x2e ./Core/Src/main.o
 .debug_macro   0x0002606c       0x1c ./Core/Src/main.o
 .debug_macro   0x00026088       0x16 ./Core/Src/main.o
 .debug_macro   0x0002609e      0x270 ./Core/Src/shiftreg.o
 .debug_macro   0x0002630e       0x10 ./Core/Src/shiftreg.o
 .debug_macro   0x0002631e       0x10 ./Core/Src/shiftreg.o
 .debug_macro   0x0002632e       0x82 ./Core/Src/shiftreg.o
 .debug_macro   0x000263b0       0x3a ./Core/Src/shiftreg.o
 .debug_macro   0x000263ea      0x1cf ./Core/Src/stm32l4xx_hal_msp.o
 .debug_macro   0x000265b9      0x1d9 ./Core/Src/stm32l4xx_it.o
 .debug_macro   0x00026792      0x112 ./Core/Src/sysmem.o
 .debug_macro   0x000268a4      0x23c ./Core/Src/sysmem.o
 .debug_macro   0x00026ae0      0x1c0 ./Core/Src/system_stm32l4xx.o
 .debug_macro   0x00026ca0      0x1e3 ./Core/Src/timer.o
 .debug_macro   0x00026e83       0x10 ./Core/Src/timer.o
 .debug_macro   0x00026e93      0x20e ./Drivers/STM32L4xx_HAL_Driver/Src/stm32l4xx_hal.o
 .debug_macro   0x000270a1      0x1c0 ./Drivers/STM32L4xx_HAL_Driver/Src/stm32l4xx_hal_cortex.o
 .debug_macro   0x00027261      0x1c0 ./Drivers/STM32L4xx_HAL_Driver/Src/stm32l4xx_hal_dma.o
 .debug_macro   0x00027421      0x1c7 ./Drivers/STM32L4xx_HAL_Driver/Src/stm32l4xx_hal_gpio.o
 .debug_macro   0x000275e8      0x1e4 ./Drivers/STM32L4xx_HAL_Driver/Src/stm32l4xx_hal_pwr_ex.o
 .debug_macro   0x000277cc      0x202 ./Drivers/STM32L4xx_HAL_Driver/Src/stm32l4xx_hal_rcc.o
 .debug_macro   0x000279ce      0x1f6 ./Drivers/STM32L4xx_HAL_Driver/Src/stm32l4xx_hal_rcc_ex.o
 .debug_macro   0x00027bc4      0x1c1 ./Drivers/STM32L4xx_HAL_Driver/Src/stm32l4xx_hal_tim.o
 .debug_macro   0x00027d85      0x1c0 ./Drivers/STM32L4xx_HAL_Driver/Src/stm32l4xx_hal_tim_ex.o
 .debug_macro   0x00027f45      0x1eb ./Drivers/STM32L4xx_HAL_Driver/Src/stm32l4xx_hal_uart.o
 .debug_macro   0x00028130      0x1c0 ./Drivers/STM32L4xx_HAL_Driver/Src/stm32l4xx_hal_uart_ex.o

.debug_line     0x00000000    0x1533d
 .debug_line    0x00000000      0xbc9 ./Core/Src/App_KeyDisplay.o
 .debug_line    0x00000bc9      0x8e4 ./Core/Src/Display.o
 .debug_line    0x000014ad      0x8db ./Core/Src/HAL.o
 .debug_line    0x00001d88      0xbe1 ./Core/Src/Key.o
 .debug_line    0x00002969      0xaff ./Core/Src/main.o
 .debug_line    0x00003468      0x868 ./Core/Src/shiftreg.o
 .debug_line    0x00003cd0      0x79d ./Core/Src/stm32l4xx_hal_msp.o
 .debug_line    0x0000446d      0x7bb ./Core/Src/stm32l4xx_it.o
 .debug_line    0x00004c28      0x521 ./Core/Src/sysmem.o
 .debug_line    0x00005149      0x77a ./Core/Src/system_stm32l4xx.o
 .debug_line    0x000058c3      0x745 ./Core/Src/timer.o
 .debug_line    0x00006008       0x7a ./Core/Startup/startup_stm32l476rgtx.o
 .debug_line    0x00006082      0xae2 ./Drivers/STM32L4xx_HAL_Driver/Src/stm32l4xx_hal.o
 .debug_line    0x00006b64      0xc7d ./Drivers/STM32L4xx_HAL_Driver/Src/stm32l4xx_hal_cortex.o
 .debug_line    0x000077e1      0xcbc ./Drivers/STM32L4xx_HAL_Driver/Src/stm32l4xx_hal_dma.o
 .debug_line    0x0000849d      0xb36 ./Drivers/STM32L4xx_HAL_Driver/Src/stm32l4xx_hal_gpio.o
 .debug_line    0x00008fd3      0xcc4 ./Drivers/STM32L4xx_HAL_Driver/Src/stm32l4xx_hal_pwr_ex.o
 .debug_line    0x00009c97     0x1037 ./Drivers/STM32L4xx_HAL_Driver/Src/stm32l4xx_hal_rcc.o
 .debug_line    0x0000acce     0x1504 ./Drivers/STM32L4xx_HAL_Driver/Src/stm32l4xx_hal_rcc_ex.o
 .debug_line    0x0000c1d2     0x3dce ./Drivers/STM32L4xx_HAL_Driver/Src/stm32l4xx_hal_tim.o
 .debug_line    0x0000ffa0     0x1b1f ./Drivers/STM32L4xx_HAL_Driver/Src/stm32l4xx_hal_tim_ex.o
 .debug_line    0x00011abf     0x2d05 ./Drivers/STM32L4xx_HAL_Driver/Src/stm32l4xx_hal_uart.o
 .debug_line    0x000147c4      0xb79 ./Drivers/STM32L4xx_HAL_Driver/Src/stm32l4xx_hal_uart_ex.o

.debug_str      0x00000000    0xf3cf0
 .debug_str     0x00000000    0xf3cf0 ./Core/Src/App_KeyDisplay.o
                              0xee509 (size before relaxing)
 .debug_str     0x000f3cf0    0xee1be ./Core/Src/Display.o
 .debug_str     0x000f3cf0    0xeddf5 ./Core/Src/HAL.o
 .debug_str     0x000f3cf0    0xedf15 ./Core/Src/Key.o
 .debug_str     0x000f3cf0    0xeeca1 ./Core/Src/main.o
 .debug_str     0x000f3cf0    0xeafc9 ./Core/Src/shiftreg.o
 .debug_str     0x000f3cf0    0xeb38c ./Core/Src/stm32l4xx_hal_msp.o
 .debug_str     0x000f3cf0    0xeaa51 ./Core/Src/stm32l4xx_it.o
 .debug_str     0x000f3cf0     0x779d ./Core/Src/sysmem.o
 .debug_str     0x000f3cf0    0xea364 ./Core/Src/system_stm32l4xx.o
 .debug_str     0x000f3cf0    0xea7bc ./Core/Src/timer.o
 .debug_str     0x000f3cf0       0x9f ./Core/Startup/startup_stm32l476rgtx.o
 .debug_str     0x000f3cf0    0xeaef7 ./Drivers/STM32L4xx_HAL_Driver/Src/stm32l4xx_hal.o
 .debug_str     0x000f3cf0    0xeabdd ./Drivers/STM32L4xx_HAL_Driver/Src/stm32l4xx_hal_cortex.o
 .debug_str     0x000f3cf0    0xea5ce ./Drivers/STM32L4xx_HAL_Driver/Src/stm32l4xx_hal_dma.o
 .debug_str     0x000f3cf0    0xea4dd ./Drivers/STM32L4xx_HAL_Driver/Src/stm32l4xx_hal_gpio.o
 .debug_str     0x000f3cf0    0xea8bf ./Drivers/STM32L4xx_HAL_Driver/Src/stm32l4xx_hal_pwr_ex.o
 .debug_str     0x000f3cf0    0xea9aa ./Drivers/STM32L4xx_HAL_Driver/Src/stm32l4xx_hal_rcc.o
 .debug_str     0x000f3cf0    0xeab23 ./Drivers/STM32L4xx_HAL_Driver/Src/stm32l4xx_hal_rcc_ex.o
 .debug_str     0x000f3cf0    0xeb6a4 ./Drivers/STM32L4xx_HAL_Driver/Src/stm32l4xx_hal_tim.o
 .debug_str     0x000f3cf0    0xeafb8 ./Drivers/STM32L4xx_HAL_Driver/Src/stm32l4xx_hal_tim_ex.o
 .debug_str     0x000f3cf0    0xeb0bc ./Drivers/STM32L4xx_HAL_Driver/Src/stm32l4xx_hal_uart.o
 .debug_str     0x000f3cf0    0xea8e8 ./Drivers/STM32L4xx_HAL_Driver/Src/stm32l4xx_hal_uart_ex.o

.comment        0x00000000       0x43
 .comment       0x00000000       0x43 ./Core/Src/App_KeyDisplay.o
                                 0x44 (size before relaxing)
 .comment       0x00000043       0x44 ./Core/Src/Display.o
 .comment       0x00000043       0x44 ./Core/Src/HAL.o
 .comment       0x00000043       0x44 ./Core/Src/Key.o
 .comment       0x00000043       0x44 ./Core/Src/main.o
 .comment       0x00000043       0x44 ./Core/Src/shiftreg.o
 .comment       0x00000043       0x44 ./Core/Src/stm32l4xx_hal_msp.o
 .comment       0x00000043       0x44 ./Core/Src/stm32l4xx_it.o
 .comment       0x00000043       0x44 ./Core/Src/sysmem.o
 .comment       0x00000043       0x44 ./Core/Src/system_stm32l4xx.o
 .comment       0x00000043       0x44 ./Core/Src/timer.o
 .comment       0x00000043       0x44 ./Drivers/STM32L4xx_HAL_Driver/Src/stm32l4xx_hal.o
 .comment       0x00000043       0x44 ./Drivers/STM32L4xx_HAL_Driver/Src/stm32l4xx_hal_cortex.o
 .comment       0x00000043       0x44 ./Drivers/STM32L4xx_HAL_Driver/Src/stm32l4xx_hal_dma.o
 .comment       0x00000043       0x44 ./Drivers/STM32L4xx_HAL_Driver/Src/stm32l4xx_hal_gpio.o
 .comment       0x00000043       0x44 ./Drivers/STM32L4xx_HAL_Driver/Src/stm32l4xx_hal_pwr_ex.o
 .comment       0x00000043       0x44 ./Drivers/STM32L4xx_HAL_Driver/Src/stm32l4xx_hal_rcc.o
 .comment       0x00000043       0x44 ./Drivers/STM32L4xx_HAL_Driver/Src/stm32l4xx_hal_rcc_ex.o
 .comment       0x00000043       0x44 ./Drivers/STM32L4xx_HAL_Driver/Src/stm32l4xx_hal_tim.o
 .comment       0x00000043       0x44 ./Drivers/STM32L4xx_HAL_Driver/Src/stm32l4xx_hal_tim_ex.o
 .comment       0x00000043       0x44 ./Drivers/STM32L4xx_HAL_Driver/Src/stm32l4xx_hal_uart.o
 .comment       0x00000043       0x44 ./Drivers/STM32L4xx_HAL_Driver/Src/stm32l4xx_hal_uart_ex.o

.debug_frame    0x00000000     0x4ae8
 .debug_frame   0x00000000      0x15c ./Core/Src/App_KeyDisplay.o
 .debug_frame   0x0000015c       0x7c ./Core/Src/Display.o
 .debug_frame   0x000001d8       0x5c ./Core/Src/HAL.o
 .debug_frame   0x00000234      0x128 ./Core/Src/Key.o
 .debug_frame   0x0000035c      0x118 ./Core/Src/main.o
 .debug_frame   0x00000474      0x13c ./Core/Src/shiftreg.o
 .debug_frame   0x000005b0       0xcc ./Core/Src/stm32l4xx_hal_msp.o
 .debug_frame   0x0000067c      0x13c ./Core/Src/stm32l4xx_it.o
 .debug_frame   0x000007b8       0x34 ./Core/Src/sysmem.o
 .debug_frame   0x000007ec       0x58 ./Core/Src/system_stm32l4xx.o
 .debug_frame   0x00000844       0x88 ./Core/Src/timer.o
 .debug_frame   0x000008cc      0x498 ./Drivers/STM32L4xx_HAL_Driver/Src/stm32l4xx_hal.o
 .debug_frame   0x00000d64      0x4e8 ./Drivers/STM32L4xx_HAL_Driver/Src/stm32l4xx_hal_cortex.o
 .debug_frame   0x0000124c      0x204 ./Drivers/STM32L4xx_HAL_Driver/Src/stm32l4xx_hal_dma.o
 .debug_frame   0x00001450      0x14c ./Drivers/STM32L4xx_HAL_Driver/Src/stm32l4xx_hal_gpio.o
 .debug_frame   0x0000159c      0x584 ./Drivers/STM32L4xx_HAL_Driver/Src/stm32l4xx_hal_pwr_ex.o
 .debug_frame   0x00001b20      0x21c ./Drivers/STM32L4xx_HAL_Driver/Src/stm32l4xx_hal_rcc.o
 .debug_frame   0x00001d3c      0x2fc ./Drivers/STM32L4xx_HAL_Driver/Src/stm32l4xx_hal_rcc_ex.o
 .debug_frame   0x00002038     0x121c ./Drivers/STM32L4xx_HAL_Driver/Src/stm32l4xx_hal_tim.o
 .debug_frame   0x00003254      0x6b0 ./Drivers/STM32L4xx_HAL_Driver/Src/stm32l4xx_hal_tim_ex.o
 .debug_frame   0x00003904      0x9f4 ./Drivers/STM32L4xx_HAL_Driver/Src/stm32l4xx_hal_uart.o
 .debug_frame   0x000042f8      0x204 ./Drivers/STM32L4xx_HAL_Driver/Src/stm32l4xx_hal_uart_ex.o
 .debug_frame   0x000044fc       0x74 /Applications/STM32CubeIDE.app/Contents/Eclipse/plugins/com.st.stm32cube.ide.mcu.externaltools.gnu-tools-for-stm32.13.3.rel1.macos64_1.0.0.202411102158/tools/bin/../lib/gcc/arm-none-eabi/13.3.1/../../../../arm-none-eabi/lib/thumb/v7e-m+fp/hard/libc_nano.a(libc_a-sprintf.o)
 .debug_frame   0x00004570      0x144 /Applications/STM32CubeIDE.app/Contents/Eclipse/plugins/com.st.stm32cube.ide.mcu.externaltools.gnu-tools-for-stm32.13.3.rel1.macos64_1.0.0.202411102158/tools/bin/../lib/gcc/arm-none-eabi/13.3.1/../../../../arm-none-eabi/lib/thumb/v7e-m+fp/hard/libc_nano.a(libc_a-findfp.o)
 .debug_frame   0x000046b4       0x20 /Applications/STM32CubeIDE.app/Contents/Eclipse/plugins/com.st.stm32cube.ide.mcu.externaltools.gnu-tools-for-stm32.13.3.rel1.macos64_1.0.0.202411102158/tools/bin/../lib/gcc/arm-none-eabi/13.3.1/../../../../arm-none-eabi/lib/thumb/v7e-m+fp/hard/libc_nano.a(libc_a-memset.o)
 .debug_frame   0x000046d4       0x20 /Applications/STM32CubeIDE.app/Contents/Eclipse/plugins/com.st.stm32cube.ide.mcu.externaltools.gnu-tools-for-stm32.13.3.rel1.macos64_1.0.0.202411102158/tools/bin/../lib/gcc/arm-none-eabi/13.3.1/../../../../arm-none-eabi/lib/thumb/v7e-m+fp/hard/libc_nano.a(libc_a-errno.o)
 .debug_frame   0x000046f4       0x2c /Applications/STM32CubeIDE.app/Contents/Eclipse/plugins/com.st.stm32cube.ide.mcu.externaltools.gnu-tools-for-stm32.13.3.rel1.macos64_1.0.0.202411102158/tools/bin/../lib/gcc/arm-none-eabi/13.3.1/../../../../arm-none-eabi/lib/thumb/v7e-m+fp/hard/libc_nano.a(libc_a-init.o)
 .debug_frame   0x00004720       0xb0 /Applications/STM32CubeIDE.app/Contents/Eclipse/plugins/com.st.stm32cube.ide.mcu.externaltools.gnu-tools-for-stm32.13.3.rel1.macos64_1.0.0.202411102158/tools/bin/../lib/gcc/arm-none-eabi/13.3.1/../../../../arm-none-eabi/lib/thumb/v7e-m+fp/hard/libc_nano.a(libc_a-lock.o)
 .debug_frame   0x000047d0       0x28 /Applications/STM32CubeIDE.app/Contents/Eclipse/plugins/com.st.stm32cube.ide.mcu.externaltools.gnu-tools-for-stm32.13.3.rel1.macos64_1.0.0.202411102158/tools/bin/../lib/gcc/arm-none-eabi/13.3.1/../../../../arm-none-eabi/lib/thumb/v7e-m+fp/hard/libc_nano.a(libc_a-memcpy-stub.o)
 .debug_frame   0x000047f8       0x90 /Applications/STM32CubeIDE.app/Contents/Eclipse/plugins/com.st.stm32cube.ide.mcu.externaltools.gnu-tools-for-stm32.13.3.rel1.macos64_1.0.0.202411102158/tools/bin/../lib/gcc/arm-none-eabi/13.3.1/../../../../arm-none-eabi/lib/thumb/v7e-m+fp/hard/libc_nano.a(libc_a-nano-svfprintf.o)
 .debug_frame   0x00004888       0x50 /Applications/STM32CubeIDE.app/Contents/Eclipse/plugins/com.st.stm32cube.ide.mcu.externaltools.gnu-tools-for-stm32.13.3.rel1.macos64_1.0.0.202411102158/tools/bin/../lib/gcc/arm-none-eabi/13.3.1/../../../../arm-none-eabi/lib/thumb/v7e-m+fp/hard/libc_nano.a(libc_a-mallocr.o)
 .debug_frame   0x000048d8       0x60 /Applications/STM32CubeIDE.app/Contents/Eclipse/plugins/com.st.stm32cube.ide.mcu.externaltools.gnu-tools-for-stm32.13.3.rel1.macos64_1.0.0.202411102158/tools/bin/../lib/gcc/arm-none-eabi/13.3.1/../../../../arm-none-eabi/lib/thumb/v7e-m+fp/hard/libc_nano.a(libc_a-nano-vfprintf_i.o)
 .debug_frame   0x00004938       0x30 /Applications/STM32CubeIDE.app/Contents/Eclipse/plugins/com.st.stm32cube.ide.mcu.externaltools.gnu-tools-for-stm32.13.3.rel1.macos64_1.0.0.202411102158/tools/bin/../lib/gcc/arm-none-eabi/13.3.1/../../../../arm-none-eabi/lib/thumb/v7e-m+fp/hard/libc_nano.a(libc_a-mlock.o)
 .debug_frame   0x00004968       0x3c /Applications/STM32CubeIDE.app/Contents/Eclipse/plugins/com.st.stm32cube.ide.mcu.externaltools.gnu-tools-for-stm32.13.3.rel1.macos64_1.0.0.202411102158/tools/bin/../lib/gcc/arm-none-eabi/13.3.1/../../../../arm-none-eabi/lib/thumb/v7e-m+fp/hard/libc_nano.a(libc_a-reallocr.o)
 .debug_frame   0x000049a4       0x28 /Applications/STM32CubeIDE.app/Contents/Eclipse/plugins/com.st.stm32cube.ide.mcu.externaltools.gnu-tools-for-stm32.13.3.rel1.macos64_1.0.0.202411102158/tools/bin/../lib/gcc/arm-none-eabi/13.3.1/../../../../arm-none-eabi/lib/thumb/v7e-m+fp/hard/libc_nano.a(libc_a-memmove.o)
 .debug_frame   0x000049cc       0x2c /Applications/STM32CubeIDE.app/Contents/Eclipse/plugins/com.st.stm32cube.ide.mcu.externaltools.gnu-tools-for-stm32.13.3.rel1.macos64_1.0.0.202411102158/tools/bin/../lib/gcc/arm-none-eabi/13.3.1/../../../../arm-none-eabi/lib/thumb/v7e-m+fp/hard/libc_nano.a(libc_a-sbrkr.o)
 .debug_frame   0x000049f8       0x38 /Applications/STM32CubeIDE.app/Contents/Eclipse/plugins/com.st.stm32cube.ide.mcu.externaltools.gnu-tools-for-stm32.13.3.rel1.macos64_1.0.0.202411102158/tools/bin/../lib/gcc/arm-none-eabi/13.3.1/../../../../arm-none-eabi/lib/thumb/v7e-m+fp/hard/libc_nano.a(libc_a-reent.o)
 .debug_frame   0x00004a30       0x38 /Applications/STM32CubeIDE.app/Contents/Eclipse/plugins/com.st.stm32cube.ide.mcu.externaltools.gnu-tools-for-stm32.13.3.rel1.macos64_1.0.0.202411102158/tools/bin/../lib/gcc/arm-none-eabi/13.3.1/../../../../arm-none-eabi/lib/thumb/v7e-m+fp/hard/libc_nano.a(libc_a-freer.o)
 .debug_frame   0x00004a68       0x20 /Applications/STM32CubeIDE.app/Contents/Eclipse/plugins/com.st.stm32cube.ide.mcu.externaltools.gnu-tools-for-stm32.13.3.rel1.macos64_1.0.0.202411102158/tools/bin/../lib/gcc/arm-none-eabi/13.3.1/../../../../arm-none-eabi/lib/thumb/v7e-m+fp/hard/libc_nano.a(libc_a-msizer.o)
 .debug_frame   0x00004a88       0x2c /Applications/STM32CubeIDE.app/Contents/Eclipse/plugins/com.st.stm32cube.ide.mcu.externaltools.gnu-tools-for-stm32.13.3.rel1.macos64_1.0.0.202411102158/tools/bin/../lib/gcc/arm-none-eabi/13.3.1/thumb/v7e-m+fp/hard/libgcc.a(_aeabi_uldivmod.o)
 .debug_frame   0x00004ab4       0x34 /Applications/STM32CubeIDE.app/Contents/Eclipse/plugins/com.st.stm32cube.ide.mcu.externaltools.gnu-tools-for-stm32.13.3.rel1.macos64_1.0.0.202411102158/tools/bin/../lib/gcc/arm-none-eabi/13.3.1/thumb/v7e-m+fp/hard/libgcc.a(_udivmoddi4.o)

.debug_line_str
                0x00000000       0x83
 .debug_line_str
                0x00000000       0x83 ./Core/Startup/startup_stm32l476rgtx.o