../Core/Src/main.c:29:6:HAL_GPIO_EXTI_Callback	16	static
../Core/Src/main.c:34:6:HAL_UART_RxCpltCallback	16	static
../Core/Src/main.c:39:6:HAL_TIM_PeriodElapsedCallback	16	static
../Core/Src/main.c:54:5:main	8	static
../Core/Src/main.c:105:6:SystemClock_Config	96	static
../Core/Src/main.c:155:13:MX_SPI1_Init	8	static
../Core/Src/main.c:195:13:MX_TIM2_Init	40	static
../Core/Src/main.c:240:13:MX_TIM5_Init	40	static
../Core/Src/main.c:285:13:MX_USART2_UART_Init	8	static
../Core/Src/main.c:320:13:MX_GPIO_Init	40	static
../Core/Src/main.c:413:6:Error_Handler	4	static,ignoring_inline_asm
