../Core/Src/main.c:38:6:HAL_GPIO_EXTI_Callback	16	static
../Core/Src/main.c:43:6:HAL_UART_RxCpltCallback	16	static
../Core/Src/main.c:48:6:HAL_TIM_PeriodElapsedCallback	16	static
../Core/Src/main.c:53:5:main	8	static
../Core/Src/main.c:92:6:SystemClock_Config	96	static
../Core/Src/main.c:142:13:MX_SPI1_Init	8	static
../Core/Src/main.c:182:13:MX_TIM2_Init	40	static
../Core/Src/main.c:227:13:MX_TIM5_Init	40	static
../Core/Src/main.c:272:13:MX_USART2_UART_Init	8	static
../Core/Src/main.c:307:13:MX_GPIO_Init	40	static
../Core/Src/main.c:372:6:Error_Handler	4	static,ignoring_inline_asm
