../Core/Src/radio.c:80:13:cs_high	8	static
../Core/Src/radio.c:85:13:cs_low	8	static
../Core/Src/radio.c:90:13:ce_high	8	static
../Core/Src/radio.c:95:13:ce_low	8	static
../Core/Src/radio.c:100:16:read_register	32	static
../Core/Src/radio.c:114:16:write_register	32	static
../Core/Src/radio.c:130:6:nrf24l01p_rx_init	16	static
../Core/Src/radio.c:155:6:nrf24l01p_tx_init	16	static
../Core/Src/radio.c:178:6:nrf24l01p_rx_receive	16	static
../Core/Src/radio.c:186:6:nrf24l01p_tx_transmit	16	static
../Core/Src/radio.c:191:6:nrf24l01p_tx_irq	16	static
../Core/Src/radio.c:212:6:nrf24l01p_reset	8	static
../Core/Src/radio.c:243:6:nrf24l01p_prx_mode	16	static
../Core/Src/radio.c:251:6:nrf24l01p_ptx_mode	16	static
../Core/Src/radio.c:259:9:nrf24l01p_read_rx_fifo	32	static
../Core/Src/radio.c:272:9:nrf24l01p_write_tx_fifo	32	static
../Core/Src/radio.c:285:6:nrf24l01p_flush_rx_fifo	24	static
../Core/Src/radio.c:295:6:nrf24l01p_flush_tx_fifo	24	static
../Core/Src/radio.c:305:9:nrf24l01p_get_status	24	static
../Core/Src/radio.c:317:9:nrf24l01p_get_fifo_status	8	static
../Core/Src/radio.c:322:6:nrf24l01p_rx_set_payload_widths	16	static
../Core/Src/radio.c:327:6:nrf24l01p_clear_rx_dr	16	static
../Core/Src/radio.c:335:6:nrf24l01p_clear_tx_ds	16	static
../Core/Src/radio.c:343:6:nrf24l01p_clear_max_rt	16	static
../Core/Src/radio.c:351:6:nrf24l01p_power_up	16	static
../Core/Src/radio.c:359:6:nrf24l01p_power_down	16	static
../Core/Src/radio.c:367:6:nrf24l01p_set_crc_length	24	static
../Core/Src/radio.c:386:6:nrf24l01p_set_address_widths	16	static
../Core/Src/radio.c:391:6:nrf24l01p_auto_retransmit_count	24	static
../Core/Src/radio.c:401:6:nrf24l01p_auto_retransmit_delay	24	static
../Core/Src/radio.c:411:6:nrf24l01p_set_rf_channel	24	static
../Core/Src/radio.c:417:6:nrf24l01p_set_rf_tx_output_power	24	static
../Core/Src/radio.c:425:6:nrf24l01p_set_rf_air_data_rate	24	static
