../Core/Src/radio.c:80:13:cs_high	8	static
../Core/Src/radio.c:85:13:cs_low	8	static
../Core/Src/radio.c:90:13:ce_high	8	static
../Core/Src/radio.c:95:13:ce_low	8	static
../Core/Src/radio.c:100:16:read_register	32	static
../Core/Src/radio.c:114:16:write_register	32	static
../Core/Src/radio.c:130:6:nrf24l01p_rx_init	16	static
../Core/Src/radio.c:154:6:nrf24l01p_tx_init	16	static
../Core/Src/radio.c:176:6:nrf24l01p_rx_receive	16	static
../Core/Src/radio.c:184:6:nrf24l01p_tx_transmit	16	static
../Core/Src/radio.c:189:6:nrf24l01p_tx_irq	16	static
../Core/Src/radio.c:210:6:nrf24l01p_reset	8	static
../Core/Src/radio.c:241:6:nrf24l01p_prx_mode	16	static
../Core/Src/radio.c:249:6:nrf24l01p_ptx_mode	16	static
../Core/Src/radio.c:257:9:nrf24l01p_read_rx_fifo	32	static
../Core/Src/radio.c:270:9:nrf24l01p_write_tx_fifo	32	static
../Core/Src/radio.c:283:6:nrf24l01p_flush_rx_fifo	24	static
../Core/Src/radio.c:293:6:nrf24l01p_flush_tx_fifo	24	static
../Core/Src/radio.c:303:9:nrf24l01p_get_status	24	static
../Core/Src/radio.c:315:9:nrf24l01p_get_fifo_status	8	static
../Core/Src/radio.c:320:6:nrf24l01p_rx_set_payload_widths	16	static
../Core/Src/radio.c:325:6:nrf24l01p_clear_rx_dr	16	static
../Core/Src/radio.c:333:6:nrf24l01p_clear_tx_ds	16	static
../Core/Src/radio.c:341:6:nrf24l01p_clear_max_rt	16	static
../Core/Src/radio.c:349:6:nrf24l01p_power_up	16	static
../Core/Src/radio.c:357:6:nrf24l01p_power_down	16	static
../Core/Src/radio.c:365:6:nrf24l01p_set_crc_length	24	static
../Core/Src/radio.c:384:6:nrf24l01p_set_address_widths	16	static
../Core/Src/radio.c:389:6:nrf24l01p_auto_retransmit_count	24	static
../Core/Src/radio.c:399:6:nrf24l01p_auto_retransmit_delay	24	static
../Core/Src/radio.c:409:6:nrf24l01p_set_rf_channel	24	static
../Core/Src/radio.c:415:6:nrf24l01p_set_rf_tx_output_power	24	static
../Core/Src/radio.c:423:6:nrf24l01p_set_rf_air_data_rate	24	static
