../Core/Src/keypad.c:11:6:KeypadClear	16	static
../Core/Src/keypad.c:24:6:KeypadScan	16	static
../Core/Src/keypad.c:162:6:KeyProcess	32	static
../Core/Src/keypad.c:193:6:key1	8	static
../Core/Src/keypad.c:206:6:key2	8	static
../Core/Src/keypad.c:217:6:key3	8	static
../Core/Src/keypad.c:228:6:key4	8	static
../Core/Src/keypad.c:239:6:key5	8	static
../Core/Src/keypad.c:250:6:key6	8	static
../Core/Src/keypad.c:262:6:key7	4	static
../Core/Src/keypad.c:272:6:key8	4	static
../Core/Src/keypad.c:281:6:key9	4	static
../Core/Src/keypad.c:290:6:key0	8	static
../Core/Src/keypad.c:299:6:keyS	8	static
../Core/Src/keypad.c:307:6:keyP	8	static
